Archive member included because of file (symbol)

c:/program files (x86)/gnu tools arm embedded/4.8 2014q3/bin/../lib/gcc/arm-none-eabi/4.8.4/../../../../arm-none-eabi/lib/armv7-m\libc_s.a(lib_a-memcpy-stub.o)
                              build/25519/ed25519.o (memcpy)
c:/program files (x86)/gnu tools arm embedded/4.8 2014q3/bin/../lib/gcc/arm-none-eabi/4.8.4/../../../../arm-none-eabi/lib/armv7-m\libc_s.a(lib_a-memmem.o)
                              build/image.o (memmem)
c:/program files (x86)/gnu tools arm embedded/4.8 2014q3/bin/../lib/gcc/arm-none-eabi/4.8.4/../../../../arm-none-eabi/lib/armv7-m\libc_s.a(lib_a-memset.o)
                              build/hardware.o (memset)
c:/program files (x86)/gnu tools arm embedded/4.8 2014q3/bin/../lib/gcc/arm-none-eabi/4.8.4/../../../../arm-none-eabi/lib/armv7-m\libc_s.a(lib_a-vsprintf.o)
                              build/hardware.o (vsprintf)
c:/program files (x86)/gnu tools arm embedded/4.8 2014q3/bin/../lib/gcc/arm-none-eabi/4.8.4/../../../../arm-none-eabi/lib/armv7-m\libc_s.a(lib_a-impure.o)
                              c:/program files (x86)/gnu tools arm embedded/4.8 2014q3/bin/../lib/gcc/arm-none-eabi/4.8.4/../../../../arm-none-eabi/lib/armv7-m\libc_s.a(lib_a-vsprintf.o) (_impure_ptr)
c:/program files (x86)/gnu tools arm embedded/4.8 2014q3/bin/../lib/gcc/arm-none-eabi/4.8.4/../../../../arm-none-eabi/lib/armv7-m\libc_s.a(lib_a-memcmp.o)
                              c:/program files (x86)/gnu tools arm embedded/4.8 2014q3/bin/../lib/gcc/arm-none-eabi/4.8.4/../../../../arm-none-eabi/lib/armv7-m\libc_s.a(lib_a-memmem.o) (memcmp)
c:/program files (x86)/gnu tools arm embedded/4.8 2014q3/bin/../lib/gcc/arm-none-eabi/4.8.4/../../../../arm-none-eabi/lib/armv7-m\libc_s.a(lib_a-svfprintf.o)
                              c:/program files (x86)/gnu tools arm embedded/4.8 2014q3/bin/../lib/gcc/arm-none-eabi/4.8.4/../../../../arm-none-eabi/lib/armv7-m\libc_s.a(lib_a-vsprintf.o) (_svfprintf_r)
c:/program files (x86)/gnu tools arm embedded/4.8 2014q3/bin/../lib/gcc/arm-none-eabi/4.8.4/../../../../arm-none-eabi/lib/armv7-m\libc_s.a(lib_a-vfprintf_i.o)
                              c:/program files (x86)/gnu tools arm embedded/4.8 2014q3/bin/../lib/gcc/arm-none-eabi/4.8.4/../../../../arm-none-eabi/lib/armv7-m\libc_s.a(lib_a-svfprintf.o) (_printf_i)
c:/program files (x86)/gnu tools arm embedded/4.8 2014q3/bin/../lib/gcc/arm-none-eabi/4.8.4/../../../../arm-none-eabi/lib/armv7-m\libc_s.a(lib_a-memchr-stub.o)
                              c:/program files (x86)/gnu tools arm embedded/4.8 2014q3/bin/../lib/gcc/arm-none-eabi/4.8.4/../../../../arm-none-eabi/lib/armv7-m\libc_s.a(lib_a-svfprintf.o) (memchr)
c:/program files (x86)/gnu tools arm embedded/4.8 2014q3/bin/../lib/gcc/arm-none-eabi/4.8.4/../../../../arm-none-eabi/lib/armv7-m\libc_s.a(lib_a-memmove.o)
                              c:/program files (x86)/gnu tools arm embedded/4.8 2014q3/bin/../lib/gcc/arm-none-eabi/4.8.4/../../../../arm-none-eabi/lib/armv7-m\libc_s.a(lib_a-svfprintf.o) (memmove)
c:/program files (x86)/gnu tools arm embedded/4.8 2014q3/bin/../lib/gcc/arm-none-eabi/4.8.4/../../../../arm-none-eabi/lib/armv7-m\libc_s.a(lib_a-nano-freer.o)
                              c:/program files (x86)/gnu tools arm embedded/4.8 2014q3/bin/../lib/gcc/arm-none-eabi/4.8.4/../../../../arm-none-eabi/lib/armv7-m\libc_s.a(lib_a-svfprintf.o) (_free_r)
c:/program files (x86)/gnu tools arm embedded/4.8 2014q3/bin/../lib/gcc/arm-none-eabi/4.8.4/../../../../arm-none-eabi/lib/armv7-m\libc_s.a(lib_a-nano-mallocr.o)
                              c:/program files (x86)/gnu tools arm embedded/4.8 2014q3/bin/../lib/gcc/arm-none-eabi/4.8.4/../../../../arm-none-eabi/lib/armv7-m\libc_s.a(lib_a-svfprintf.o) (_malloc_r)
c:/program files (x86)/gnu tools arm embedded/4.8 2014q3/bin/../lib/gcc/arm-none-eabi/4.8.4/../../../../arm-none-eabi/lib/armv7-m\libc_s.a(lib_a-nano-reallocr.o)
                              c:/program files (x86)/gnu tools arm embedded/4.8 2014q3/bin/../lib/gcc/arm-none-eabi/4.8.4/../../../../arm-none-eabi/lib/armv7-m\libc_s.a(lib_a-svfprintf.o) (_realloc_r)
c:/program files (x86)/gnu tools arm embedded/4.8 2014q3/bin/../lib/gcc/arm-none-eabi/4.8.4/../../../../arm-none-eabi/lib/armv7-m\libc_s.a(lib_a-sbrkr.o)
                              c:/program files (x86)/gnu tools arm embedded/4.8 2014q3/bin/../lib/gcc/arm-none-eabi/4.8.4/../../../../arm-none-eabi/lib/armv7-m\libc_s.a(lib_a-nano-mallocr.o) (_sbrk_r)
c:/program files (x86)/gnu tools arm embedded/4.8 2014q3/bin/../lib/gcc/arm-none-eabi/4.8.4/../../../../arm-none-eabi/lib/armv7-m\libc_s.a(lib_a-strlen.o)
                              c:/program files (x86)/gnu tools arm embedded/4.8 2014q3/bin/../lib/gcc/arm-none-eabi/4.8.4/../../../../arm-none-eabi/lib/armv7-m\libc_s.a(lib_a-vfprintf_i.o) (strlen)
[...]
Memory Configuration

Name             Origin             Length             Attributes
FLASH            0x00000000         0x00020000         xr
RAM              0x20000000         0x00005000         xrw
*default*        0x00000000         0xffffffff

Linker script and memory map

LOAD build/stm32_lib/c_only_startup.o
LOAD build/stm32_lib/cortexm3_macro.o
LOAD build/usb.o
LOAD build/usb_callbacks.o
LOAD build/usb_descriptor.o
LOAD build/main.o
LOAD build/hardware.o
LOAD build/dfu.o
LOAD build/25519/c25519.o
LOAD build/25519/ed25519.o
LOAD build/25519/edsign.o
LOAD build/25519/f25519.o
LOAD build/25519/fprime.o
LOAD build/25519/morph25519.o
LOAD build/25519/sha256.o
LOAD build/25519/sha512.o
LOAD build/image.o
LOAD build/usb_lib/usb_regs.o
LOAD build/usb_lib/usb_int.o
LOAD build/usb_lib/usb_init.o
LOAD build/usb_lib/usb_core.o
LOAD build/usb_lib/usb_mem.o
LOAD c:/program files (x86)/gnu tools arm embedded/4.8 2014q3/bin/../lib/gcc/arm-none-eabi/4.8.4/../../../../arm-none-eabi/lib/armv7-m\libc_s.a
LOAD c:/program files (x86)/gnu tools arm embedded/4.8 2014q3/bin/../lib/gcc/arm-none-eabi/4.8.4/armv7-m\libgcc.a
LOAD .\libstm32fw.a
START GROUP
LOAD c:/program files (x86)/gnu tools arm embedded/4.8 2014q3/bin/../lib/gcc/arm-none-eabi/4.8.4/armv7-m\libgcc.a
LOAD c:/program files (x86)/gnu tools arm embedded/4.8 2014q3/bin/../lib/gcc/arm-none-eabi/4.8.4/../../../../arm-none-eabi/lib/armv7-m\libg_s.a
LOAD c:/program files (x86)/gnu tools arm embedded/4.8 2014q3/bin/../lib/gcc/arm-none-eabi/4.8.4/../../../../arm-none-eabi/lib/armv7-m\libc_s.a
END GROUP
START GROUP
LOAD c:/program files (x86)/gnu tools arm embedded/4.8 2014q3/bin/../lib/gcc/arm-none-eabi/4.8.4/armv7-m\libgcc.a
LOAD c:/program files (x86)/gnu tools arm embedded/4.8 2014q3/bin/../lib/gcc/arm-none-eabi/4.8.4/../../../../arm-none-eabi/lib/armv7-m\libc_s.a
LOAD c:/program files (x86)/gnu tools arm embedded/4.8 2014q3/bin/../lib/gcc/arm-none-eabi/4.8.4/../../../../arm-none-eabi/lib/armv7-m\libnosys.a
END GROUP
START GROUP
LOAD c:/program files (x86)/gnu tools arm embedded/4.8 2014q3/bin/../lib/gcc/arm-none-eabi/4.8.4/armv7-m\libgcc.a
LOAD c:/program files (x86)/gnu tools arm embedded/4.8 2014q3/bin/../lib/gcc/arm-none-eabi/4.8.4/../../../../arm-none-eabi/lib/armv7-m\libc_s.a
LOAD c:/program files (x86)/gnu tools arm embedded/4.8 2014q3/bin/../lib/gcc/arm-none-eabi/4.8.4/../../../../arm-none-eabi/lib/armv7-m\libnosys.a
END GROUP
                0x00000800                __Stack_Size = 0x800
                0x00000800                PROVIDE (_Stack_Size, __Stack_Size)
                0x20004800                __Stack_Init = (_estack - __Stack_Size)
                0x20004800                PROVIDE (_Stack_Init, __Stack_Init)
                0x00000100                _Minimum_Stack_Size = 0x100
                0x20005000                _estack = 0x20005000

.isr_vector     0x00000000       0xf0
                0x00000000                . = ALIGN (0x4)
 *(.isr_vector)
 .isr_vector    0x00000000       0xf0 build/stm32_lib/c_only_startup.o
                0x00000000                g_pfnVectors
                0x000000f0                . = ALIGN (0x4)

.flashtext      0x000000f0        0x0
                0x000000f0                . = ALIGN (0x4)
 *(.flashtext)
                0x000000f0                . = ALIGN (0x4)

.text           0x000000f0     0x7428
                0x000000f0                . = ALIGN (0x4)
 *(.text)
 .text          0x000000f0      0x2e8 .\libstm32fw.a(stm32f10x_gpio.o)
                0x000000f0                GPIO_DeInit
                0x000001cc                GPIO_AFIODeInit
                0x000001e4                GPIO_Init
                0x000002a8                GPIO_StructInit
                0x000002b8                GPIO_ReadInputDataBit
                0x000002c4                GPIO_ReadInputData
                0x000002cc                GPIO_ReadOutputDataBit
                0x000002d8                GPIO_ReadOutputData
                0x000002e0                GPIO_SetBits
                0x000002e4                GPIO_ResetBits
                0x000002e8                GPIO_WriteBit
                0x000002f4                GPIO_Write
                0x000002f8                GPIO_PinLockConfig
                0x00000308                GPIO_EventOutputConfig
                0x00000328                GPIO_EventOutputCmd
                0x00000334                GPIO_PinRemapConfig
                0x000003a0                GPIO_EXTILineConfig
                0x000003cc                GPIO_ETH_MediaInterfaceConfig
 .text          0x000003d8      0x360 .\libstm32fw.a(stm32f10x_rcc.o)
                0x000003d8                RCC_DeInit
                0x00000418                RCC_HSEConfig
                0x00000450                RCC_WaitForHSEStartUp
                0x00000488                RCC_AdjustHSICalibrationValue
                0x0000049c                RCC_HSICmd
                0x000004a8                RCC_PLLConfig
                0x000004bc                RCC_PLLCmd
                0x000004c8                RCC_SYSCLKConfig
                0x000004dc                RCC_GetSYSCLKSource
                0x000004ec                RCC_HCLKConfig
                0x00000500                RCC_PCLK1Config
                0x00000514                RCC_PCLK2Config
                0x00000528                RCC_ITConfig
                0x00000540                RCC_USBCLKConfig
                0x0000054c                RCC_ADCCLKConfig
                0x00000560                RCC_LSEConfig
                0x00000580                RCC_LSICmd
                0x0000058c                RCC_RTCCLKConfig
                0x0000059c                RCC_RTCCLKCmd
                0x000005a8                RCC_GetClocksFreq
                0x00000638                RCC_AHBPeriphClockCmd
                0x00000650                RCC_APB2PeriphClockCmd
                0x00000668                RCC_APB1PeriphClockCmd
                0x00000680                RCC_APB2PeriphResetCmd
                0x00000698                RCC_APB1PeriphResetCmd
                0x000006b0                RCC_BackupResetCmd
                0x000006bc                RCC_ClockSecuritySystemCmd
                0x000006c8                RCC_MCOConfig
                0x000006d4                RCC_GetFlagStatus
                0x00000708                RCC_ClearFlag
                0x00000718                RCC_GetITStatus
                0x0000072c                RCC_ClearITPendingBit
 .text          0x00000738      0x414 .\libstm32fw.a(stm32f10x_usart.o)
                0x00000738                USART_DeInit
                0x000007e8                USART_Init
                0x000008a4                USART_StructInit
                0x000008bc                USART_ClockInit
                0x000008e0                USART_ClockStructInit
                0x000008ec                USART_Cmd
                0x00000908                USART_ITConfig
                0x00000944                USART_DMACmd
                0x00000958                USART_SetAddress
                0x00000970                USART_WakeUpConfig
                0x00000988                USART_ReceiverWakeUpCmd
                0x000009a4                USART_LINBreakDetectLengthConfig
                0x000009bc                USART_LINCmd
                0x000009d8                USART_SendData
                0x000009e0                USART_ReceiveData
                0x000009e8                USART_SendBreak
                0x000009f4                USART_SetGuardTime
                0x00000a08                USART_SetPrescaler
                0x00000a1c                USART_SmartCardCmd
                0x00000a38                USART_SmartCardNACKCmd
                0x00000a54                USART_HalfDuplexCmd
                0x00000a70                USART_OverSampling8Cmd
                0x00000a8c                USART_OneBitMethodCmd
                0x00000aa8                USART_IrDAConfig
                0x00000ac0                USART_IrDACmd
                0x00000adc                USART_GetFlagStatus
                0x00000ae8                USART_ClearFlag
                0x00000af0                USART_GetITStatus
                0x00000b3c                USART_ClearITPendingBit
 *(.text.*)
 .text.Reset_Handler
                0x00000b4c       0x48 build/stm32_lib/c_only_startup.o
                0x00000b4c                Reset_Handler
 .text.Default_Handler
                0x00000b94        0x4 build/stm32_lib/c_only_startup.o
                0x00000b94                EXTI2_IRQHandler
                0x00000b94                DebugMon_Handler
                0x00000b94                TIM1_CC_IRQHandler
                0x00000b94                HardFault_Handler
                0x00000b94                SysTick_Handler
                0x00000b94                PVD_IRQHandler
                0x00000b94                PendSV_Handler
                0x00000b94                NMI_Handler
                0x00000b94                EXTI3_IRQHandler
                0x00000b94                EXTI0_IRQHandler
                0x00000b94                I2C2_EV_IRQHandler
                0x00000b94                UsageFault_Handler
                0x00000b94                ADC1_2_IRQHandler
                0x00000b94                SPI1_IRQHandler
                0x00000b94                TAMPER_IRQHandler
                0x00000b94                DMA1_Channel4_IRQHandler
                0x00000b94                USART3_IRQHandler
                0x00000b94                RTC_IRQHandler
                0x00000b94                DMA1_Channel7_IRQHandler
                0x00000b94                CAN1_RX1_IRQHandler
                0x00000b94                TIM4_IRQHandler
                0x00000b94                I2C1_EV_IRQHandler
                0x00000b94                DMA1_Channel6_IRQHandler
                0x00000b94                TIM3_IRQHandler
                0x00000b94                RCC_IRQHandler
                0x00000b94                TIM1_TRG_COM_IRQHandler
                0x00000b94                DMA1_Channel1_IRQHandler
                0x00000b94                Default_Handler
                0x00000b94                EXTI15_10_IRQHandler
                0x00000b94                EXTI9_5_IRQHandler
                0x00000b94                SPI2_IRQHandler
                0x00000b94                MemManage_Handler
                0x00000b94                SVC_Handler
                0x00000b94                DMA1_Channel5_IRQHandler
                0x00000b94                EXTI4_IRQHandler
                0x00000b94                USB_HP_CAN1_TX_IRQHandler
                0x00000b94                DMA1_Channel3_IRQHandler
                0x00000b94                TIM1_UP_IRQHandler
                0x00000b94                WWDG_IRQHandler
                0x00000b94                TIM2_IRQHandler
                0x00000b94                TIM1_BRK_IRQHandler
                0x00000b94                EXTI1_IRQHandler
                0x00000b94                RTCAlarm_IRQHandler
                0x00000b94                USART2_IRQHandler
                0x00000b94                I2C2_ER_IRQHandler
                0x00000b94                DMA1_Channel2_IRQHandler
                0x00000b94                CAN1_SCE_IRQHandler
                0x00000b94                FLASH_IRQHandler
                0x00000b94                BusFault_Handler
                0x00000b94                USART1_IRQHandler
                0x00000b94                I2C1_ER_IRQHandler
                0x00000b94                USBWakeUp_IRQHandler
 .text.nothingProc
                0x00000b98        0x2 build/usb.o
                0x00000b98                nothingProc
 .text.usbStatusIn
                0x00000b9a        0x2 build/usb.o
                0x00000b9a                usbStatusIn
 .text.usbStatusOut
                0x00000b9c        0x2 build/usb.o
                0x00000b9c                usbStatusOut
 .text.usbGetInterfaceSetting
                0x00000b9e        0xa build/usb.o
                0x00000b9e                usbGetInterfaceSetting
 .text.usbGetConfiguration
                0x00000ba8        0x2 build/usb.o
                0x00000ba8                usbGetConfiguration
 *fill*         0x00000baa        0x2 
 .text.usbSetConfiguration
                0x00000bac       0x18 build/usb.o
                0x00000bac                usbSetConfiguration
 .text.usbGetInterface
                0x00000bc4        0x2 build/usb.o
                0x00000bc4                usbGetInterface
 .text.usbSetInterface
                0x00000bc6        0x2 build/usb.o
                0x00000bc6                usbSetInterface
 .text.usbGetStatus
                0x00000bc8        0x2 build/usb.o
                0x00000bc8                usbGetStatus
 .text.usbClearFeature
                0x00000bca        0x2 build/usb.o
                0x00000bca                usbClearFeature
 .text.usbSetEndpointFeature
                0x00000bcc        0x2 build/usb.o
                0x00000bcc                usbSetEndpointFeature
 .text.usbSetDeviceFeature
                0x00000bce        0x2 build/usb.o
                0x00000bce                usbSetDeviceFeature
 .text.usbSetDeviceAddress
                0x00000bd0        0xc build/usb.o
                0x00000bd0                usbSetDeviceAddress
 .text.usbReset
                0x00000bdc       0xa8 build/usb.o
                0x00000bdc                usbReset
 .text.usbDataSetup
                0x00000c84       0x60 build/usb.o
                0x00000c84                usbDataSetup
 .text.usbGetDeviceDescriptor
                0x00000ce4        0xc build/usb.o
                0x00000ce4                usbGetDeviceDescriptor
 .text.usbGetConfigDescriptor
                0x00000cf0        0xc build/usb.o
                0x00000cf0                usbGetConfigDescriptor
 .text.usbGetStringDescriptor
                0x00000cfc       0x20 build/usb.o
                0x00000cfc                usbGetStringDescriptor
 .text.usbGetFunctionalDescriptor
                0x00000d1c        0xc build/usb.o
                0x00000d1c                usbGetFunctionalDescriptor
 .text.usbNoDataSetup
                0x00000d28       0x28 build/usb.o
                0x00000d28                usbNoDataSetup
 .text.setupUSB
                0x00000d50       0x68 build/usb.o
                0x00000d50                setupUSB
 .text.usbSuspend
                0x00000db8       0x1c build/usb.o
                0x00000db8                usbSuspend
 .text.usbResumeInit
                0x00000dd4       0x18 build/usb.o
                0x00000dd4                usbResumeInit
 .text.usbResume
                0x00000dec       0x84 build/usb.o
                0x00000dec                usbResume
 .text.usbPowerOn
                0x00000e70       0x48 build/usb.o
                0x00000e70                usbPowerOn
 .text.usbPowerOff
                0x00000eb8       0x3c build/usb.o
                0x00000eb8                usbPowerOff
 .text.usbDsbBus
                0x00000ef4        0x4 build/usb.o
                0x00000ef4                usbDsbBus
 .text.usbEnbISR
                0x00000ef8       0x24 build/usb.o
                0x00000ef8                usbEnbISR
 .text.usbInit  0x00000f1c       0x40 build/usb.o
                0x00000f1c                usbInit
 .text.usbDsbISR
                0x00000f5c       0x22 build/usb.o
                0x00000f5c                usbDsbISR
 *fill*         0x00000f7e        0x2 
 .text.USB_LP_CAN1_RX0_IRQHandler
                0x00000f80       0xb4 build/usb.o
                0x00000f80                USB_LP_CAN1_RX0_IRQHandler
 .text.print_hash
                0x00001034        0x2 build/main.o
                0x00001034                print_hash
 *fill*         0x00001036        0x2 
 .text.startup.main
                0x00001038       0xec build/main.o
                0x00001038                main
 .text.gpio_write_bit
                0x00001124       0x16 build/hardware.o
                0x00001124                gpio_write_bit
 .text.readPin  0x0000113a       0x12 build/hardware.o
                0x0000113a                readPin
 .text.strobePin
                0x0000114c       0x50 build/hardware.o
                0x0000114c                strobePin
 .text.UU_PutChar
                0x0000119c        0xa build/hardware.o
                0x0000119c                UU_PutChar
 .text.UU_PutString
                0x000011a6       0x16 build/hardware.o
                0x000011a6                UU_PutString
 .text.vprint   0x000011bc       0x28 build/hardware.o
                0x000011bc                vprint
 .text.uart_printf
                0x000011e4       0x1a build/hardware.o
                0x000011e4                uart_printf
 .text.hexdump  0x000011fe       0x2e build/hardware.o
                0x000011fe                hexdump
 .text.uartInit
                0x0000122c       0x88 build/hardware.o
                0x0000122c                uartInit
 .text.systemReset
                0x000012b4       0x48 build/hardware.o
                0x000012b4                systemReset
 .text.setupCLK
                0x000012fc       0x60 build/hardware.o
                0x000012fc                setupCLK
 .text.setupLEDAndButton
                0x0000135c       0x14 build/hardware.o
                0x0000135c                setupLEDAndButton
 .text.setupFLASH
                0x00001370       0x1c build/hardware.o
                0x00001370                setupFLASH
 .text.setMspAndJump
                0x0000138c       0x18 build/hardware.o
                0x0000138c                setMspAndJump
 .text.nvicInit
                0x000013a4       0x6c build/hardware.o
                0x000013a4                nvicInit
 .text.nvicDisableInterrupts
                0x00001410       0x24 build/hardware.o
                0x00001410                nvicDisableInterrupts
 .text.jumpToUser
                0x00001434       0x1e build/hardware.o
                0x00001434                jumpToUser
 *fill*         0x00001452        0x2 
 .text.systemHardReset
                0x00001454       0x14 build/hardware.o
                0x00001454                systemHardReset
 .text.flashErasePage
                0x00001468       0x34 build/hardware.o
                0x00001468                flashErasePage
 .text.flashWriteWord
                0x0000149c       0x4c build/hardware.o
                0x0000149c                flashWriteWord
 .text.flashLock
                0x000014e8        0xc build/hardware.o
                0x000014e8                flashLock
 .text.flashUnlock
                0x000014f4       0x18 build/hardware.o
                0x000014f4                flashUnlock
 .text.crMask   0x0000150c       0x12 build/hardware.o
                0x0000150c                crMask
 *fill*         0x0000151e        0x2 
 .text.getFlashEnd
                0x00001520       0x10 build/hardware.o
                0x00001520                getFlashEnd
 .text.getFlashPageSize
                0x00001530       0x18 build/hardware.o
                0x00001530                getFlashPageSize
 .text.dfuInit  0x00001548       0x88 build/dfu.o
                0x00001548                dfuInit
 .text.dfuUpdateByReset
                0x000015d0       0x44 build/dfu.o
                0x000015d0                dfuUpdateByReset
 .text.dfuCopyState
                0x00001614       0x18 build/dfu.o
                0x00001614                dfuCopyState
 .text.dfuCopyStatus
                0x0000162c       0x18 build/dfu.o
                0x0000162c                dfuCopyStatus
 .text.dfuCopyDNLOAD
                0x00001644       0x28 build/dfu.o
                0x00001644                dfuCopyDNLOAD
 .text.dfuCopyUPLOAD
                0x0000166c       0x34 build/dfu.o
                0x0000166c                dfuCopyUPLOAD
 .text.dfuCopyBufferToExec
                0x000016a0       0x5c build/dfu.o
                0x000016a0                dfuCopyBufferToExec
 .text.dfuUpdateByRequest
                0x000016fc      0x254 build/dfu.o
                0x000016fc                dfuUpdateByRequest
 .text.dfuUploadStarted
                0x00001950        0xc build/dfu.o
                0x00001950                dfuUploadStarted
 .text.dfuFinishUpload
                0x0000195c        0x2 build/dfu.o
                0x0000195c                dfuFinishUpload
 *fill*         0x0000195e        0x2 
 .text.ed25519_project
                0x00001960       0x70 build/25519/ed25519.o
                0x00001960                ed25519_project
 .text.ed25519_unproject
                0x000019d0       0x3c build/25519/ed25519.o
                0x000019d0                ed25519_unproject
 .text.ed25519_pack
                0x00001a0c       0x60 build/25519/ed25519.o
                0x00001a0c                ed25519_pack
 .text.ed25519_try_unpack
                0x00001a6c       0xc8 build/25519/ed25519.o
                0x00001a6c                ed25519_try_unpack
 .text.ed25519_add
                0x00001b34       0xe0 build/25519/ed25519.o
                0x00001b34                ed25519_add
 .text.ed25519_double
                0x00001c14       0xb4 build/25519/ed25519.o
                0x00001c14                ed25519_double
 .text.ed25519_smult
                0x00001cc8       0x84 build/25519/ed25519.o
                0x00001cc8                ed25519_smult
 .text.edsign_verify
                0x00001d4c      0x17c build/25519/edsign.o
                0x00001d4c                edsign_verify
 .text.f25519_load
                0x00001ec8       0x20 build/25519/f25519.o
                0x00001ec8                f25519_load
 .text.f25519_normalize
                0x00001ee8       0x70 build/25519/f25519.o
                0x00001ee8                f25519_normalize
 .text.f25519_eq
                0x00001f58       0x9c build/25519/f25519.o
                0x00001f58                f25519_eq
 .text.f25519_select
                0x00001ff4       0xc4 build/25519/f25519.o
                0x00001ff4                f25519_select
 .text.f25519_add
                0x000020b8       0x48 build/25519/f25519.o
                0x000020b8                f25519_add
 .text.f25519_sub
                0x00002100       0x4c build/25519/f25519.o
                0x00002100                f25519_sub
 .text.f25519_neg
                0x0000214c       0x48 build/25519/f25519.o
                0x0000214c                f25519_neg
 .text.f25519_mul__distinct
                0x00002194       0x88 build/25519/f25519.o
                0x00002194                f25519_mul__distinct
 .text.f25519_inv__distinct
                0x0000221c      0x5ec build/25519/f25519.o
                0x0000221c                f25519_inv__distinct
 .text.f25519_sqrt
                0x00002808      0x634 build/25519/f25519.o
                0x00002808                f25519_sqrt
 .text.fprime_from_bytes
                0x00002e3c      0x1a0 build/25519/fprime.o
                0x00002e3c                fprime_from_bytes
 .text.sha256_starts
                0x00002fdc       0x58 build/25519/sha256.o
                0x00002fdc                sha256_starts
 .text.sha256_process
                0x00003034     0x1f64 build/25519/sha256.o
                0x00003034                sha256_process
 .text.sha256_update
                0x00004f98       0x90 build/25519/sha256.o
                0x00004f98                sha256_update
 .text.sha256_finish
                0x00005028      0x218 build/25519/sha256.o
                0x00005028                sha256_finish
 .text.sha512_block
                0x00005240      0x494 build/25519/sha512.o
                0x00005240                sha512_block
 .text.sha512_final
                0x000056d4       0x88 build/25519/sha512.o
                0x000056d4                sha512_final
 .text.sha512_get
                0x0000575c      0x298 build/25519/sha512.o
                0x0000575c                sha512_get
 .text.failErase
                0x000059f4       0x44 build/image.o
                0x000059f4                failErase
 .text.imageCheckFromAddress
                0x00005a38      0x184 build/image.o
                0x00005a38                imageCheckFromAddress
 .text.SetEPTxStatus
                0x00005bbc       0x2a build/usb_lib/usb_regs.o
                0x00005bbc                SetEPTxStatus
 .text.SetEPRxValid
                0x00005be6       0x1e build/usb_lib/usb_regs.o
                0x00005be6                SetEPRxValid
 .text.Clear_Status_Out
                0x00005c04       0x1c build/usb_lib/usb_regs.o
                0x00005c04                Clear_Status_Out
 .text.ClearDTOG_RX
                0x00005c20       0x20 build/usb_lib/usb_regs.o
                0x00005c20                ClearDTOG_RX
 .text.ClearDTOG_TX
                0x00005c40       0x20 build/usb_lib/usb_regs.o
                0x00005c40                ClearDTOG_TX
 .text.GetEPTxAddr
                0x00005c60       0x1c build/usb_lib/usb_regs.o
                0x00005c60                GetEPTxAddr
 .text.GetEPRxAddr
                0x00005c7c       0x1c build/usb_lib/usb_regs.o
                0x00005c7c                GetEPRxAddr
 .text.SetEPTxCount
                0x00005c98       0x1c build/usb_lib/usb_regs.o
                0x00005c98                SetEPTxCount
 .text.SetEPRxCount
                0x00005cb4       0x40 build/usb_lib/usb_regs.o
                0x00005cb4                SetEPRxCount
 .text.CTR_LP   0x00005cf4      0x154 build/usb_lib/usb_int.o
                0x00005cf4                CTR_LP
 .text.USB_Init
                0x00005e48       0x38 build/usb_lib/usb_init.o
                0x00005e48                USB_Init
 .text.Standard_GetConfiguration
                0x00005e80       0x24 build/usb_lib/usb_core.o
                0x00005e80                Standard_GetConfiguration
 .text.Standard_GetInterface
                0x00005ea4       0x24 build/usb_lib/usb_core.o
                0x00005ea4                Standard_GetInterface
 .text.Standard_GetStatus
                0x00005ec8       0x90 build/usb_lib/usb_core.o
                0x00005ec8                Standard_GetStatus
 .text.DataStageIn
                0x00005f58       0xa8 build/usb_lib/usb_core.o
 .text.Standard_SetConfiguration
                0x00006000       0x38 build/usb_lib/usb_core.o
                0x00006000                Standard_SetConfiguration
 .text.Standard_SetInterface
                0x00006038       0x48 build/usb_lib/usb_core.o
                0x00006038                Standard_SetInterface
 .text.Standard_ClearFeature
                0x00006080       0xd0 build/usb_lib/usb_core.o
                0x00006080                Standard_ClearFeature
 .text.Standard_SetEndPointFeature
                0x00006150       0x84 build/usb_lib/usb_core.o
                0x00006150                Standard_SetEndPointFeature
 .text.Standard_SetDeviceFeature
                0x000061d4       0x24 build/usb_lib/usb_core.o
                0x000061d4                Standard_SetDeviceFeature
 .text.Standard_GetDescriptorData
                0x000061f8       0x1c build/usb_lib/usb_core.o
                0x000061f8                Standard_GetDescriptorData
 .text.Post0_Process
                0x00006214       0x40 build/usb_lib/usb_core.o
                0x00006214                Post0_Process
 .text.Setup0_Process
                0x00006254      0x2dc build/usb_lib/usb_core.o
                0x00006254                Setup0_Process
 .text.Out0_Process
                0x00006530       0xc8 build/usb_lib/usb_core.o
                0x00006530                Out0_Process
 .text.SetDeviceAddress
                0x000065f8       0x38 build/usb_lib/usb_core.o
                0x000065f8                SetDeviceAddress
 .text.In0_Process
                0x00006630       0x5c build/usb_lib/usb_core.o
                0x00006630                In0_Process
 .text.UserToPMABufferCopy
                0x0000668c       0x30 build/usb_lib/usb_mem.o
                0x0000668c                UserToPMABufferCopy
 .text.PMAToUserBufferCopy
                0x000066bc       0x24 build/usb_lib/usb_mem.o
                0x000066bc                PMAToUserBufferCopy
 .text.memcpy   0x000066e0       0x12 c:/program files (x86)/gnu tools arm embedded/4.8 2014q3/bin/../lib/gcc/arm-none-eabi/4.8.4/../../../../arm-none-eabi/lib/armv7-m\libc_s.a(lib_a-memcpy-stub.o)
                0x000066e0                memcpy
 .text.memmem   0x000066f2       0x3c c:/program files (x86)/gnu tools arm embedded/4.8 2014q3/bin/../lib/gcc/arm-none-eabi/4.8.4/../../../../arm-none-eabi/lib/armv7-m\libc_s.a(lib_a-memmem.o)
                0x000066f2                memmem
 .text.memset   0x0000672e       0x10 c:/program files (x86)/gnu tools arm embedded/4.8 2014q3/bin/../lib/gcc/arm-none-eabi/4.8.4/../../../../arm-none-eabi/lib/armv7-m\libc_s.a(lib_a-memset.o)
                0x0000672e                memset
 .text._vsprintf_r
                0x0000673e       0x30 c:/program files (x86)/gnu tools arm embedded/4.8 2014q3/bin/../lib/gcc/arm-none-eabi/4.8.4/../../../../arm-none-eabi/lib/armv7-m\libc_s.a(lib_a-vsprintf.o)
                0x0000673e                _vsprintf_r
                0x0000673e                _vsiprintf_r
 *fill*         0x0000676e        0x2 
 .text.vsprintf
                0x00006770       0x1c c:/program files (x86)/gnu tools arm embedded/4.8 2014q3/bin/../lib/gcc/arm-none-eabi/4.8.4/../../../../arm-none-eabi/lib/armv7-m\libc_s.a(lib_a-vsprintf.o)
                0x00006770                vsiprintf
                0x00006770                vsprintf
 .text.memcmp   0x0000678c       0x1e c:/program files (x86)/gnu tools arm embedded/4.8 2014q3/bin/../lib/gcc/arm-none-eabi/4.8.4/../../../../arm-none-eabi/lib/armv7-m\libc_s.a(lib_a-memcmp.o)
                0x0000678c                memcmp
 .text.__ssputs_r
                0x000067aa       0xb8 c:/program files (x86)/gnu tools arm embedded/4.8 2014q3/bin/../lib/gcc/arm-none-eabi/4.8.4/../../../../arm-none-eabi/lib/armv7-m\libc_s.a(lib_a-svfprintf.o)
                0x000067aa                __ssputs_r
 *fill*         0x00006862        0x2 
 .text._svfprintf_r
                0x00006864      0x1d8 c:/program files (x86)/gnu tools arm embedded/4.8 2014q3/bin/../lib/gcc/arm-none-eabi/4.8.4/../../../../arm-none-eabi/lib/armv7-m\libc_s.a(lib_a-svfprintf.o)
                0x00006864                _svfiprintf_r
                0x00006864                _svfprintf_r
 .text._printf_common
                0x00006a3c       0xe4 c:/program files (x86)/gnu tools arm embedded/4.8 2014q3/bin/../lib/gcc/arm-none-eabi/4.8.4/../../../../arm-none-eabi/lib/armv7-m\libc_s.a(lib_a-vfprintf_i.o)
                0x00006a3c                _printf_common
 .text._printf_i
                0x00006b20      0x228 c:/program files (x86)/gnu tools arm embedded/4.8 2014q3/bin/../lib/gcc/arm-none-eabi/4.8.4/../../../../arm-none-eabi/lib/armv7-m\libc_s.a(lib_a-vfprintf_i.o)
                0x00006b20                _printf_i
 .text.memchr   0x00006d48       0x1c c:/program files (x86)/gnu tools arm embedded/4.8 2014q3/bin/../lib/gcc/arm-none-eabi/4.8.4/../../../../arm-none-eabi/lib/armv7-m\libc_s.a(lib_a-memchr-stub.o)
                0x00006d48                memchr
 .text.memmove  0x00006d64       0x36 c:/program files (x86)/gnu tools arm embedded/4.8 2014q3/bin/../lib/gcc/arm-none-eabi/4.8.4/../../../../arm-none-eabi/lib/armv7-m\libc_s.a(lib_a-memmove.o)
                0x00006d64                memmove
 *fill*         0x00006d9a        0x2 
 .text._free_r  0x00006d9c       0x88 c:/program files (x86)/gnu tools arm embedded/4.8 2014q3/bin/../lib/gcc/arm-none-eabi/4.8.4/../../../../arm-none-eabi/lib/armv7-m\libc_s.a(lib_a-nano-freer.o)
                0x00006d9c                _free_r
 .text._malloc_r
                0x00006e24       0xa8 c:/program files (x86)/gnu tools arm embedded/4.8 2014q3/bin/../lib/gcc/arm-none-eabi/4.8.4/../../../../arm-none-eabi/lib/armv7-m\libc_s.a(lib_a-nano-mallocr.o)
                0x00006e24                _malloc_r
 .text._realloc_r
                0x00006ecc       0x4c c:/program files (x86)/gnu tools arm embedded/4.8 2014q3/bin/../lib/gcc/arm-none-eabi/4.8.4/../../../../arm-none-eabi/lib/armv7-m\libc_s.a(lib_a-nano-reallocr.o)
                0x00006ecc                _realloc_r
 .text._sbrk_r  0x00006f18       0x20 c:/program files (x86)/gnu tools arm embedded/4.8 2014q3/bin/../lib/gcc/arm-none-eabi/4.8.4/../../../../arm-none-eabi/lib/armv7-m\libc_s.a(lib_a-sbrkr.o)
                0x00006f18                _sbrk_r
 .text.strlen   0x00006f38       0x10 c:/program files (x86)/gnu tools arm embedded/4.8 2014q3/bin/../lib/gcc/arm-none-eabi/4.8.4/../../../../arm-none-eabi/lib/armv7-m\libc_s.a(lib_a-strlen.o)
                0x00006f38                strlen
 .text._malloc_usable_size_r
                0x00006f48       0x12 c:/program files (x86)/gnu tools arm embedded/4.8 2014q3/bin/../lib/gcc/arm-none-eabi/4.8.4/../../../../arm-none-eabi/lib/armv7-m\libc_s.a(lib_a-nano-msizer.o)
                0x00006f48                _malloc_usable_size_r
 *fill*         0x00006f5a        0x2 
 .text._sbrk    0x00006f5c       0x34 c:/program files (x86)/gnu tools arm embedded/4.8 2014q3/bin/../lib/gcc/arm-none-eabi/4.8.4/../../../../arm-none-eabi/lib/armv7-m\libnosys.a(sbrk.o)
                0x00006f5c                _sbrk
 *(.rodata)
 *(.rodata*)
 .rodata.str1.1
                0x00006f90       0xa2 build/main.o
 .rodata.str1.1
                0x00007032       0x51 build/dfu.o
 *fill*         0x00007083        0x1 
 .rodata.ed25519_k
                0x00007084       0x20 build/25519/ed25519.o
 .rodata.ed25519_neutral
                0x000070a4       0x80 build/25519/ed25519.o
                0x000070a4                ed25519_neutral
 .rodata.ed25519_base
                0x00007124       0x80 build/25519/ed25519.o
                0x00007124                ed25519_base
 .rodata.ed25519_d
                0x000071a4       0x20 build/25519/ed25519.o
 .rodata.ed25519_order
                0x000071c4       0x20 build/25519/edsign.o
 .rodata.f25519_one
                0x000071e4       0x20 build/25519/f25519.o
                0x000071e4                f25519_one
 *fill*         0x00007204        0x4 
 .rodata.sha512_initial_state
                0x00007208       0x40 build/25519/sha512.o
                0x00007208                sha512_initial_state
 .rodata.round_k
                0x00007248      0x280 build/25519/sha512.o
 .rodata.str1.1
                0x000074c8       0x18 build/image.o
 .rodata.str1.1
                0x000074e0        0x2 c:/program files (x86)/gnu tools arm embedded/4.8 2014q3/bin/../lib/gcc/arm-none-eabi/4.8.4/../../../../arm-none-eabi/lib/armv7-m\libc_s.a(lib_a-impure.o)
 .rodata.str1.1
                0x000074e2       0x11 c:/program files (x86)/gnu tools arm embedded/4.8 2014q3/bin/../lib/gcc/arm-none-eabi/4.8.4/../../../../arm-none-eabi/lib/armv7-m\libc_s.a(lib_a-svfprintf.o)
 .rodata.str1.1
                0x000074f3       0x22 c:/program files (x86)/gnu tools arm embedded/4.8 2014q3/bin/../lib/gcc/arm-none-eabi/4.8.4/../../../../arm-none-eabi/lib/armv7-m\libc_s.a(lib_a-vfprintf_i.o)
 *(.glue_7)
 .glue_7        0x00000000        0x0 linker stubs
 *(.glue_7t)
 .glue_7t       0x00000000        0x0 linker stubs
                0x00007518                . = ALIGN (0x4)
 *fill*         0x00007515        0x3 
                0x00007518                _etext = .
                0x00007518                _sidata = _etext

.vfp11_veneer   0x00007518        0x0
 .vfp11_veneer  0x00000000        0x0 linker stubs

.v4_bx          0x00007518        0x0
 .v4_bx         0x00000000        0x0 linker stubs

.iplt           0x00007518        0x0
 .iplt          0x00000000        0x0 build/stm32_lib/c_only_startup.o

.rel.dyn        0x00007518        0x0
 .rel.iplt      0x00000000        0x0 build/stm32_lib/c_only_startup.o

.data           0x20000000      0x488 load address 0x00007518
                0x20000000                . = ALIGN (0x4)
                0x20000000                _sdata = .
 *(.data)
 .data          0x20000000        0x0 build/stm32_lib/c_only_startup.o
 .data          0x20000000        0x0 build/stm32_lib/cortexm3_macro.o
 .data          0x20000000        0x0 build/usb.o
 .data          0x20000000        0x0 build/usb_callbacks.o
 .data          0x20000000        0x0 build/usb_descriptor.o
 .data          0x20000000        0x0 build/main.o
 .data          0x20000000        0x0 build/hardware.o
 .data          0x20000000        0x0 build/dfu.o
 .data          0x20000000        0x0 build/25519/c25519.o
 .data          0x20000000        0x0 build/25519/ed25519.o
 .data          0x20000000        0x0 build/25519/edsign.o
 .data          0x20000000        0x0 build/25519/f25519.o
 .data          0x20000000        0x0 build/25519/fprime.o
 .data          0x20000000        0x0 build/25519/morph25519.o
 .data          0x20000000        0x0 build/25519/sha256.o
 .data          0x20000000        0x0 build/25519/sha512.o
 .data          0x20000000        0x0 build/image.o
 .data          0x20000000        0x0 build/usb_lib/usb_regs.o
 .data          0x20000000        0x0 build/usb_lib/usb_int.o
 .data          0x20000000        0x0 build/usb_lib/usb_init.o
 .data          0x20000000        0x0 build/usb_lib/usb_core.o
 .data          0x20000000        0x0 build/usb_lib/usb_mem.o
 .data          0x20000000        0x0 c:/program files (x86)/gnu tools arm embedded/4.8 2014q3/bin/../lib/gcc/arm-none-eabi/4.8.4/../../../../arm-none-eabi/lib/armv7-m\libc_s.a(lib_a-memcpy-stub.o)
 .data          0x20000000        0x0 c:/program files (x86)/gnu tools arm embedded/4.8 2014q3/bin/../lib/gcc/arm-none-eabi/4.8.4/../../../../arm-none-eabi/lib/armv7-m\libc_s.a(lib_a-memmem.o)
 .data          0x20000000        0x0 c:/program files (x86)/gnu tools arm embedded/4.8 2014q3/bin/../lib/gcc/arm-none-eabi/4.8.4/../../../../arm-none-eabi/lib/armv7-m\libc_s.a(lib_a-memset.o)
 .data          0x20000000        0x0 c:/program files (x86)/gnu tools arm embedded/4.8 2014q3/bin/../lib/gcc/arm-none-eabi/4.8.4/../../../../arm-none-eabi/lib/armv7-m\libc_s.a(lib_a-vsprintf.o)
 .data          0x20000000        0x0 c:/program files (x86)/gnu tools arm embedded/4.8 2014q3/bin/../lib/gcc/arm-none-eabi/4.8.4/../../../../arm-none-eabi/lib/armv7-m\libc_s.a(lib_a-impure.o)
 .data          0x20000000        0x0 c:/program files (x86)/gnu tools arm embedded/4.8 2014q3/bin/../lib/gcc/arm-none-eabi/4.8.4/../../../../arm-none-eabi/lib/armv7-m\libc_s.a(lib_a-memcmp.o)
 .data          0x20000000        0x0 c:/program files (x86)/gnu tools arm embedded/4.8 2014q3/bin/../lib/gcc/arm-none-eabi/4.8.4/../../../../arm-none-eabi/lib/armv7-m\libc_s.a(lib_a-svfprintf.o)
 .data          0x20000000        0x0 c:/program files (x86)/gnu tools arm embedded/4.8 2014q3/bin/../lib/gcc/arm-none-eabi/4.8.4/../../../../arm-none-eabi/lib/armv7-m\libc_s.a(lib_a-vfprintf_i.o)
 .data          0x20000000        0x0 c:/program files (x86)/gnu tools arm embedded/4.8 2014q3/bin/../lib/gcc/arm-none-eabi/4.8.4/../../../../arm-none-eabi/lib/armv7-m\libc_s.a(lib_a-memchr-stub.o)
 .data          0x20000000        0x0 c:/program files (x86)/gnu tools arm embedded/4.8 2014q3/bin/../lib/gcc/arm-none-eabi/4.8.4/../../../../arm-none-eabi/lib/armv7-m\libc_s.a(lib_a-memmove.o)
 .data          0x20000000        0x0 c:/program files (x86)/gnu tools arm embedded/4.8 2014q3/bin/../lib/gcc/arm-none-eabi/4.8.4/../../../../arm-none-eabi/lib/armv7-m\libc_s.a(lib_a-nano-freer.o)
 .data          0x20000000        0x0 c:/program files (x86)/gnu tools arm embedded/4.8 2014q3/bin/../lib/gcc/arm-none-eabi/4.8.4/../../../../arm-none-eabi/lib/armv7-m\libc_s.a(lib_a-nano-mallocr.o)
 .data          0x20000000        0x0 c:/program files (x86)/gnu tools arm embedded/4.8 2014q3/bin/../lib/gcc/arm-none-eabi/4.8.4/../../../../arm-none-eabi/lib/armv7-m\libc_s.a(lib_a-nano-reallocr.o)
 .data          0x20000000        0x0 c:/program files (x86)/gnu tools arm embedded/4.8 2014q3/bin/../lib/gcc/arm-none-eabi/4.8.4/../../../../arm-none-eabi/lib/armv7-m\libc_s.a(lib_a-sbrkr.o)
 .data          0x20000000        0x0 c:/program files (x86)/gnu tools arm embedded/4.8 2014q3/bin/../lib/gcc/arm-none-eabi/4.8.4/../../../../arm-none-eabi/lib/armv7-m\libc_s.a(lib_a-strlen.o)
 .data          0x20000000        0x0 c:/program files (x86)/gnu tools arm embedded/4.8 2014q3/bin/../lib/gcc/arm-none-eabi/4.8.4/../../../../arm-none-eabi/lib/armv7-m\libc_s.a(lib_a-nano-msizer.o)
 .data          0x20000000        0x0 c:/program files (x86)/gnu tools arm embedded/4.8 2014q3/bin/../lib/gcc/arm-none-eabi/4.8.4/../../../../arm-none-eabi/lib/armv7-m\libc_s.a(lib_a-reent.o)
 .data          0x20000000        0x0 .\libstm32fw.a(stm32f10x_gpio.o)
 .data          0x20000000       0x14 .\libstm32fw.a(stm32f10x_rcc.o)
 .data          0x20000014        0x0 .\libstm32fw.a(stm32f10x_usart.o)
 .data          0x20000014        0x0 c:/program files (x86)/gnu tools arm embedded/4.8 2014q3/bin/../lib/gcc/arm-none-eabi/4.8.4/../../../../arm-none-eabi/lib/armv7-m\libnosys.a(sbrk.o)
 *(.data.*)
 .data.Device_Property
                0x20000014       0x34 build/usb.o
                0x20000014                Device_Property
 .data.pEpInt_IN
                0x20000048       0x1c build/usb.o
                0x20000048                pEpInt_IN
 .data.pEpInt_OUT
                0x20000064       0x1c build/usb.o
                0x20000064                pEpInt_OUT
 .data.User_Standard_Requests
                0x20000080       0x24 build/usb.o
                0x20000080                User_Standard_Requests
 .data.Device_Table
                0x200000a4        0x2 build/usb.o
                0x200000a4                Device_Table
 *fill*         0x200000a6        0x2 
 .data.usbStringDescriptor
                0x200000a8       0x38 build/usb_descriptor.o
                0x200000a8                usbStringDescriptor
 .data.u8_usbDeviceDescriptorDFU
                0x200000e0       0x12 build/usb_descriptor.o
                0x200000e0                u8_usbDeviceDescriptorDFU
 *fill*         0x200000f2        0x2 
 .data.usbFunctionalDescriptor
                0x200000f4        0x8 build/usb_descriptor.o
                0x200000f4                usbFunctionalDescriptor
 .data.u8_usbStringLangId
                0x200000fc        0x4 build/usb_descriptor.o
                0x200000fc                u8_usbStringLangId
 .data.u8_usbConfigDescriptorDFU
                0x20000100       0x2d build/usb_descriptor.o
                0x20000100                u8_usbConfigDescriptorDFU
 .data.u8_usbStringSerial
                0x2000012d       0x10 build/usb_descriptor.o
                0x2000012d                u8_usbStringSerial
 .data.u8_usbFunctionalDescriptor
                0x2000013d        0x9 build/usb_descriptor.o
                0x2000013d                u8_usbFunctionalDescriptor
 .data.u8_usbStringVendor
                0x20000146       0x12 build/usb_descriptor.o
                0x20000146                u8_usbStringVendor
 .data.usbDeviceDescriptorDFU
                0x20000158        0x8 build/usb_descriptor.o
                0x20000158                usbDeviceDescriptorDFU
 .data.u8_usbStringProduct
                0x20000160       0x14 build/usb_descriptor.o
                0x20000160                u8_usbStringProduct
 .data.u8_usbStringAlt0
                0x20000174       0x78 build/usb_descriptor.o
                0x20000174                u8_usbStringAlt0
 .data.u8_usbStringAlt1
                0x200001ec       0x64 build/usb_descriptor.o
                0x200001ec                u8_usbStringAlt1
 .data.u8_usbStringAlt2
                0x20000250       0x64 build/usb_descriptor.o
                0x20000250                u8_usbStringAlt2
 .data.usbConfigDescriptorDFU
                0x200002b4        0x8 build/usb_descriptor.o
                0x200002b4                usbConfigDescriptorDFU
 .data.userAppEnd
                0x200002bc        0x4 build/dfu.o
 .data.userAppAddr
                0x200002c0        0x4 build/dfu.o
 .data.sha256_padding
                0x200002c4       0x40 build/25519/sha256.o
 .data.k        0x20000304      0x100 build/25519/sha256.o
                0x20000304                k
 .data.rootCA   0x20000404       0x20 build/image.o
                0x20000404                rootCA
 .data.impure_data
                0x20000424       0x60 c:/program files (x86)/gnu tools arm embedded/4.8 2014q3/bin/../lib/gcc/arm-none-eabi/4.8.4/../../../../arm-none-eabi/lib/armv7-m\libc_s.a(lib_a-impure.o)
 .data._impure_ptr
                0x20000484        0x4 c:/program files (x86)/gnu tools arm embedded/4.8 2014q3/bin/../lib/gcc/arm-none-eabi/4.8.4/../../../../arm-none-eabi/lib/armv7-m\libc_s.a(lib_a-impure.o)
                0x20000484                _impure_ptr
                0x20000488                . = ALIGN (0x4)
                0x20000488                _edata = .

.igot.plt       0x20000488        0x0 load address 0x000079a0
 .igot.plt      0x00000000        0x0 build/stm32_lib/c_only_startup.o

.bss            0x20000488      0x12c load address 0x000079a0
                0x20000488                . = ALIGN (0x4)
                0x20000488                _sbss = .
 *(.bss)
 *(COMMON)
 COMMON         0x20000488        0x8 build/usb.o
                0x20000488                wTransferSize
                0x2000048c                wIstr
                0x2000048e                ResumeS
 COMMON         0x20000490       0xe5 build/dfu.o
                0x20000490                input
                0x200004ec                sha256sum
                0x2000050c                ctx
                0x20000574                code_copy_lock
 *fill*         0x20000575        0x1 
 COMMON         0x20000576        0x4 build/usb_lib/usb_int.o
                0x20000576                SaveRState
                0x20000578                SaveTState
 *fill*         0x2000057a        0x2 
 COMMON         0x2000057c       0x32 build/usb_lib/usb_init.o
                0x2000057c                SaveState
                0x20000580                pProperty
                0x20000584                EPindex
                0x20000588                Device_Info
                0x200005a4                pUser_Standard_Requests
                0x200005a8                pInformation
                0x200005ac                wInterrupt_Mask
 COMMON         0x200005ae        0x2 build/usb_lib/usb_core.o
                0x200005ae                StatusInfo
 COMMON         0x200005b0        0x4 c:/program files (x86)/gnu tools arm embedded/4.8 2014q3/bin/../lib/gcc/arm-none-eabi/4.8.4/../../../../arm-none-eabi/lib/armv7-m\libc_s.a(lib_a-reent.o)
                0x200005b0                errno
                0x200005b4                . = ALIGN (0x4)
                0x200005b4                _ebss = .
                0x200005b4                PROVIDE (end, _ebss)
                0x200005b4                PROVIDE (_end, _ebss)

.bss.bIntPackSOF
                0x200005b4        0x1 load address 0x00007acc
 .bss.bIntPackSOF
                0x200005b4        0x1 build/usb.o
                0x200005b4                bIntPackSOF

.bss.bDeviceState
                0x200005b8        0x4 load address 0x00007ad0
 .bss.bDeviceState
                0x200005b8        0x4 build/usb.o
                0x200005b8                bDeviceState

.bss.recvBuffer
                0x200005bc      0x800 load address 0x00007ad4
 .bss.recvBuffer
                0x200005bc      0x800 build/dfu.o

.bss.uploadBlockLen
                0x20000dbc        0x2 load address 0x000082d4
 .bss.uploadBlockLen
                0x20000dbc        0x2 build/dfu.o

.bss.thisBlockLen
                0x20000dbe        0x2 load address 0x000082d6
 .bss.thisBlockLen
                0x20000dbe        0x2 build/dfu.o

.bss.userFirmwareLen
                0x20000dc0        0x4 load address 0x000082d8
 .bss.userFirmwareLen
                0x20000dc0        0x4 build/dfu.o

.bss.userUploadType
                0x20000dc4        0x1 load address 0x000082dc
 .bss.userUploadType
                0x20000dc4        0x1 build/dfu.o
                0x20000dc4                userUploadType

.bss.dfuAppStatus
                0x20000dc5        0x6 load address 0x000082dd
 .bss.dfuAppStatus
                0x20000dc5        0x6 build/dfu.o

.bss.dfuBusy    0x20000dcb        0x1 load address 0x000082e3
 .bss.dfuBusy   0x20000dcb        0x1 build/dfu.o
                0x20000dcb                dfuBusy

.bss.Data_Mul_MaxPacketSize
                0x20000dcc        0x1 load address 0x000082e4
 .bss.Data_Mul_MaxPacketSize
                0x20000dcc        0x1 build/usb_lib/usb_core.o
                0x20000dcc                Data_Mul_MaxPacketSize

.bss.__malloc_sbrk_start
                0x20000dd0        0x4 load address 0x000082e8
 .bss.__malloc_sbrk_start
                0x20000dd0        0x4 c:/program files (x86)/gnu tools arm embedded/4.8 2014q3/bin/../lib/gcc/arm-none-eabi/4.8.4/../../../../arm-none-eabi/lib/armv7-m\libc_s.a(lib_a-nano-mallocr.o)
                0x20000dd0                __malloc_sbrk_start

.bss.__malloc_free_list
                0x20000dd4        0x4 load address 0x000082ec
 .bss.__malloc_free_list
                0x20000dd4        0x4 c:/program files (x86)/gnu tools arm embedded/4.8 2014q3/bin/../lib/gcc/arm-none-eabi/4.8.4/../../../../arm-none-eabi/lib/armv7-m\libc_s.a(lib_a-nano-mallocr.o)
                0x20000dd4                __malloc_free_list

.bss.heap_end.4246
                0x20000dd8        0x4 load address 0x000082f0
 .bss.heap_end.4246
                0x20000dd8        0x4 c:/program files (x86)/gnu tools arm embedded/4.8 2014q3/bin/../lib/gcc/arm-none-eabi/4.8.4/../../../../arm-none-eabi/lib/armv7-m\libnosys.a(sbrk.o)

._usrstack      0x20000ddc      0x100 load address 0x000082f4
                0x20000ddc                . = ALIGN (0x4)
                0x20000ddc                _susrstack = .
                0x20000edc                . = (. + _Minimum_Stack_Size)
 *fill*         0x20000ddc      0x100 
                0x20000edc                . = ALIGN (0x4)
                0x20000edc                _eusrstack = .

DISCARD
 libc.a(*)
 libm.a(*)
 libgcc.a(*)
 *(.ARM.exidx*)
 *(.gnu.linkonce.armexidx.*)

.stab
 *(.stab)

.stabstr
 *(.stabstr)

.stab.excl
 *(.stab.excl)

.stab.exclstr
 *(.stab.exclstr)

.stab.index
 *(.stab.index)

.stab.indexstr
 *(.stab.indexstr)

.comment        0x00000000       0x70
 *(.comment)
 .comment       0x00000000       0x70 build/usb.o
                                 0x71 (size before relaxing)
 .comment       0x00000000       0x71 build/usb_callbacks.o
 .comment       0x00000000       0x71 build/usb_descriptor.o
 .comment       0x00000000       0x71 build/main.o
 .comment       0x00000000       0x71 build/hardware.o
 .comment       0x00000000       0x71 build/dfu.o
 .comment       0x00000000       0x71 build/25519/c25519.o
 .comment       0x00000000       0x71 build/25519/ed25519.o
 .comment       0x00000000       0x71 build/25519/edsign.o
 .comment       0x00000000       0x71 build/25519/f25519.o
 .comment       0x00000000       0x71 build/25519/fprime.o
 .comment       0x00000000       0x71 build/25519/morph25519.o
 .comment       0x00000000       0x71 build/25519/sha256.o
 .comment       0x00000000       0x71 build/25519/sha512.o
 .comment       0x00000000       0x71 build/image.o
 .comment       0x00000000       0x71 build/usb_lib/usb_regs.o
 .comment       0x00000000       0x71 build/usb_lib/usb_int.o
 .comment       0x00000000       0x71 build/usb_lib/usb_init.o
 .comment       0x00000000       0x71 build/usb_lib/usb_core.o
 .comment       0x00000000       0x71 build/usb_lib/usb_mem.o
 .comment       0x00000000       0x71 .\libstm32fw.a(stm32f10x_gpio.o)
 .comment       0x00000000       0x71 .\libstm32fw.a(stm32f10x_rcc.o)
 .comment       0x00000000       0x71 .\libstm32fw.a(stm32f10x_usart.o)

.ARM.attributes
                0x00000000       0x2f
 .ARM.attributes
                0x00000000       0x21 build/stm32_lib/c_only_startup.o
 .ARM.attributes
                0x00000021       0x21 build/stm32_lib/cortexm3_macro.o
 .ARM.attributes
                0x00000042       0x33 build/usb.o
 .ARM.attributes
                0x00000075       0x33 build/usb_callbacks.o
 .ARM.attributes
                0x000000a8       0x33 build/usb_descriptor.o
 .ARM.attributes
                0x000000db       0x33 build/main.o
 .ARM.attributes
                0x0000010e       0x33 build/hardware.o
 .ARM.attributes
                0x00000141       0x33 build/dfu.o
 .ARM.attributes
                0x00000174       0x33 build/25519/c25519.o
 .ARM.attributes
                0x000001a7       0x33 build/25519/ed25519.o
 .ARM.attributes
                0x000001da       0x33 build/25519/edsign.o
 .ARM.attributes
                0x0000020d       0x33 build/25519/f25519.o
 .ARM.attributes
                0x00000240       0x33 build/25519/fprime.o
 .ARM.attributes
                0x00000273       0x33 build/25519/morph25519.o
 .ARM.attributes
                0x000002a6       0x33 build/25519/sha256.o
 .ARM.attributes
                0x000002d9       0x33 build/25519/sha512.o
 .ARM.attributes
                0x0000030c       0x33 build/image.o
 .ARM.attributes
                0x0000033f       0x33 build/usb_lib/usb_regs.o
 .ARM.attributes
                0x00000372       0x33 build/usb_lib/usb_int.o
 .ARM.attributes
                0x000003a5       0x33 build/usb_lib/usb_init.o
 .ARM.attributes
                0x000003d8       0x33 build/usb_lib/usb_core.o
 .ARM.attributes
                0x0000040b       0x33 build/usb_lib/usb_mem.o
 .ARM.attributes
                0x0000043e       0x2d c:/program files (x86)/gnu tools arm embedded/4.8 2014q3/bin/../lib/gcc/arm-none-eabi/4.8.4/../../../../arm-none-eabi/lib/armv7-m\libc_s.a(lib_a-memcpy-stub.o)
 .ARM.attributes
                0x0000046b       0x2d c:/program files (x86)/gnu tools arm embedded/4.8 2014q3/bin/../lib/gcc/arm-none-eabi/4.8.4/../../../../arm-none-eabi/lib/armv7-m\libc_s.a(lib_a-memmem.o)
 .ARM.attributes
                0x00000498       0x2d c:/program files (x86)/gnu tools arm embedded/4.8 2014q3/bin/../lib/gcc/arm-none-eabi/4.8.4/../../../../arm-none-eabi/lib/armv7-m\libc_s.a(lib_a-memset.o)
 .ARM.attributes
                0x000004c5       0x2d c:/program files (x86)/gnu tools arm embedded/4.8 2014q3/bin/../lib/gcc/arm-none-eabi/4.8.4/../../../../arm-none-eabi/lib/armv7-m\libc_s.a(lib_a-vsprintf.o)
 .ARM.attributes
                0x000004f2       0x2d c:/program files (x86)/gnu tools arm embedded/4.8 2014q3/bin/../lib/gcc/arm-none-eabi/4.8.4/../../../../arm-none-eabi/lib/armv7-m\libc_s.a(lib_a-impure.o)
 .ARM.attributes
                0x0000051f       0x2d c:/program files (x86)/gnu tools arm embedded/4.8 2014q3/bin/../lib/gcc/arm-none-eabi/4.8.4/../../../../arm-none-eabi/lib/armv7-m\libc_s.a(lib_a-memcmp.o)
 .ARM.attributes
                0x0000054c       0x2d c:/program files (x86)/gnu tools arm embedded/4.8 2014q3/bin/../lib/gcc/arm-none-eabi/4.8.4/../../../../arm-none-eabi/lib/armv7-m\libc_s.a(lib_a-svfprintf.o)
 .ARM.attributes
                0x00000579       0x2d c:/program files (x86)/gnu tools arm embedded/4.8 2014q3/bin/../lib/gcc/arm-none-eabi/4.8.4/../../../../arm-none-eabi/lib/armv7-m\libc_s.a(lib_a-vfprintf_i.o)
 .ARM.attributes
                0x000005a6       0x2d c:/program files (x86)/gnu tools arm embedded/4.8 2014q3/bin/../lib/gcc/arm-none-eabi/4.8.4/../../../../arm-none-eabi/lib/armv7-m\libc_s.a(lib_a-memchr-stub.o)
 .ARM.attributes
                0x000005d3       0x2d c:/program files (x86)/gnu tools arm embedded/4.8 2014q3/bin/../lib/gcc/arm-none-eabi/4.8.4/../../../../arm-none-eabi/lib/armv7-m\libc_s.a(lib_a-memmove.o)
 .ARM.attributes
                0x00000600       0x2d c:/program files (x86)/gnu tools arm embedded/4.8 2014q3/bin/../lib/gcc/arm-none-eabi/4.8.4/../../../../arm-none-eabi/lib/armv7-m\libc_s.a(lib_a-nano-freer.o)
 .ARM.attributes
                0x0000062d       0x2d c:/program files (x86)/gnu tools arm embedded/4.8 2014q3/bin/../lib/gcc/arm-none-eabi/4.8.4/../../../../arm-none-eabi/lib/armv7-m\libc_s.a(lib_a-nano-mallocr.o)
 .ARM.attributes
                0x0000065a       0x2d c:/program files (x86)/gnu tools arm embedded/4.8 2014q3/bin/../lib/gcc/arm-none-eabi/4.8.4/../../../../arm-none-eabi/lib/armv7-m\libc_s.a(lib_a-nano-reallocr.o)
 .ARM.attributes
                0x00000687       0x2d c:/program files (x86)/gnu tools arm embedded/4.8 2014q3/bin/../lib/gcc/arm-none-eabi/4.8.4/../../../../arm-none-eabi/lib/armv7-m\libc_s.a(lib_a-sbrkr.o)
 .ARM.attributes
                0x000006b4       0x2d c:/program files (x86)/gnu tools arm embedded/4.8 2014q3/bin/../lib/gcc/arm-none-eabi/4.8.4/../../../../arm-none-eabi/lib/armv7-m\libc_s.a(lib_a-strlen.o)
 .ARM.attributes
                0x000006e1       0x2d c:/program files (x86)/gnu tools arm embedded/4.8 2014q3/bin/../lib/gcc/arm-none-eabi/4.8.4/../../../../arm-none-eabi/lib/armv7-m\libc_s.a(lib_a-nano-msizer.o)
 .ARM.attributes
                0x0000070e       0x2d c:/program files (x86)/gnu tools arm embedded/4.8 2014q3/bin/../lib/gcc/arm-none-eabi/4.8.4/../../../../arm-none-eabi/lib/armv7-m\libc_s.a(lib_a-reent.o)
 .ARM.attributes
                0x0000073b       0x33 .\libstm32fw.a(stm32f10x_gpio.o)
 .ARM.attributes
                0x0000076e       0x33 .\libstm32fw.a(stm32f10x_rcc.o)
 .ARM.attributes
                0x000007a1       0x33 .\libstm32fw.a(stm32f10x_usart.o)
 .ARM.attributes
                0x000007d4       0x2d c:/program files (x86)/gnu tools arm embedded/4.8 2014q3/bin/../lib/gcc/arm-none-eabi/4.8.4/../../../../arm-none-eabi/lib/armv7-m\libnosys.a(sbrk.o)

.debug
 *(.debug)

.line
 *(.line)

.debug_srcinfo
 *(.debug_srcinfo)

.debug_sfnames
 *(.debug_sfnames)

.debug_aranges  0x00000000      0x860
 *(.debug_aranges)
 .debug_aranges
                0x00000000       0x28 build/stm32_lib/c_only_startup.o
 .debug_aranges
                0x00000028       0x20 build/stm32_lib/cortexm3_macro.o
 .debug_aranges
                0x00000048      0x120 build/usb.o
 .debug_aranges
                0x00000168       0x18 build/usb_descriptor.o
 .debug_aranges
                0x00000180       0x28 build/main.o
 .debug_aranges
                0x000001a8      0x108 build/hardware.o
 .debug_aranges
                0x000002b0       0x88 build/dfu.o
 .debug_aranges
                0x00000338       0x20 build/25519/c25519.o
 .debug_aranges
                0x00000358       0x50 build/25519/ed25519.o
 .debug_aranges
                0x000003a8       0x28 build/25519/edsign.o
 .debug_aranges
                0x000003d0       0x80 build/25519/f25519.o
 .debug_aranges
                0x00000450       0x60 build/25519/fprime.o
 .debug_aranges
                0x000004b0       0x28 build/25519/morph25519.o
 .debug_aranges
                0x000004d8       0x38 build/25519/sha256.o
 .debug_aranges
                0x00000510       0x30 build/25519/sha512.o
 .debug_aranges
                0x00000540       0x28 build/image.o
 .debug_aranges
                0x00000568      0x1f0 build/usb_lib/usb_regs.o
 .debug_aranges
                0x00000758       0x28 build/usb_lib/usb_int.o
 .debug_aranges
                0x00000780       0x20 build/usb_lib/usb_init.o
 .debug_aranges
                0x000007a0       0x98 build/usb_lib/usb_core.o
 .debug_aranges
                0x00000838       0x28 build/usb_lib/usb_mem.o

.debug_pubnames
 *(.debug_pubnames)

.debug_info     0x00000000     0xafe2
 *(.debug_info .gnu.linkonce.wi.*)
 .debug_info    0x00000000       0x7c build/stm32_lib/c_only_startup.o
 .debug_info    0x0000007c       0x82 build/stm32_lib/cortexm3_macro.o
 .debug_info    0x000000fe      0xe0c build/usb.o
 .debug_info    0x00000f0a      0x25d build/usb_descriptor.o
 .debug_info    0x00001167      0x4cd build/main.o
 .debug_info    0x00001634     0x119c build/hardware.o
 .debug_info    0x000027d0      0x979 build/dfu.o
 .debug_info    0x00003149      0xa37 build/25519/c25519.o
 .debug_info    0x00003b80      0xeb6 build/25519/ed25519.o
 .debug_info    0x00004a36      0xb5c build/25519/edsign.o
 .debug_info    0x00005592      0xfa7 build/25519/f25519.o
 .debug_info    0x00006539      0xd74 build/25519/fprime.o
 .debug_info    0x000072ad      0x62a build/25519/morph25519.o
 .debug_info    0x000078d7      0x5b0 build/25519/sha256.o
 .debug_info    0x00007e87      0x783 build/25519/sha512.o
 .debug_info    0x0000860a      0x81b build/image.o
 .debug_info    0x00008e25      0xc8c build/usb_lib/usb_regs.o
 .debug_info    0x00009ab1      0x1dc build/usb_lib/usb_int.o
 .debug_info    0x00009c8d      0x3fd build/usb_lib/usb_init.o
 .debug_info    0x0000a08a      0xde4 build/usb_lib/usb_core.o
 .debug_info    0x0000ae6e      0x174 build/usb_lib/usb_mem.o

.debug_abbrev   0x00000000     0x297e
 *(.debug_abbrev)
 .debug_abbrev  0x00000000       0x12 build/stm32_lib/c_only_startup.o
 .debug_abbrev  0x00000012       0x14 build/stm32_lib/cortexm3_macro.o
 .debug_abbrev  0x00000026      0x3e5 build/usb.o
 .debug_abbrev  0x0000040b       0x8a build/usb_descriptor.o
 .debug_abbrev  0x00000495      0x20d build/main.o
 .debug_abbrev  0x000006a2      0x3eb build/hardware.o
 .debug_abbrev  0x00000a8d      0x37c build/dfu.o
 .debug_abbrev  0x00000e09      0x1ac build/25519/c25519.o
 .debug_abbrev  0x00000fb5      0x272 build/25519/ed25519.o
 .debug_abbrev  0x00001227      0x273 build/25519/edsign.o
 .debug_abbrev  0x0000149a      0x2bd build/25519/f25519.o
 .debug_abbrev  0x00001757      0x266 build/25519/fprime.o
 .debug_abbrev  0x000019bd      0x1bc build/25519/morph25519.o
 .debug_abbrev  0x00001b79      0x1e0 build/25519/sha256.o
 .debug_abbrev  0x00001d59      0x1e5 build/25519/sha512.o
 .debug_abbrev  0x00001f3e      0x242 build/image.o
 .debug_abbrev  0x00002180      0x1f5 build/usb_lib/usb_regs.o
 .debug_abbrev  0x00002375       0xda build/usb_lib/usb_int.o
 .debug_abbrev  0x0000244f      0x103 build/usb_lib/usb_init.o
 .debug_abbrev  0x00002552      0x3a1 build/usb_lib/usb_core.o
 .debug_abbrev  0x000028f3       0x8b build/usb_lib/usb_mem.o

.debug_line     0x00000000     0x3cbe
 *(.debug_line)
 .debug_line    0x00000000       0x75 build/stm32_lib/c_only_startup.o
 .debug_line    0x00000075       0xa6 build/stm32_lib/cortexm3_macro.o
 .debug_line    0x0000011b      0x3ab build/usb.o
 .debug_line    0x000004c6        0x0 build/usb_callbacks.o
 .debug_line    0x000004c6       0x72 build/usb_descriptor.o
 .debug_line    0x00000538      0x1ee build/main.o
 .debug_line    0x00000726      0x4d7 build/hardware.o
 .debug_line    0x00000bfd      0x3bc build/dfu.o
 .debug_line    0x00000fb9      0x253 build/25519/c25519.o
 .debug_line    0x0000120c      0x2a2 build/25519/ed25519.o
 .debug_line    0x000014ae      0x26e build/25519/edsign.o
 .debug_line    0x0000171c      0x706 build/25519/f25519.o
 .debug_line    0x00001e22      0x3fe build/25519/fprime.o
 .debug_line    0x00002220      0x156 build/25519/morph25519.o
 .debug_line    0x00002376      0x809 build/25519/sha256.o
 .debug_line    0x00002b7f      0x534 build/25519/sha512.o
 .debug_line    0x000030b3      0x23a build/image.o
 .debug_line    0x000032ed      0x4cb build/usb_lib/usb_regs.o
 .debug_line    0x000037b8       0xb8 build/usb_lib/usb_int.o
 .debug_line    0x00003870       0x67 build/usb_lib/usb_init.o
 .debug_line    0x000038d7      0x354 build/usb_lib/usb_core.o
 .debug_line    0x00003c2b       0x93 build/usb_lib/usb_mem.o

.debug_frame    0x00000000     0x181c
 *(.debug_frame)
 .debug_frame   0x00000000      0x2c0 build/usb.o
 .debug_frame   0x000002c0       0x40 build/main.o
 .debug_frame   0x00000300      0x2e4 build/hardware.o
 .debug_frame   0x000005e4      0x134 build/dfu.o
 .debug_frame   0x00000718       0x3c build/25519/c25519.o
 .debug_frame   0x00000754      0x128 build/25519/ed25519.o
 .debug_frame   0x0000087c       0x64 build/25519/edsign.o
 .debug_frame   0x000008e0      0x1c0 build/25519/f25519.o
 .debug_frame   0x00000aa0      0x158 build/25519/fprime.o
 .debug_frame   0x00000bf8       0x5c build/25519/morph25519.o
 .debug_frame   0x00000c54       0xc0 build/25519/sha256.o
 .debug_frame   0x00000d14       0xa4 build/25519/sha512.o
 .debug_frame   0x00000db8       0x58 build/image.o
 .debug_frame   0x00000e10      0x3d8 build/usb_lib/usb_regs.o
 .debug_frame   0x000011e8       0x4c build/usb_lib/usb_int.o
 .debug_frame   0x00001234       0x2c build/usb_lib/usb_init.o
 .debug_frame   0x00001260      0x1ec build/usb_lib/usb_core.o
 .debug_frame   0x0000144c       0x48 build/usb_lib/usb_mem.o
 .debug_frame   0x00001494       0x28 c:/program files (x86)/gnu tools arm embedded/4.8 2014q3/bin/../lib/gcc/arm-none-eabi/4.8.4/../../../../arm-none-eabi/lib/armv7-m\libc_s.a(lib_a-memcpy-stub.o)
 .debug_frame   0x000014bc       0x34 c:/program files (x86)/gnu tools arm embedded/4.8 2014q3/bin/../lib/gcc/arm-none-eabi/4.8.4/../../../../arm-none-eabi/lib/armv7-m\libc_s.a(lib_a-memmem.o)
 .debug_frame   0x000014f0       0x20 c:/program files (x86)/gnu tools arm embedded/4.8 2014q3/bin/../lib/gcc/arm-none-eabi/4.8.4/../../../../arm-none-eabi/lib/armv7-m\libc_s.a(lib_a-memset.o)
 .debug_frame   0x00001510       0x48 c:/program files (x86)/gnu tools arm embedded/4.8 2014q3/bin/../lib/gcc/arm-none-eabi/4.8.4/../../../../arm-none-eabi/lib/armv7-m\libc_s.a(lib_a-vsprintf.o)
 .debug_frame   0x00001558       0x2c c:/program files (x86)/gnu tools arm embedded/4.8 2014q3/bin/../lib/gcc/arm-none-eabi/4.8.4/../../../../arm-none-eabi/lib/armv7-m\libc_s.a(lib_a-memcmp.o)
 .debug_frame   0x00001584       0x88 c:/program files (x86)/gnu tools arm embedded/4.8 2014q3/bin/../lib/gcc/arm-none-eabi/4.8.4/../../../../arm-none-eabi/lib/armv7-m\libc_s.a(lib_a-svfprintf.o)
 .debug_frame   0x0000160c       0x60 c:/program files (x86)/gnu tools arm embedded/4.8 2014q3/bin/../lib/gcc/arm-none-eabi/4.8.4/../../../../arm-none-eabi/lib/armv7-m\libc_s.a(lib_a-vfprintf_i.o)
 .debug_frame   0x0000166c       0x28 c:/program files (x86)/gnu tools arm embedded/4.8 2014q3/bin/../lib/gcc/arm-none-eabi/4.8.4/../../../../arm-none-eabi/lib/armv7-m\libc_s.a(lib_a-memchr-stub.o)
 .debug_frame   0x00001694       0x2c c:/program files (x86)/gnu tools arm embedded/4.8 2014q3/bin/../lib/gcc/arm-none-eabi/4.8.4/../../../../arm-none-eabi/lib/armv7-m\libc_s.a(lib_a-memmove.o)
 .debug_frame   0x000016c0       0x2c c:/program files (x86)/gnu tools arm embedded/4.8 2014q3/bin/../lib/gcc/arm-none-eabi/4.8.4/../../../../arm-none-eabi/lib/armv7-m\libc_s.a(lib_a-nano-freer.o)
 .debug_frame   0x000016ec       0x2c c:/program files (x86)/gnu tools arm embedded/4.8 2014q3/bin/../lib/gcc/arm-none-eabi/4.8.4/../../../../arm-none-eabi/lib/armv7-m\libc_s.a(lib_a-nano-mallocr.o)
 .debug_frame   0x00001718       0x30 c:/program files (x86)/gnu tools arm embedded/4.8 2014q3/bin/../lib/gcc/arm-none-eabi/4.8.4/../../../../arm-none-eabi/lib/armv7-m\libc_s.a(lib_a-nano-reallocr.o)
 .debug_frame   0x00001748       0x2c c:/program files (x86)/gnu tools arm embedded/4.8 2014q3/bin/../lib/gcc/arm-none-eabi/4.8.4/../../../../arm-none-eabi/lib/armv7-m\libc_s.a(lib_a-sbrkr.o)
 .debug_frame   0x00001774       0x20 c:/program files (x86)/gnu tools arm embedded/4.8 2014q3/bin/../lib/gcc/arm-none-eabi/4.8.4/../../../../arm-none-eabi/lib/armv7-m\libc_s.a(lib_a-strlen.o)
 .debug_frame   0x00001794       0x20 c:/program files (x86)/gnu tools arm embedded/4.8 2014q3/bin/../lib/gcc/arm-none-eabi/4.8.4/../../../../arm-none-eabi/lib/armv7-m\libc_s.a(lib_a-nano-msizer.o)
 .debug_frame   0x000017b4       0x48 c:/program files (x86)/gnu tools arm embedded/4.8 2014q3/bin/../lib/gcc/arm-none-eabi/4.8.4/../../../../arm-none-eabi/lib/armv7-m\libc_s.a(lib_a-reent.o)
 .debug_frame   0x000017fc       0x20 c:/program files (x86)/gnu tools arm embedded/4.8 2014q3/bin/../lib/gcc/arm-none-eabi/4.8.4/../../../../arm-none-eabi/lib/armv7-m\libnosys.a(sbrk.o)

.debug_str      0x00000000     0x2398
 *(.debug_str)
 .debug_str     0x00000000      0x9ea build/usb.o
                                0xb8f (size before relaxing)
 .debug_str     0x000009ea        0x0 build/usb_callbacks.o
 .debug_str     0x000009ea       0xc1 build/usb_descriptor.o
                                0x303 (size before relaxing)
 .debug_str     0x00000aab      0x1a0 build/main.o
                                0x36a (size before relaxing)
 .debug_str     0x00000c4b      0x582 build/hardware.o
                                0x8a8 (size before relaxing)
 .debug_str     0x000011cd      0x27a build/dfu.o
                                0x72d (size before relaxing)
 .debug_str     0x00001447      0x176 build/25519/c25519.o
                                0x26b (size before relaxing)
 .debug_str     0x000015bd      0x10a build/25519/ed25519.o
                                0x313 (size before relaxing)
 .debug_str     0x000016c7      0x12d build/25519/edsign.o
                                0x34f (size before relaxing)
 .debug_str     0x000017f4       0x4a build/25519/f25519.o
                                0x2b2 (size before relaxing)
 .debug_str     0x0000183e      0x103 build/25519/fprime.o
                                0x2e5 (size before relaxing)
 .debug_str     0x00001941       0x55 build/25519/morph25519.o
                                0x266 (size before relaxing)
 .debug_str     0x00001996       0x7c build/25519/sha256.o
                                0x232 (size before relaxing)
 .debug_str     0x00001a12       0x52 build/25519/sha512.o
                                0x257 (size before relaxing)
 .debug_str     0x00001a64       0xef build/image.o
                                0x434 (size before relaxing)
 .debug_str     0x00001b53      0x3ab build/usb_lib/usb_regs.o
                                0x51f (size before relaxing)
 .debug_str     0x00001efe       0x66 build/usb_lib/usb_int.o
                                0x1c7 (size before relaxing)
 .debug_str     0x00001f64       0x41 build/usb_lib/usb_init.o
                                0x4f9 (size before relaxing)
 .debug_str     0x00001fa5      0x3bd build/usb_lib/usb_core.o
                                0xa91 (size before relaxing)
 .debug_str     0x00002362       0x36 build/usb_lib/usb_mem.o
                                0x197 (size before relaxing)

.debug_loc      0x00000000     0x9c45
 *(.debug_loc)
 .debug_loc     0x00000000      0x246 build/usb.o
 .debug_loc     0x00000246       0xdc build/main.o
 .debug_loc     0x00000322      0x5c8 build/hardware.o
 .debug_loc     0x000008ea      0x14a build/dfu.o
 .debug_loc     0x00000a34      0x329 build/25519/c25519.o
 .debug_loc     0x00000d5d      0x528 build/25519/ed25519.o
 .debug_loc     0x00001285      0x996 build/25519/edsign.o
 .debug_loc     0x00001c1b     0x2008 build/25519/f25519.o
 .debug_loc     0x00003c23     0x12d1 build/25519/fprime.o
 .debug_loc     0x00004ef4      0x1ce build/25519/morph25519.o
 .debug_loc     0x000050c2     0x229b build/25519/sha256.o
 .debug_loc     0x0000735d      0xfe6 build/25519/sha512.o
 .debug_loc     0x00008343      0x168 build/image.o
 .debug_loc     0x000084ab      0xbab build/usb_lib/usb_regs.o
 .debug_loc     0x00009056      0x1a4 build/usb_lib/usb_int.o
 .debug_loc     0x000091fa      0x7b8 build/usb_lib/usb_core.o
 .debug_loc     0x000099b2      0x293 build/usb_lib/usb_mem.o

.debug_macinfo
 *(.debug_macinfo)

.debug_weaknames
 *(.debug_weaknames)

.debug_funcnames
 *(.debug_funcnames)

.debug_typenames
 *(.debug_typenames)

.debug_varnames
 *(.debug_varnames)
OUTPUT(build/enclave_stage1.elf elf32-littlearm)

.debug_ranges   0x00000000      0xf70
 .debug_ranges  0x00000000       0x20 build/stm32_lib/c_only_startup.o
 .debug_ranges  0x00000020      0x110 build/usb.o
 .debug_ranges  0x00000130       0x18 build/main.o
 .debug_ranges  0x00000148       0xf8 build/hardware.o
 .debug_ranges  0x00000240       0x78 build/dfu.o
 .debug_ranges  0x000002b8       0x90 build/25519/c25519.o
 .debug_ranges  0x00000348       0xa8 build/25519/ed25519.o
 .debug_ranges  0x000003f0      0x130 build/25519/edsign.o
 .debug_ranges  0x00000520      0x1b0 build/25519/f25519.o
 .debug_ranges  0x000006d0      0x1b8 build/25519/fprime.o
 .debug_ranges  0x00000888       0x38 build/25519/morph25519.o
 .debug_ranges  0x000008c0       0x98 build/25519/sha256.o
 .debug_ranges  0x00000958      0x270 build/25519/sha512.o
 .debug_ranges  0x00000bc8       0x18 build/image.o
 .debug_ranges  0x00000be0      0x290 build/usb_lib/usb_regs.o
 .debug_ranges  0x00000e70       0x18 build/usb_lib/usb_int.o
 .debug_ranges  0x00000e88       0x10 build/usb_lib/usb_init.o
 .debug_ranges  0x00000e98       0xc0 build/usb_lib/usb_core.o
 .debug_ranges  0x00000f58       0x18 build/usb_lib/usb_mem.o

Cross Reference Table

Symbol                                            File
ADC1_2_IRQHandler                                 build/stm32_lib/c_only_startup.o
BusFault_Handler                                  build/stm32_lib/c_only_startup.o
ByteSwap                                          build/usb_lib/usb_regs.o
CAN1_RX1_IRQHandler                               build/stm32_lib/c_only_startup.o
CAN1_SCE_IRQHandler                               build/stm32_lib/c_only_startup.o
CTR_HP                                            build/usb_lib/usb_int.o
CTR_LP                                            build/usb_lib/usb_int.o
                                                  build/usb.o
ClearDTOG_RX                                      build/usb_lib/usb_regs.o
                                                  build/usb_lib/usb_core.o
ClearDTOG_TX                                      build/usb_lib/usb_regs.o
                                                  build/usb_lib/usb_core.o
ClearEPDoubleBuff                                 build/usb_lib/usb_regs.o
ClearEP_CTR_RX                                    build/usb_lib/usb_regs.o
ClearEP_CTR_TX                                    build/usb_lib/usb_regs.o
ClearEP_KIND                                      build/usb_lib/usb_regs.o
Clear_Status_Out                                  build/usb_lib/usb_regs.o
                                                  build/usb.o
DMA1_Channel1_IRQHandler                          build/stm32_lib/c_only_startup.o
DMA1_Channel2_IRQHandler                          build/stm32_lib/c_only_startup.o
DMA1_Channel3_IRQHandler                          build/stm32_lib/c_only_startup.o
DMA1_Channel4_IRQHandler                          build/stm32_lib/c_only_startup.o
DMA1_Channel5_IRQHandler                          build/stm32_lib/c_only_startup.o
DMA1_Channel6_IRQHandler                          build/stm32_lib/c_only_startup.o
DMA1_Channel7_IRQHandler                          build/stm32_lib/c_only_startup.o
Data_Mul_MaxPacketSize                            build/usb_lib/usb_core.o
DebugMon_Handler                                  build/stm32_lib/c_only_startup.o
Default_Handler                                   build/stm32_lib/c_only_startup.o
Device_Info                                       build/usb_lib/usb_init.o
Device_Property                                   build/usb.o
                                                  build/usb_lib/usb_core.o
                                                  build/usb_lib/usb_init.o
Device_Table                                      build/usb.o
                                                  build/usb_lib/usb_core.o
EPindex                                           build/usb_lib/usb_init.o
                                                  build/usb_lib/usb_int.o
EXTI0_IRQHandler                                  build/stm32_lib/c_only_startup.o
EXTI15_10_IRQHandler                              build/stm32_lib/c_only_startup.o
EXTI1_IRQHandler                                  build/stm32_lib/c_only_startup.o
EXTI2_IRQHandler                                  build/stm32_lib/c_only_startup.o
EXTI3_IRQHandler                                  build/stm32_lib/c_only_startup.o
EXTI4_IRQHandler                                  build/stm32_lib/c_only_startup.o
EXTI9_5_IRQHandler                                build/stm32_lib/c_only_startup.o
FLASH_IRQHandler                                  build/stm32_lib/c_only_startup.o
FreeUserBuffer                                    build/usb_lib/usb_regs.o
GPIO_AFIODeInit                                   .\libstm32fw.a(stm32f10x_gpio.o)
GPIO_DeInit                                       .\libstm32fw.a(stm32f10x_gpio.o)
GPIO_ETH_MediaInterfaceConfig                     .\libstm32fw.a(stm32f10x_gpio.o)
GPIO_EXTILineConfig                               .\libstm32fw.a(stm32f10x_gpio.o)
GPIO_EventOutputCmd                               .\libstm32fw.a(stm32f10x_gpio.o)
GPIO_EventOutputConfig                            .\libstm32fw.a(stm32f10x_gpio.o)
GPIO_Init                                         .\libstm32fw.a(stm32f10x_gpio.o)
                                                  build/hardware.o
GPIO_PinLockConfig                                .\libstm32fw.a(stm32f10x_gpio.o)
GPIO_PinRemapConfig                               .\libstm32fw.a(stm32f10x_gpio.o)
GPIO_ReadInputData                                .\libstm32fw.a(stm32f10x_gpio.o)
GPIO_ReadInputDataBit                             .\libstm32fw.a(stm32f10x_gpio.o)
GPIO_ReadOutputData                               .\libstm32fw.a(stm32f10x_gpio.o)
GPIO_ReadOutputDataBit                            .\libstm32fw.a(stm32f10x_gpio.o)
GPIO_ResetBits                                    .\libstm32fw.a(stm32f10x_gpio.o)
GPIO_SetBits                                      .\libstm32fw.a(stm32f10x_gpio.o)
GPIO_StructInit                                   .\libstm32fw.a(stm32f10x_gpio.o)
GPIO_Write                                        .\libstm32fw.a(stm32f10x_gpio.o)
GPIO_WriteBit                                     .\libstm32fw.a(stm32f10x_gpio.o)
GetBTABLE                                         build/usb_lib/usb_regs.o
GetCNTR                                           build/usb_lib/usb_regs.o
GetDADDR                                          build/usb_lib/usb_regs.o
GetENDPOINT                                       build/usb_lib/usb_regs.o
GetEPAddress                                      build/usb_lib/usb_regs.o
GetEPDblBuf0Addr                                  build/usb_lib/usb_regs.o
GetEPDblBuf0Count                                 build/usb_lib/usb_regs.o
GetEPDblBuf1Addr                                  build/usb_lib/usb_regs.o
GetEPDblBuf1Count                                 build/usb_lib/usb_regs.o
GetEPDblBufDir                                    build/usb_lib/usb_regs.o
GetEPRxAddr                                       build/usb_lib/usb_regs.o
                                                  build/usb_lib/usb_core.o
GetEPRxCount                                      build/usb_lib/usb_regs.o
GetEPRxStatus                                     build/usb_lib/usb_regs.o
GetEPTxAddr                                       build/usb_lib/usb_regs.o
                                                  build/usb_lib/usb_core.o
GetEPTxCount                                      build/usb_lib/usb_regs.o
GetEPTxStatus                                     build/usb_lib/usb_regs.o
GetEPType                                         build/usb_lib/usb_regs.o
GetFNR                                            build/usb_lib/usb_regs.o
GetISTR                                           build/usb_lib/usb_regs.o
GetRxStallStatus                                  build/usb_lib/usb_regs.o
GetTxStallStatus                                  build/usb_lib/usb_regs.o
HardFault_Handler                                 build/stm32_lib/c_only_startup.o
I2C1_ER_IRQHandler                                build/stm32_lib/c_only_startup.o
I2C1_EV_IRQHandler                                build/stm32_lib/c_only_startup.o
I2C2_ER_IRQHandler                                build/stm32_lib/c_only_startup.o
I2C2_EV_IRQHandler                                build/stm32_lib/c_only_startup.o
In0_Process                                       build/usb_lib/usb_core.o
                                                  build/usb_lib/usb_int.o
MemManage_Handler                                 build/stm32_lib/c_only_startup.o
NMI_Handler                                       build/stm32_lib/c_only_startup.o
NOP_Process                                       build/usb_lib/usb_core.o
Out0_Process                                      build/usb_lib/usb_core.o
                                                  build/usb_lib/usb_int.o
PMAToUserBufferCopy                               build/usb_lib/usb_mem.o
                                                  build/usb_lib/usb_core.o
PVD_IRQHandler                                    build/stm32_lib/c_only_startup.o
PendSV_Handler                                    build/stm32_lib/c_only_startup.o
Post0_Process                                     build/usb_lib/usb_core.o
RCC_ADCCLKConfig                                  .\libstm32fw.a(stm32f10x_rcc.o)
RCC_AHBPeriphClockCmd                             .\libstm32fw.a(stm32f10x_rcc.o)
RCC_APB1PeriphClockCmd                            .\libstm32fw.a(stm32f10x_rcc.o)
RCC_APB1PeriphResetCmd                            .\libstm32fw.a(stm32f10x_rcc.o)
                                                  .\libstm32fw.a(stm32f10x_usart.o)
RCC_APB2PeriphClockCmd                            .\libstm32fw.a(stm32f10x_rcc.o)
                                                  build/hardware.o
RCC_APB2PeriphResetCmd                            .\libstm32fw.a(stm32f10x_rcc.o)
                                                  .\libstm32fw.a(stm32f10x_usart.o)
                                                  .\libstm32fw.a(stm32f10x_gpio.o)
RCC_AdjustHSICalibrationValue                     .\libstm32fw.a(stm32f10x_rcc.o)
RCC_BackupResetCmd                                .\libstm32fw.a(stm32f10x_rcc.o)
RCC_ClearFlag                                     .\libstm32fw.a(stm32f10x_rcc.o)
RCC_ClearITPendingBit                             .\libstm32fw.a(stm32f10x_rcc.o)
RCC_ClockSecuritySystemCmd                        .\libstm32fw.a(stm32f10x_rcc.o)
RCC_DeInit                                        .\libstm32fw.a(stm32f10x_rcc.o)
RCC_GetClocksFreq                                 .\libstm32fw.a(stm32f10x_rcc.o)
                                                  .\libstm32fw.a(stm32f10x_usart.o)
RCC_GetFlagStatus                                 .\libstm32fw.a(stm32f10x_rcc.o)
RCC_GetITStatus                                   .\libstm32fw.a(stm32f10x_rcc.o)
RCC_GetSYSCLKSource                               .\libstm32fw.a(stm32f10x_rcc.o)
RCC_HCLKConfig                                    .\libstm32fw.a(stm32f10x_rcc.o)
RCC_HSEConfig                                     .\libstm32fw.a(stm32f10x_rcc.o)
RCC_HSICmd                                        .\libstm32fw.a(stm32f10x_rcc.o)
RCC_IRQHandler                                    build/stm32_lib/c_only_startup.o
RCC_ITConfig                                      .\libstm32fw.a(stm32f10x_rcc.o)
RCC_LSEConfig                                     .\libstm32fw.a(stm32f10x_rcc.o)
RCC_LSICmd                                        .\libstm32fw.a(stm32f10x_rcc.o)
RCC_MCOConfig                                     .\libstm32fw.a(stm32f10x_rcc.o)
RCC_PCLK1Config                                   .\libstm32fw.a(stm32f10x_rcc.o)
RCC_PCLK2Config                                   .\libstm32fw.a(stm32f10x_rcc.o)
RCC_PLLCmd                                        .\libstm32fw.a(stm32f10x_rcc.o)
RCC_PLLConfig                                     .\libstm32fw.a(stm32f10x_rcc.o)
RCC_RTCCLKCmd                                     .\libstm32fw.a(stm32f10x_rcc.o)
RCC_RTCCLKConfig                                  .\libstm32fw.a(stm32f10x_rcc.o)
RCC_SYSCLKConfig                                  .\libstm32fw.a(stm32f10x_rcc.o)
RCC_USBCLKConfig                                  .\libstm32fw.a(stm32f10x_rcc.o)
RCC_WaitForHSEStartUp                             .\libstm32fw.a(stm32f10x_rcc.o)
RTCAlarm_IRQHandler                               build/stm32_lib/c_only_startup.o
RTC_IRQHandler                                    build/stm32_lib/c_only_startup.o
Reset_Handler                                     build/stm32_lib/c_only_startup.o
ResumeS                                           build/usb.o
SPI1_IRQHandler                                   build/stm32_lib/c_only_startup.o
SPI2_IRQHandler                                   build/stm32_lib/c_only_startup.o
SVC_Handler                                       build/stm32_lib/c_only_startup.o
SaveRState                                        build/usb_lib/usb_core.o
                                                  build/usb_lib/usb_int.o
SaveState                                         build/usb_lib/usb_init.o
SaveTState                                        build/usb_lib/usb_core.o
                                                  build/usb_lib/usb_int.o
SetBTABLE                                         build/usb_lib/usb_regs.o
SetCNTR                                           build/usb_lib/usb_regs.o
SetDADDR                                          build/usb_lib/usb_regs.o
SetDeviceAddress                                  build/usb_lib/usb_core.o
                                                  build/usb.o
SetDouBleBuffEPStall                              build/usb_lib/usb_regs.o
SetENDPOINT                                       build/usb_lib/usb_regs.o
SetEPAddress                                      build/usb_lib/usb_regs.o
SetEPCountRxReg                                   build/usb_lib/usb_regs.o
SetEPDblBuf0Addr                                  build/usb_lib/usb_regs.o
SetEPDblBuf0Count                                 build/usb_lib/usb_regs.o
SetEPDblBuf1Addr                                  build/usb_lib/usb_regs.o
SetEPDblBuf1Count                                 build/usb_lib/usb_regs.o
SetEPDblBuffAddr                                  build/usb_lib/usb_regs.o
SetEPDblBuffCount                                 build/usb_lib/usb_regs.o
SetEPDoubleBuff                                   build/usb_lib/usb_regs.o
SetEPRxAddr                                       build/usb_lib/usb_regs.o
SetEPRxCount                                      build/usb_lib/usb_regs.o
                                                  build/usb_lib/usb_core.o
                                                  build/usb.o
SetEPRxStatus                                     build/usb_lib/usb_regs.o
SetEPRxValid                                      build/usb_lib/usb_regs.o
                                                  build/usb.o
SetEPTxAddr                                       build/usb_lib/usb_regs.o
SetEPTxCount                                      build/usb_lib/usb_regs.o
                                                  build/usb_lib/usb_core.o
SetEPTxStatus                                     build/usb_lib/usb_regs.o
                                                  build/usb_lib/usb_core.o
SetEPTxValid                                      build/usb_lib/usb_regs.o
SetEPType                                         build/usb_lib/usb_regs.o
SetEP_KIND                                        build/usb_lib/usb_regs.o
SetISTR                                           build/usb_lib/usb_regs.o
Set_Status_Out                                    build/usb_lib/usb_regs.o
Setup0_Process                                    build/usb_lib/usb_core.o
                                                  build/usb_lib/usb_int.o
Standard_ClearFeature                             build/usb_lib/usb_core.o
Standard_GetConfiguration                         build/usb_lib/usb_core.o
Standard_GetDescriptorData                        build/usb_lib/usb_core.o
                                                  build/usb.o
Standard_GetInterface                             build/usb_lib/usb_core.o
Standard_GetStatus                                build/usb_lib/usb_core.o
Standard_SetConfiguration                         build/usb_lib/usb_core.o
Standard_SetDeviceFeature                         build/usb_lib/usb_core.o
Standard_SetEndPointFeature                       build/usb_lib/usb_core.o
Standard_SetInterface                             build/usb_lib/usb_core.o
StatusInfo                                        build/usb_lib/usb_core.o
SysTick_Handler                                   build/stm32_lib/c_only_startup.o
SystemInit_ExtMemCtl_Dummy                        build/stm32_lib/c_only_startup.o
TAMPER_IRQHandler                                 build/stm32_lib/c_only_startup.o
TIM1_BRK_IRQHandler                               build/stm32_lib/c_only_startup.o
TIM1_CC_IRQHandler                                build/stm32_lib/c_only_startup.o
TIM1_TRG_COM_IRQHandler                           build/stm32_lib/c_only_startup.o
TIM1_UP_IRQHandler                                build/stm32_lib/c_only_startup.o
TIM2_IRQHandler                                   build/stm32_lib/c_only_startup.o
TIM3_IRQHandler                                   build/stm32_lib/c_only_startup.o
TIM4_IRQHandler                                   build/stm32_lib/c_only_startup.o
ToWord                                            build/usb_lib/usb_regs.o
ToggleDTOG_RX                                     build/usb_lib/usb_regs.o
ToggleDTOG_TX                                     build/usb_lib/usb_regs.o
USART1_IRQHandler                                 build/stm32_lib/c_only_startup.o
USART2_IRQHandler                                 build/stm32_lib/c_only_startup.o
USART3_IRQHandler                                 build/stm32_lib/c_only_startup.o
USART_ClearFlag                                   .\libstm32fw.a(stm32f10x_usart.o)
USART_ClearITPendingBit                           .\libstm32fw.a(stm32f10x_usart.o)
USART_ClockInit                                   .\libstm32fw.a(stm32f10x_usart.o)
USART_ClockStructInit                             .\libstm32fw.a(stm32f10x_usart.o)
USART_Cmd                                         .\libstm32fw.a(stm32f10x_usart.o)
                                                  build/hardware.o
USART_DMACmd                                      .\libstm32fw.a(stm32f10x_usart.o)
USART_DeInit                                      .\libstm32fw.a(stm32f10x_usart.o)
USART_GetFlagStatus                               .\libstm32fw.a(stm32f10x_usart.o)
USART_GetITStatus                                 .\libstm32fw.a(stm32f10x_usart.o)
USART_HalfDuplexCmd                               .\libstm32fw.a(stm32f10x_usart.o)
USART_ITConfig                                    .\libstm32fw.a(stm32f10x_usart.o)
USART_Init                                        .\libstm32fw.a(stm32f10x_usart.o)
                                                  build/hardware.o
USART_IrDACmd                                     .\libstm32fw.a(stm32f10x_usart.o)
USART_IrDAConfig                                  .\libstm32fw.a(stm32f10x_usart.o)
USART_LINBreakDetectLengthConfig                  .\libstm32fw.a(stm32f10x_usart.o)
USART_LINCmd                                      .\libstm32fw.a(stm32f10x_usart.o)
USART_OneBitMethodCmd                             .\libstm32fw.a(stm32f10x_usart.o)
USART_OverSampling8Cmd                            .\libstm32fw.a(stm32f10x_usart.o)
USART_ReceiveData                                 .\libstm32fw.a(stm32f10x_usart.o)
USART_ReceiverWakeUpCmd                           .\libstm32fw.a(stm32f10x_usart.o)
USART_SendBreak                                   .\libstm32fw.a(stm32f10x_usart.o)
USART_SendData                                    .\libstm32fw.a(stm32f10x_usart.o)
USART_SetAddress                                  .\libstm32fw.a(stm32f10x_usart.o)
USART_SetGuardTime                                .\libstm32fw.a(stm32f10x_usart.o)
USART_SetPrescaler                                .\libstm32fw.a(stm32f10x_usart.o)
USART_SmartCardCmd                                .\libstm32fw.a(stm32f10x_usart.o)
USART_SmartCardNACKCmd                            .\libstm32fw.a(stm32f10x_usart.o)
USART_StructInit                                  .\libstm32fw.a(stm32f10x_usart.o)
USART_WakeUpConfig                                .\libstm32fw.a(stm32f10x_usart.o)
USBWakeUp_IRQHandler                              build/stm32_lib/c_only_startup.o
USB_HP_CAN1_TX_IRQHandler                         build/stm32_lib/c_only_startup.o
USB_Init                                          build/usb_lib/usb_init.o
                                                  build/usb.o
USB_LP_CAN1_RX0_IRQHandler                        build/usb.o
                                                  build/stm32_lib/c_only_startup.o
UU_PutChar                                        build/hardware.o
UU_PutString                                      build/hardware.o