Archive member included to satisfy reference by file (symbol)

/usr/local/Cellar/arm-none-eabi-gcc/7-2018-q2-update/gcc/bin/../lib/gcc/arm-none-eabi/7.3.1/../../../../arm-none-eabi/lib/thumb/v7-m/libc_nano.a(lib_a-memcpy-stub.o)
                              build/25519/ed25519.o (memcpy)
/usr/local/Cellar/arm-none-eabi-gcc/7-2018-q2-update/gcc/bin/../lib/gcc/arm-none-eabi/7.3.1/../../../../arm-none-eabi/lib/thumb/v7-m/libc_nano.a(lib_a-memset.o)
                              build/main.o (memset)
/usr/local/Cellar/arm-none-eabi-gcc/7-2018-q2-update/gcc/bin/../lib/gcc/arm-none-eabi/7.3.1/../../../../arm-none-eabi/lib/thumb/v7-m/libc_nano.a(lib_a-sprintf.o)
                              build/main.o (sprintf)
/usr/local/Cellar/arm-none-eabi-gcc/7-2018-q2-update/gcc/bin/../lib/gcc/arm-none-eabi/7.3.1/../../../../arm-none-eabi/lib/thumb/v7-m/libc_nano.a(lib_a-strlen.o)
                              build/main.o (strlen)
/usr/local/Cellar/arm-none-eabi-gcc/7-2018-q2-update/gcc/bin/../lib/gcc/arm-none-eabi/7.3.1/../../../../arm-none-eabi/lib/thumb/v7-m/libc_nano.a(lib_a-vsprintf.o)
                              build/hardware.o (vsprintf)
/usr/local/Cellar/arm-none-eabi-gcc/7-2018-q2-update/gcc/bin/../lib/gcc/arm-none-eabi/7.3.1/../../../../arm-none-eabi/lib/thumb/v7-m/libc_nano.a(lib_a-impure.o)
                              /usr/local/Cellar/arm-none-eabi-gcc/7-2018-q2-update/gcc/bin/../lib/gcc/arm-none-eabi/7.3.1/../../../../arm-none-eabi/lib/thumb/v7-m/libc_nano.a(lib_a-sprintf.o) (_impure_ptr)
/usr/local/Cellar/arm-none-eabi-gcc/7-2018-q2-update/gcc/bin/../lib/gcc/arm-none-eabi/7.3.1/../../../../arm-none-eabi/lib/thumb/v7-m/libc_nano.a(lib_a-nano-svfprintf.o)
                              /usr/local/Cellar/arm-none-eabi-gcc/7-2018-q2-update/gcc/bin/../lib/gcc/arm-none-eabi/7.3.1/../../../../arm-none-eabi/lib/thumb/v7-m/libc_nano.a(lib_a-sprintf.o) (_svfprintf_r)
/usr/local/Cellar/arm-none-eabi-gcc/7-2018-q2-update/gcc/bin/../lib/gcc/arm-none-eabi/7.3.1/../../../../arm-none-eabi/lib/thumb/v7-m/libc_nano.a(lib_a-nano-vfprintf_i.o)
                              /usr/local/Cellar/arm-none-eabi-gcc/7-2018-q2-update/gcc/bin/../lib/gcc/arm-none-eabi/7.3.1/../../../../arm-none-eabi/lib/thumb/v7-m/libc_nano.a(lib_a-nano-svfprintf.o) (_printf_i)
/usr/local/Cellar/arm-none-eabi-gcc/7-2018-q2-update/gcc/bin/../lib/gcc/arm-none-eabi/7.3.1/../../../../arm-none-eabi/lib/thumb/v7-m/libc_nano.a(lib_a-memchr-stub.o)
                              /usr/local/Cellar/arm-none-eabi-gcc/7-2018-q2-update/gcc/bin/../lib/gcc/arm-none-eabi/7.3.1/../../../../arm-none-eabi/lib/thumb/v7-m/libc_nano.a(lib_a-nano-svfprintf.o) (memchr)
/usr/local/Cellar/arm-none-eabi-gcc/7-2018-q2-update/gcc/bin/../lib/gcc/arm-none-eabi/7.3.1/../../../../arm-none-eabi/lib/thumb/v7-m/libc_nano.a(lib_a-memmove.o)
                              /usr/local/Cellar/arm-none-eabi-gcc/7-2018-q2-update/gcc/bin/../lib/gcc/arm-none-eabi/7.3.1/../../../../arm-none-eabi/lib/thumb/v7-m/libc_nano.a(lib_a-nano-svfprintf.o) (memmove)
/usr/local/Cellar/arm-none-eabi-gcc/7-2018-q2-update/gcc/bin/../lib/gcc/arm-none-eabi/7.3.1/../../../../arm-none-eabi/lib/thumb/v7-m/libc_nano.a(lib_a-nano-freer.o)
                              /usr/local/Cellar/arm-none-eabi-gcc/7-2018-q2-update/gcc/bin/../lib/gcc/arm-none-eabi/7.3.1/../../../../arm-none-eabi/lib/thumb/v7-m/libc_nano.a(lib_a-nano-svfprintf.o) (_free_r)
/usr/local/Cellar/arm-none-eabi-gcc/7-2018-q2-update/gcc/bin/../lib/gcc/arm-none-eabi/7.3.1/../../../../arm-none-eabi/lib/thumb/v7-m/libc_nano.a(lib_a-nano-mallocr.o)
                              /usr/local/Cellar/arm-none-eabi-gcc/7-2018-q2-update/gcc/bin/../lib/gcc/arm-none-eabi/7.3.1/../../../../arm-none-eabi/lib/thumb/v7-m/libc_nano.a(lib_a-nano-svfprintf.o) (_malloc_r)
/usr/local/Cellar/arm-none-eabi-gcc/7-2018-q2-update/gcc/bin/../lib/gcc/arm-none-eabi/7.3.1/../../../../arm-none-eabi/lib/thumb/v7-m/libc_nano.a(lib_a-nano-reallocr.o)
                              /usr/local/Cellar/arm-none-eabi-gcc/7-2018-q2-update/gcc/bin/../lib/gcc/arm-none-eabi/7.3.1/../../../../arm-none-eabi/lib/thumb/v7-m/libc_nano.a(lib_a-nano-svfprintf.o) (_realloc_r)
/usr/local/Cellar/arm-none-eabi-gcc/7-2018-q2-update/gcc/bin/../lib/gcc/arm-none-eabi/7.3.1/../../../../arm-none-eabi/lib/thumb/v7-m/libc_nano.a(lib_a-sbrkr.o)
                              /usr/local/Cellar/arm-none-eabi-gcc/7-2018-q2-update/gcc/bin/../lib/gcc/arm-none-eabi/7.3.1/../../../../arm-none-eabi/lib/thumb/v7-m/libc_nano.a(lib_a-nano-mallocr.o) (_sbrk_r)
/usr/local/Cellar/arm-none-eabi-gcc/7-2018-q2-update/gcc/bin/../lib/gcc/arm-none-eabi/7.3.1/../../../../arm-none-eabi/lib/thumb/v7-m/libc_nano.a(lib_a-mlock.o)
                              /usr/local/Cellar/arm-none-eabi-gcc/7-2018-q2-update/gcc/bin/../lib/gcc/arm-none-eabi/7.3.1/../../../../arm-none-eabi/lib/thumb/v7-m/libc_nano.a(lib_a-nano-freer.o) (__malloc_lock)
[...]
Memory Configuration

Name             Origin             Length             Attributes
RAM              0x0000000020000000 0x0000000000005000 xrw
FLASH            0x0000000008000000 0x0000000000020000 xr
*default*        0x0000000000000000 0xffffffffffffffff

Linker script and memory map

LOAD build/stm32_lib/c_only_startup.o
LOAD build/stm32_lib/cortexm3_macro.o
LOAD build/usb.o
LOAD build/usb_callbacks.o
LOAD build/usb_descriptor.o
LOAD build/main.o
LOAD build/hardware.o
LOAD build/dfu.o
LOAD build/25519/c25519.o
LOAD build/25519/ed25519.o
LOAD build/25519/edsign.o
LOAD build/25519/f25519.o
LOAD build/25519/fprime.o
LOAD build/25519/morph25519.o
LOAD build/25519/sha256.o
LOAD build/25519/sha512.o
LOAD build/base64/cdecode.o
LOAD build/base64/cencode.o
LOAD build/image.o
LOAD build/usb_lib/usb_regs.o
LOAD build/usb_lib/usb_int.o
LOAD build/usb_lib/usb_init.o
LOAD build/usb_lib/usb_core.o
LOAD build/usb_lib/usb_mem.o
LOAD /usr/local/Cellar/arm-none-eabi-gcc/7-2018-q2-update/gcc/bin/../lib/gcc/arm-none-eabi/7.3.1/../../../../arm-none-eabi/lib/thumb/v7-m/libc_nano.a
LOAD /usr/local/Cellar/arm-none-eabi-gcc/7-2018-q2-update/gcc/bin/../lib/gcc/arm-none-eabi/7.3.1/thumb/v7-m/libgcc.a
LOAD ./libstm32fw.a
START GROUP
LOAD /usr/local/Cellar/arm-none-eabi-gcc/7-2018-q2-update/gcc/bin/../lib/gcc/arm-none-eabi/7.3.1/thumb/v7-m/libgcc.a
LOAD /usr/local/Cellar/arm-none-eabi-gcc/7-2018-q2-update/gcc/bin/../lib/gcc/arm-none-eabi/7.3.1/../../../../arm-none-eabi/lib/thumb/v7-m/libg_nano.a
LOAD /usr/local/Cellar/arm-none-eabi-gcc/7-2018-q2-update/gcc/bin/../lib/gcc/arm-none-eabi/7.3.1/../../../../arm-none-eabi/lib/thumb/v7-m/libc_nano.a
END GROUP
START GROUP
LOAD /usr/local/Cellar/arm-none-eabi-gcc/7-2018-q2-update/gcc/bin/../lib/gcc/arm-none-eabi/7.3.1/thumb/v7-m/libgcc.a
LOAD /usr/local/Cellar/arm-none-eabi-gcc/7-2018-q2-update/gcc/bin/../lib/gcc/arm-none-eabi/7.3.1/../../../../arm-none-eabi/lib/thumb/v7-m/libc_nano.a
LOAD /usr/local/Cellar/arm-none-eabi-gcc/7-2018-q2-update/gcc/bin/../lib/gcc/arm-none-eabi/7.3.1/../../../../arm-none-eabi/lib/thumb/v7-m/libnosys.a
END GROUP
START GROUP
LOAD /usr/local/Cellar/arm-none-eabi-gcc/7-2018-q2-update/gcc/bin/../lib/gcc/arm-none-eabi/7.3.1/thumb/v7-m/libgcc.a
LOAD /usr/local/Cellar/arm-none-eabi-gcc/7-2018-q2-update/gcc/bin/../lib/gcc/arm-none-eabi/7.3.1/../../../../arm-none-eabi/lib/thumb/v7-m/libc_nano.a
LOAD /usr/local/Cellar/arm-none-eabi-gcc/7-2018-q2-update/gcc/bin/../lib/gcc/arm-none-eabi/7.3.1/../../../../arm-none-eabi/lib/thumb/v7-m/libnosys.a
END GROUP
                0x0000000000000800                __Stack_Size = 0x800
                [!provide]                        PROVIDE (_Stack_Size = __Stack_Size)
                0x0000000020004800                __Stack_Init = (_estack - __Stack_Size)
                [!provide]                        PROVIDE (_Stack_Init = __Stack_Init)
                0x0000000000000100                _Minimum_Stack_Size = 0x100
                0x0000000020005000                _estack = 0x20005000

.isr_vector     0x0000000008000000       0xf0
                0x0000000008000000                . = ALIGN (0x4)
 *(.isr_vector)
 .isr_vector    0x0000000008000000       0xf0 build/stm32_lib/c_only_startup.o
                0x0000000008000000                g_pfnVectors
                0x00000000080000f0                . = ALIGN (0x4)

.flashtext      0x00000000080000f0        0x0
                0x00000000080000f0                . = ALIGN (0x4)
 *(.flashtext)
                0x00000000080000f0                . = ALIGN (0x4)

.text           0x00000000080000f0     0x651c
                0x00000000080000f0                . = ALIGN (0x4)
 *(.text)
 .text          0x00000000080000f0      0x2e8 ./libstm32fw.a(stm32f10x_gpio.o)
                0x00000000080000f0                GPIO_DeInit
                0x00000000080001cc                GPIO_AFIODeInit
                0x00000000080001e4                GPIO_Init
                0x00000000080002a8                GPIO_StructInit
                0x00000000080002b8                GPIO_ReadInputDataBit
                0x00000000080002c4                GPIO_ReadInputData
                0x00000000080002cc                GPIO_ReadOutputDataBit
                0x00000000080002d8                GPIO_ReadOutputData
                0x00000000080002e0                GPIO_SetBits
                0x00000000080002e4                GPIO_ResetBits
                0x00000000080002e8                GPIO_WriteBit
                0x00000000080002f4                GPIO_Write
                0x00000000080002f8                GPIO_PinLockConfig
                0x0000000008000308                GPIO_EventOutputConfig
                0x0000000008000328                GPIO_EventOutputCmd
                0x0000000008000334                GPIO_PinRemapConfig
                0x00000000080003a0                GPIO_EXTILineConfig
                0x00000000080003cc                GPIO_ETH_MediaInterfaceConfig
 .text          0x00000000080003d8      0x360 ./libstm32fw.a(stm32f10x_rcc.o)
                0x00000000080003d8                RCC_DeInit
                0x0000000008000418                RCC_HSEConfig
                0x0000000008000450                RCC_WaitForHSEStartUp
                0x0000000008000488                RCC_AdjustHSICalibrationValue
                0x000000000800049c                RCC_HSICmd
                0x00000000080004a8                RCC_PLLConfig
                0x00000000080004bc                RCC_PLLCmd
                0x00000000080004c8                RCC_SYSCLKConfig
                0x00000000080004dc                RCC_GetSYSCLKSource
                0x00000000080004ec                RCC_HCLKConfig
                0x0000000008000500                RCC_PCLK1Config
                0x0000000008000514                RCC_PCLK2Config
                0x0000000008000528                RCC_ITConfig
                0x0000000008000540                RCC_USBCLKConfig
                0x000000000800054c                RCC_ADCCLKConfig
                0x0000000008000560                RCC_LSEConfig
                0x0000000008000580                RCC_LSICmd
                0x000000000800058c                RCC_RTCCLKConfig
                0x000000000800059c                RCC_RTCCLKCmd
                0x00000000080005a8                RCC_GetClocksFreq
                0x0000000008000638                RCC_AHBPeriphClockCmd
                0x0000000008000650                RCC_APB2PeriphClockCmd
                0x0000000008000668                RCC_APB1PeriphClockCmd
                0x0000000008000680                RCC_APB2PeriphResetCmd
                0x0000000008000698                RCC_APB1PeriphResetCmd
                0x00000000080006b0                RCC_BackupResetCmd
                0x00000000080006bc                RCC_ClockSecuritySystemCmd
                0x00000000080006c8                RCC_MCOConfig
                0x00000000080006d4                RCC_GetFlagStatus
                0x0000000008000708                RCC_ClearFlag
                0x0000000008000718                RCC_GetITStatus
                0x000000000800072c                RCC_ClearITPendingBit
 .text          0x0000000008000738      0x414 ./libstm32fw.a(stm32f10x_usart.o)
                0x0000000008000738                USART_DeInit
                0x00000000080007e8                USART_Init
                0x00000000080008a4                USART_StructInit
                0x00000000080008bc                USART_ClockInit
                0x00000000080008e0                USART_ClockStructInit
                0x00000000080008ec                USART_Cmd
                0x0000000008000908                USART_ITConfig
                0x0000000008000944                USART_DMACmd
                0x0000000008000958                USART_SetAddress
                0x0000000008000970                USART_WakeUpConfig
                0x0000000008000988                USART_ReceiverWakeUpCmd
                0x00000000080009a4                USART_LINBreakDetectLengthConfig
                0x00000000080009bc                USART_LINCmd
                0x00000000080009d8                USART_SendData
                0x00000000080009e0                USART_ReceiveData
                0x00000000080009e8                USART_SendBreak
                0x00000000080009f4                USART_SetGuardTime
                0x0000000008000a08                USART_SetPrescaler
                0x0000000008000a1c                USART_SmartCardCmd
                0x0000000008000a38                USART_SmartCardNACKCmd
                0x0000000008000a54                USART_HalfDuplexCmd
                0x0000000008000a70                USART_OverSampling8Cmd
                0x0000000008000a8c                USART_OneBitMethodCmd
                0x0000000008000aa8                USART_IrDAConfig
                0x0000000008000ac0                USART_IrDACmd
                0x0000000008000adc                USART_GetFlagStatus
                0x0000000008000ae8                USART_ClearFlag
                0x0000000008000af0                USART_GetITStatus
                0x0000000008000b3c                USART_ClearITPendingBit
 *(.text.*)
 .text.Reset_Handler
                0x0000000008000b4c       0x40 build/stm32_lib/c_only_startup.o
                0x0000000008000b4c                Reset_Handler
 .text.Default_Handler
                0x0000000008000b8c        0x2 build/stm32_lib/c_only_startup.o
                0x0000000008000b8c                USBWakeUp_IRQHandler
                0x0000000008000b8c                DebugMon_Handler
                0x0000000008000b8c                TIM1_CC_IRQHandler
                0x0000000008000b8c                HardFault_Handler
                0x0000000008000b8c                SysTick_Handler
                0x0000000008000b8c                PVD_IRQHandler
                0x0000000008000b8c                PendSV_Handler
                0x0000000008000b8c                NMI_Handler
                0x0000000008000b8c                EXTI3_IRQHandler
                0x0000000008000b8c                EXTI0_IRQHandler
                0x0000000008000b8c                I2C2_EV_IRQHandler
                0x0000000008000b8c                UsageFault_Handler
                0x0000000008000b8c                ADC1_2_IRQHandler
                0x0000000008000b8c                SPI1_IRQHandler
                0x0000000008000b8c                TAMPER_IRQHandler
                0x0000000008000b8c                DMA1_Channel4_IRQHandler
                0x0000000008000b8c                USART3_IRQHandler
                0x0000000008000b8c                RTC_IRQHandler
                0x0000000008000b8c                DMA1_Channel7_IRQHandler
                0x0000000008000b8c                CAN1_RX1_IRQHandler
                0x0000000008000b8c                TIM4_IRQHandler
                0x0000000008000b8c                I2C1_EV_IRQHandler
                0x0000000008000b8c                DMA1_Channel6_IRQHandler
                0x0000000008000b8c                TIM3_IRQHandler
                0x0000000008000b8c                RCC_IRQHandler
                0x0000000008000b8c                TIM1_TRG_COM_IRQHandler
                0x0000000008000b8c                DMA1_Channel1_IRQHandler
                0x0000000008000b8c                Default_Handler
                0x0000000008000b8c                EXTI15_10_IRQHandler
                0x0000000008000b8c                EXTI9_5_IRQHandler
                0x0000000008000b8c                SPI2_IRQHandler
                0x0000000008000b8c                MemManage_Handler
                0x0000000008000b8c                SVC_Handler
                0x0000000008000b8c                DMA1_Channel5_IRQHandler
                0x0000000008000b8c                EXTI4_IRQHandler
                0x0000000008000b8c                USB_HP_CAN1_TX_IRQHandler
                0x0000000008000b8c                DMA1_Channel3_IRQHandler
                0x0000000008000b8c                TIM1_UP_IRQHandler
                0x0000000008000b8c                WWDG_IRQHandler
                0x0000000008000b8c                TIM2_IRQHandler
                0x0000000008000b8c                TIM1_BRK_IRQHandler
                0x0000000008000b8c                EXTI1_IRQHandler
                0x0000000008000b8c                RTCAlarm_IRQHandler
                0x0000000008000b8c                USART2_IRQHandler
                0x0000000008000b8c                I2C2_ER_IRQHandler
                0x0000000008000b8c                DMA1_Channel2_IRQHandler
                0x0000000008000b8c                CAN1_SCE_IRQHandler
                0x0000000008000b8c                FLASH_IRQHandler
                0x0000000008000b8c                BusFault_Handler
                0x0000000008000b8c                USART1_IRQHandler
                0x0000000008000b8c                I2C1_ER_IRQHandler
                0x0000000008000b8c                EXTI2_IRQHandler
 .text.usbStatusIn
                0x0000000008000b8e        0x2 build/usb.o
                0x0000000008000b8e                usbStatusIn
 .text.usbGetInterfaceSetting
                0x0000000008000b90        0xa build/usb.o
                0x0000000008000b90                usbGetInterfaceSetting
 *fill*         0x0000000008000b9a        0x2 
 .text.usbSetConfiguration
                0x0000000008000b9c       0x18 build/usb.o
                0x0000000008000b9c                usbSetConfiguration
 .text.usbSetDeviceAddress
                0x0000000008000bb4        0xc build/usb.o
                0x0000000008000bb4                usbSetDeviceAddress
 .text.usbReset
                0x0000000008000bc0       0xa8 build/usb.o
                0x0000000008000bc0                usbReset
 .text.usbGetDeviceDescriptor
                0x0000000008000c68        0xc build/usb.o
                0x0000000008000c68                usbGetDeviceDescriptor
 .text.usbGetConfigDescriptor
                0x0000000008000c74        0xc build/usb.o
                0x0000000008000c74                usbGetConfigDescriptor
 .text.usbGetStringDescriptor
                0x0000000008000c80       0x20 build/usb.o
                0x0000000008000c80                usbGetStringDescriptor
 .text.usbGetFunctionalDescriptor
                0x0000000008000ca0        0xc build/usb.o
                0x0000000008000ca0                usbGetFunctionalDescriptor
 .text.usbDataSetup
                0x0000000008000cac       0x74 build/usb.o
                0x0000000008000cac                usbDataSetup
 .text.usbNoDataSetup
                0x0000000008000d20       0x24 build/usb.o
                0x0000000008000d20                usbNoDataSetup
 .text.usbSetDeviceFeature
                0x0000000008000d44        0x2 build/usb.o
                0x0000000008000d44                usbSetDeviceFeature
 .text.nothingProc
                0x0000000008000d46        0x2 build/usb.o
                0x0000000008000d46                nothingProc
 .text.usbStatusOut
                0x0000000008000d48        0x2 build/usb.o
                0x0000000008000d48                usbStatusOut
 .text.usbGetConfiguration
                0x0000000008000d4a        0x2 build/usb.o
                0x0000000008000d4a                usbGetConfiguration
 .text.usbGetInterface
                0x0000000008000d4c        0x2 build/usb.o
                0x0000000008000d4c                usbGetInterface
 .text.usbSetInterface
                0x0000000008000d4e        0x2 build/usb.o
                0x0000000008000d4e                usbSetInterface
 .text.usbGetStatus
                0x0000000008000d50        0x2 build/usb.o
                0x0000000008000d50                usbGetStatus
 .text.usbClearFeature
                0x0000000008000d52        0x2 build/usb.o
                0x0000000008000d52                usbClearFeature
 .text.usbSetEndpointFeature
                0x0000000008000d54        0x2 build/usb.o
                0x0000000008000d54                usbSetEndpointFeature
 *fill*         0x0000000008000d56        0x2 
 .text.setupUSB
                0x0000000008000d58       0x6c build/usb.o
                0x0000000008000d58                setupUSB
 .text.usbSuspend
                0x0000000008000dc4       0x1c build/usb.o
                0x0000000008000dc4                usbSuspend
 .text.usbResumeInit
                0x0000000008000de0       0x18 build/usb.o
                0x0000000008000de0                usbResumeInit
 .text.usbResume
                0x0000000008000df8       0x80 build/usb.o
                0x0000000008000df8                usbResume
 .text.usbPowerOn
                0x0000000008000e78       0x44 build/usb.o
                0x0000000008000e78                usbPowerOn
 .text.usbPowerOff
                0x0000000008000ebc       0x3c build/usb.o
                0x0000000008000ebc                usbPowerOff
 .text.usbDsbBus
                0x0000000008000ef8        0x4 build/usb.o
                0x0000000008000ef8                usbDsbBus
 .text.usbEnbISR
                0x0000000008000efc       0x20 build/usb.o
                0x0000000008000efc                usbEnbISR
 .text.usbInit  0x0000000008000f1c       0x40 build/usb.o
                0x0000000008000f1c                usbInit
 .text.usbDsbISR
                0x0000000008000f5c       0x1e build/usb.o
                0x0000000008000f5c                usbDsbISR
 *fill*         0x0000000008000f7a        0x2 
 .text.USB_LP_CAN1_RX0_IRQHandler
                0x0000000008000f7c       0xb4 build/usb.o
                0x0000000008000f7c                USB_LP_CAN1_RX0_IRQHandler
 .text.encode_b64
                0x0000000008001030       0x2e build/main.o
                0x0000000008001030                encode_b64
 *fill*         0x000000000800105e        0x2 
 .text.transmit_publickey_data
                0x0000000008001060       0xc8 build/main.o
                0x0000000008001060                transmit_publickey_data
 .text.print_bootheader
                0x0000000008001128       0x40 build/main.o
                0x0000000008001128                print_bootheader
 .text.startup.main
                0x0000000008001168       0xf4 build/main.o
                0x0000000008001168                main
 .text.gpio_write_bit
                0x000000000800125c       0x14 build/hardware.o
                0x000000000800125c                gpio_write_bit
 .text.readPin  0x0000000008001270       0x12 build/hardware.o
                0x0000000008001270                readPin
 .text.strobePin
                0x0000000008001282       0x50 build/hardware.o
                0x0000000008001282                strobePin
 .text.UU_PutChar
                0x00000000080012d2        0xc build/hardware.o
                0x00000000080012d2                UU_PutChar
 .text.UU_PutString
                0x00000000080012de       0x16 build/hardware.o
                0x00000000080012de                UU_PutString
 .text.vprint   0x00000000080012f4       0x24 build/hardware.o
                0x00000000080012f4                vprint
 .text.uart_printf
                0x0000000008001318       0x1a build/hardware.o
                0x0000000008001318                uart_printf
 *fill*         0x0000000008001332        0x2 
 .text.hexdump  0x0000000008001334       0xb8 build/hardware.o
                0x0000000008001334                hexdump
 .text.print_hash
                0x00000000080013ec       0x2c build/hardware.o
                0x00000000080013ec                print_hash
 .text.uartInit
                0x0000000008001418       0x84 build/hardware.o
                0x0000000008001418                uartInit
 .text.systemReset
                0x000000000800149c       0x48 build/hardware.o
                0x000000000800149c                systemReset
 .text.setupCLK
                0x00000000080014e4       0x60 build/hardware.o
                0x00000000080014e4                setupCLK
 .text.setupLEDAndButton
                0x0000000008001544       0x14 build/hardware.o
                0x0000000008001544                setupLEDAndButton
 .text.setupFLASH
                0x0000000008001558       0x1c build/hardware.o
                0x0000000008001558                setupFLASH
 .text.uid_read
                0x0000000008001574        0x2 build/hardware.o
                0x0000000008001574                uid_read
 *fill*         0x0000000008001576        0x2 
 .text.setMspAndJump
                0x0000000008001578       0x14 build/hardware.o
                0x0000000008001578                setMspAndJump
 .text.nvicInit
                0x000000000800158c       0x6c build/hardware.o
                0x000000000800158c                nvicInit
 .text.nvicDisableInterrupts
                0x00000000080015f8       0x24 build/hardware.o
                0x00000000080015f8                nvicDisableInterrupts
 .text.jumpToUser
                0x000000000800161c       0x1e build/hardware.o
                0x000000000800161c                jumpToUser
 *fill*         0x000000000800163a        0x2 
 .text.systemHardReset
                0x000000000800163c       0x14 build/hardware.o
                0x000000000800163c                systemHardReset
 .text.flashErasePage
                0x0000000008001650       0x38 build/hardware.o
                0x0000000008001650                flashErasePage
 .text.flashWriteWord
                0x0000000008001688       0x50 build/hardware.o
                0x0000000008001688                flashWriteWord
 .text.flashLock
                0x00000000080016d8        0xc build/hardware.o
                0x00000000080016d8                flashLock
 .text.flashUnlock
                0x00000000080016e4       0x18 build/hardware.o
                0x00000000080016e4                flashUnlock
 .text.crMask   0x00000000080016fc       0x12 build/hardware.o
                0x00000000080016fc                crMask
 *fill*         0x000000000800170e        0x2 
 .text.getFlashEnd
                0x0000000008001710       0x10 build/hardware.o
                0x0000000008001710                getFlashEnd
 .text.getFlashPageSize
                0x0000000008001720       0x18 build/hardware.o
                0x0000000008001720                getFlashPageSize
 .text.dfuInit  0x0000000008001738       0x88 build/dfu.o
                0x0000000008001738                dfuInit
 .text.dfuUpdateByReset
                0x00000000080017c0       0x44 build/dfu.o
                0x00000000080017c0                dfuUpdateByReset
 .text.dfuCopyState
                0x0000000008001804       0x18 build/dfu.o
                0x0000000008001804                dfuCopyState
 .text.dfuCopyStatus
                0x000000000800181c       0x18 build/dfu.o
                0x000000000800181c                dfuCopyStatus
 .text.dfuCopyDNLOAD
                0x0000000008001834       0x28 build/dfu.o
                0x0000000008001834                dfuCopyDNLOAD
 .text.dfuCopyUPLOAD
                0x000000000800185c       0x30 build/dfu.o
                0x000000000800185c                dfuCopyUPLOAD
 .text.dfuCopyBufferToExec
                0x000000000800188c       0x58 build/dfu.o
                0x000000000800188c                dfuCopyBufferToExec
 .text.dfuUpdateByRequest
                0x00000000080018e4      0x254 build/dfu.o
                0x00000000080018e4                dfuUpdateByRequest
 .text.dfuUploadStarted
                0x0000000008001b38        0xc build/dfu.o
                0x0000000008001b38                dfuUploadStarted
 .text.dfuFinishUpload
                0x0000000008001b44        0x2 build/dfu.o
                0x0000000008001b44                dfuFinishUpload
 .text.ed25519_project
                0x0000000008001b46       0x4a build/25519/ed25519.o
                0x0000000008001b46                ed25519_project
 .text.ed25519_unproject
                0x0000000008001b90       0x3a build/25519/ed25519.o
                0x0000000008001b90                ed25519_unproject
 .text.ed25519_pack
                0x0000000008001bca       0x54 build/25519/ed25519.o
                0x0000000008001bca                ed25519_pack
 *fill*         0x0000000008001c1e        0x2 
 .text.ed25519_try_unpack
                0x0000000008001c20       0xa8 build/25519/ed25519.o
                0x0000000008001c20                ed25519_try_unpack
 .text.ed25519_add
                0x0000000008001cc8       0xe0 build/25519/ed25519.o
                0x0000000008001cc8                ed25519_add
 .text.ed25519_double
                0x0000000008001da8       0xb4 build/25519/ed25519.o
                0x0000000008001da8                ed25519_double
 .text.ed25519_smult
                0x0000000008001e5c       0x84 build/25519/ed25519.o
                0x0000000008001e5c                ed25519_smult
 .text.hash_with_prefix
                0x0000000008001ee0       0x90 build/25519/edsign.o
 .text.expand_key
                0x0000000008001f70       0x54 build/25519/edsign.o
 .text.sm_pack  0x0000000008001fc4       0x2c build/25519/edsign.o
 .text.edsign_sec_to_pub
                0x0000000008001ff0       0x18 build/25519/edsign.o
                0x0000000008001ff0                edsign_sec_to_pub
 .text.edsign_sign
                0x0000000008002008       0xc4 build/25519/edsign.o
                0x0000000008002008                edsign_sign
 .text.edsign_verify
                0x00000000080020cc       0xbe build/25519/edsign.o
                0x00000000080020cc                edsign_verify
 .text.f25519_load
                0x000000000800218a       0x1e build/25519/f25519.o
                0x000000000800218a                f25519_load
 .text.f25519_eq
                0x00000000080021a8       0x36 build/25519/f25519.o
                0x00000000080021a8                f25519_eq
 .text.f25519_select
                0x00000000080021de       0x2c build/25519/f25519.o
                0x00000000080021de                f25519_select
 .text.f25519_normalize
                0x000000000800220a       0x5e build/25519/f25519.o
                0x000000000800220a                f25519_normalize
 .text.f25519_add
                0x0000000008002268       0x50 build/25519/f25519.o
                0x0000000008002268                f25519_add
 .text.f25519_sub
                0x00000000080022b8       0x5c build/25519/f25519.o
                0x00000000080022b8                f25519_sub
 .text.f25519_neg
                0x0000000008002314       0x48 build/25519/f25519.o
                0x0000000008002314                f25519_neg
 .text.f25519_mul__distinct
                0x000000000800235c       0x70 build/25519/f25519.o
                0x000000000800235c                f25519_mul__distinct
 .text.f25519_mul_c
                0x00000000080023cc       0x40 build/25519/f25519.o
                0x00000000080023cc                f25519_mul_c
 .text.f25519_inv__distinct
                0x000000000800240c       0x88 build/25519/f25519.o
                0x000000000800240c                f25519_inv__distinct
 .text.f25519_sqrt
                0x0000000008002494       0x9a build/25519/f25519.o
                0x0000000008002494                f25519_sqrt
 .text.raw_add  0x000000000800252e       0x22 build/25519/fprime.o
 .text.prime_msb
                0x0000000008002550       0x1c build/25519/fprime.o
 .text.shift_n_bits
                0x000000000800256c       0x1e build/25519/fprime.o
 .text.fprime_select
                0x000000000800258a       0x2c build/25519/fprime.o
                0x000000000800258a                fprime_select
 .text.raw_try_sub
                0x00000000080025b6       0x2e build/25519/fprime.o
 .text.fprime_from_bytes
                0x00000000080025e4       0xa0 build/25519/fprime.o
                0x00000000080025e4                fprime_from_bytes
 .text.fprime_add
                0x0000000008002684       0x16 build/25519/fprime.o
                0x0000000008002684                fprime_add
 .text.fprime_mul
                0x000000000800269a       0x7e build/25519/fprime.o
                0x000000000800269a                fprime_mul
 .text.sha256_starts
                0x0000000008002718       0x50 build/25519/sha256.o
                0x0000000008002718                sha256_starts
 .text.sha256_process
                0x0000000008002768     0x1a54 build/25519/sha256.o
                0x0000000008002768                sha256_process
 .text.sha256_update.part.0
                0x00000000080041bc       0x86 build/25519/sha256.o
 .text.sha256_update
                0x0000000008004242        0x8 build/25519/sha256.o
                0x0000000008004242                sha256_update
 *fill*         0x000000000800424a        0x2 
 .text.sha256_finish
                0x000000000800424c      0x100 build/25519/sha256.o
                0x000000000800424c                sha256_finish
 .text.store64  0x000000000800434c       0x1e build/25519/sha512.o
 *fill*         0x000000000800436a        0x2 
 .text.sha512_block
                0x000000000800436c      0x404 build/25519/sha512.o
                0x000000000800436c                sha512_block
 .text.sha512_final
                0x0000000008004770       0x5a build/25519/sha512.o
                0x0000000008004770                sha512_final
 .text.sha512_get
                0x00000000080047ca       0x9e build/25519/sha512.o
                0x00000000080047ca                sha512_get
 .text.base64_init_encodestate
                0x0000000008004868        0xa build/base64/cencode.o
                0x0000000008004868                base64_init_encodestate
 *fill*         0x0000000008004872        0x2 
 .text.base64_encode_value
                0x0000000008004874       0x10 build/base64/cencode.o
                0x0000000008004874                base64_encode_value
 .text.base64_encode_block
                0x0000000008004884       0xc0 build/base64/cencode.o
                0x0000000008004884                base64_encode_block
 .text.base64_encode_blockend
                0x0000000008004944       0x3e build/base64/cencode.o
                0x0000000008004944                base64_encode_blockend
 *fill*         0x0000000008004982        0x2 
 .text.failErase
                0x0000000008004984       0x44 build/image.o
                0x0000000008004984                failErase
 .text.imageCheckFromAddress
                0x00000000080049c8      0x16c build/image.o
                0x00000000080049c8                imageCheckFromAddress
 .text.SetEPTxStatus
                0x0000000008004b34       0x2a build/usb_lib/usb_regs.o
                0x0000000008004b34                SetEPTxStatus
 .text.SetEPRxValid
                0x0000000008004b5e       0x1e build/usb_lib/usb_regs.o
                0x0000000008004b5e                SetEPRxValid
 .text.ClearEP_KIND
                0x0000000008004b7c       0x1c build/usb_lib/usb_regs.o
                0x0000000008004b7c                ClearEP_KIND
 .text.Clear_Status_Out
                0x0000000008004b98        0x4 build/usb_lib/usb_regs.o
                0x0000000008004b98                Clear_Status_Out
 .text.ClearDTOG_RX
                0x0000000008004b9c       0x26 build/usb_lib/usb_regs.o
                0x0000000008004b9c                ClearDTOG_RX
 .text.ClearDTOG_TX
                0x0000000008004bc2       0x26 build/usb_lib/usb_regs.o
                0x0000000008004bc2                ClearDTOG_TX
 .text.GetEPTxAddr
                0x0000000008004be8       0x1c build/usb_lib/usb_regs.o
                0x0000000008004be8                GetEPTxAddr
 .text.GetEPRxAddr
                0x0000000008004c04       0x1c build/usb_lib/usb_regs.o
                0x0000000008004c04                GetEPRxAddr
 .text.SetEPTxCount
                0x0000000008004c20       0x1c build/usb_lib/usb_regs.o
                0x0000000008004c20                SetEPTxCount
 .text.SetEPRxCount
                0x0000000008004c3c       0x40 build/usb_lib/usb_regs.o
                0x0000000008004c3c                SetEPRxCount
 .text.CTR_LP   0x0000000008004c7c      0x170 build/usb_lib/usb_int.o
                0x0000000008004c7c                CTR_LP
 .text.USB_Init
                0x0000000008004dec       0x34 build/usb_lib/usb_init.o
                0x0000000008004dec                USB_Init
 .text.Standard_GetConfiguration
                0x0000000008004e20       0x24 build/usb_lib/usb_core.o
                0x0000000008004e20                Standard_GetConfiguration
 .text.Standard_GetInterface
                0x0000000008004e44       0x24 build/usb_lib/usb_core.o
                0x0000000008004e44                Standard_GetInterface
 .text.Standard_GetStatus
                0x0000000008004e68       0x88 build/usb_lib/usb_core.o
                0x0000000008004e68                Standard_GetStatus
 .text.DataStageIn
                0x0000000008004ef0       0xac build/usb_lib/usb_core.o
 .text.Standard_SetConfiguration
                0x0000000008004f9c       0x38 build/usb_lib/usb_core.o
                0x0000000008004f9c                Standard_SetConfiguration
 .text.Standard_SetInterface
                0x0000000008004fd4       0x4c build/usb_lib/usb_core.o
                0x0000000008004fd4                Standard_SetInterface
 .text.Standard_ClearFeature
                0x0000000008005020       0xc4 build/usb_lib/usb_core.o
                0x0000000008005020                Standard_ClearFeature
 .text.Standard_SetEndPointFeature
                0x00000000080050e4       0x7c build/usb_lib/usb_core.o
                0x00000000080050e4                Standard_SetEndPointFeature
 .text.Standard_SetDeviceFeature
                0x0000000008005160       0x24 build/usb_lib/usb_core.o
                0x0000000008005160                Standard_SetDeviceFeature
 .text.Standard_GetDescriptorData
                0x0000000008005184       0x1c build/usb_lib/usb_core.o
                0x0000000008005184                Standard_GetDescriptorData
 .text.Post0_Process
                0x00000000080051a0       0x40 build/usb_lib/usb_core.o
                0x00000000080051a0                Post0_Process
 .text.Setup0_Process
                0x00000000080051e0      0x2bc build/usb_lib/usb_core.o
                0x00000000080051e0                Setup0_Process
 .text.Out0_Process
                0x000000000800549c       0xc0 build/usb_lib/usb_core.o
                0x000000000800549c                Out0_Process
 .text.SetDeviceAddress
                0x000000000800555c       0x38 build/usb_lib/usb_core.o
                0x000000000800555c                SetDeviceAddress
 .text.In0_Process
                0x0000000008005594       0x5c build/usb_lib/usb_core.o
                0x0000000008005594                In0_Process
 .text.UserToPMABufferCopy
                0x00000000080055f0       0x1e build/usb_lib/usb_mem.o
                0x00000000080055f0                UserToPMABufferCopy
 .text.PMAToUserBufferCopy
                0x000000000800560e       0x24 build/usb_lib/usb_mem.o
                0x000000000800560e                PMAToUserBufferCopy
 .text.memcpy   0x0000000008005632       0x16 /usr/local/Cellar/arm-none-eabi-gcc/7-2018-q2-update/gcc/bin/../lib/gcc/arm-none-eabi/7.3.1/../../../../arm-none-eabi/lib/thumb/v7-m/libc_nano.a(lib_a-memcpy-stub.o)
                0x0000000008005632                memcpy
 .text.memset   0x0000000008005648       0x10 /usr/local/Cellar/arm-none-eabi-gcc/7-2018-q2-update/gcc/bin/../lib/gcc/arm-none-eabi/7.3.1/../../../../arm-none-eabi/lib/thumb/v7-m/libc_nano.a(lib_a-memset.o)
                0x0000000008005648                memset
 .text.sprintf  0x0000000008005658       0x40 /usr/local/Cellar/arm-none-eabi-gcc/7-2018-q2-update/gcc/bin/../lib/gcc/arm-none-eabi/7.3.1/../../../../arm-none-eabi/lib/thumb/v7-m/libc_nano.a(lib_a-sprintf.o)
                0x0000000008005658                sprintf
                0x0000000008005658                siprintf
 .text._vsprintf_r
                0x0000000008005698       0x2c /usr/local/Cellar/arm-none-eabi-gcc/7-2018-q2-update/gcc/bin/../lib/gcc/arm-none-eabi/7.3.1/../../../../arm-none-eabi/lib/thumb/v7-m/libc_nano.a(lib_a-vsprintf.o)
                0x0000000008005698                _vsiprintf_r
                0x0000000008005698                _vsprintf_r
 .text.vsprintf
                0x00000000080056c4       0x14 /usr/local/Cellar/arm-none-eabi-gcc/7-2018-q2-update/gcc/bin/../lib/gcc/arm-none-eabi/7.3.1/../../../../arm-none-eabi/lib/thumb/v7-m/libc_nano.a(lib_a-vsprintf.o)
                0x00000000080056c4                vsprintf
                0x00000000080056c4                vsiprintf
 .text.__ssputs_r
                0x00000000080056d8       0xb4 /usr/local/Cellar/arm-none-eabi-gcc/7-2018-q2-update/gcc/bin/../lib/gcc/arm-none-eabi/7.3.1/../../../../arm-none-eabi/lib/thumb/v7-m/libc_nano.a(lib_a-nano-svfprintf.o)
                0x00000000080056d8                __ssputs_r
 .text._svfprintf_r
                0x000000000800578c      0x1f0 /usr/local/Cellar/arm-none-eabi-gcc/7-2018-q2-update/gcc/bin/../lib/gcc/arm-none-eabi/7.3.1/../../../../arm-none-eabi/lib/thumb/v7-m/libc_nano.a(lib_a-nano-svfprintf.o)
                0x000000000800578c                _svfprintf_r
                0x000000000800578c                _svfiprintf_r
 .text._printf_common
                0x000000000800597c       0xec /usr/local/Cellar/arm-none-eabi-gcc/7-2018-q2-update/gcc/bin/../lib/gcc/arm-none-eabi/7.3.1/../../../../arm-none-eabi/lib/thumb/v7-m/libc_nano.a(lib_a-nano-vfprintf_i.o)
                0x000000000800597c                _printf_common
 .text._printf_i
                0x0000000008005a68      0x224 /usr/local/Cellar/arm-none-eabi-gcc/7-2018-q2-update/gcc/bin/../lib/gcc/arm-none-eabi/7.3.1/../../../../arm-none-eabi/lib/thumb/v7-m/libc_nano.a(lib_a-nano-vfprintf_i.o)
                0x0000000008005a68                _printf_i
 .text.memchr   0x0000000008005c8c       0x1c /usr/local/Cellar/arm-none-eabi-gcc/7-2018-q2-update/gcc/bin/../lib/gcc/arm-none-eabi/7.3.1/../../../../arm-none-eabi/lib/thumb/v7-m/libc_nano.a(lib_a-memchr-stub.o)
                0x0000000008005c8c                memchr
 .text.memmove  0x0000000008005ca8       0x32 /usr/local/Cellar/arm-none-eabi-gcc/7-2018-q2-update/gcc/bin/../lib/gcc/arm-none-eabi/7.3.1/../../../../arm-none-eabi/lib/thumb/v7-m/libc_nano.a(lib_a-memmove.o)
                0x0000000008005ca8                memmove
 *fill*         0x0000000008005cda        0x2 
 .text._free_r  0x0000000008005cdc       0x98 /usr/local/Cellar/arm-none-eabi-gcc/7-2018-q2-update/gcc/bin/../lib/gcc/arm-none-eabi/7.3.1/../../../../arm-none-eabi/lib/thumb/v7-m/libc_nano.a(lib_a-nano-freer.o)
                0x0000000008005cdc                _free_r
 .text._malloc_r
                0x0000000008005d74       0xb4 /usr/local/Cellar/arm-none-eabi-gcc/7-2018-q2-update/gcc/bin/../lib/gcc/arm-none-eabi/7.3.1/../../../../arm-none-eabi/lib/thumb/v7-m/libc_nano.a(lib_a-nano-mallocr.o)
                0x0000000008005d74                _malloc_r
 .text._realloc_r
                0x0000000008005e28       0x4c /usr/local/Cellar/arm-none-eabi-gcc/7-2018-q2-update/gcc/bin/../lib/gcc/arm-none-eabi/7.3.1/../../../../arm-none-eabi/lib/thumb/v7-m/libc_nano.a(lib_a-nano-reallocr.o)
                0x0000000008005e28                _realloc_r
 .text._sbrk_r  0x0000000008005e74       0x20 /usr/local/Cellar/arm-none-eabi-gcc/7-2018-q2-update/gcc/bin/../lib/gcc/arm-none-eabi/7.3.1/../../../../arm-none-eabi/lib/thumb/v7-m/libc_nano.a(lib_a-sbrkr.o)
                0x0000000008005e74                _sbrk_r
 .text.__malloc_lock
                0x0000000008005e94        0x2 /usr/local/Cellar/arm-none-eabi-gcc/7-2018-q2-update/gcc/bin/../lib/gcc/arm-none-eabi/7.3.1/../../../../arm-none-eabi/lib/thumb/v7-m/libc_nano.a(lib_a-mlock.o)
                0x0000000008005e94                __malloc_lock
 .text.__malloc_unlock
                0x0000000008005e96        0x2 /usr/local/Cellar/arm-none-eabi-gcc/7-2018-q2-update/gcc/bin/../lib/gcc/arm-none-eabi/7.3.1/../../../../arm-none-eabi/lib/thumb/v7-m/libc_nano.a(lib_a-mlock.o)
                0x0000000008005e96                __malloc_unlock
 .text._malloc_usable_size_r
                0x0000000008005e98       0x10 /usr/local/Cellar/arm-none-eabi-gcc/7-2018-q2-update/gcc/bin/../lib/gcc/arm-none-eabi/7.3.1/../../../../arm-none-eabi/lib/thumb/v7-m/libc_nano.a(lib_a-nano-msizer.o)
                0x0000000008005e98                _malloc_usable_size_r
 .text._sbrk    0x0000000008005ea8       0x1c /usr/local/Cellar/arm-none-eabi-gcc/7-2018-q2-update/gcc/bin/../lib/gcc/arm-none-eabi/7.3.1/../../../../arm-none-eabi/lib/thumb/v7-m/libnosys.a(sbrk.o)
                0x0000000008005ea8                _sbrk
 *(.rodata)
 *(.rodata*)
 .rodata.main.str1.1
                0x0000000008005ec4       0xd7 build/main.o
 .rodata.print_bootheader.str1.1
                0x0000000008005f9b       0x59 build/main.o
 .rodata.transmit_publickey_data.str1.1
                0x0000000008005ff4       0x5f build/main.o
 .rodata.hexdump.str1.1
                0x0000000008006053       0x11 build/hardware.o
                                         0x13 (size before relaxing)
 .rodata.print_hash.str1.1
                0x0000000008006064        0x5 build/hardware.o
                                          0x7 (size before relaxing)
 .rodata.dfuUpdateByRequest.str1.1
                0x0000000008006069       0x33 build/dfu.o
                                         0x48 (size before relaxing)
 .rodata.ed25519_base
                0x000000000800609c       0x80 build/25519/ed25519.o
                0x000000000800609c                ed25519_base
 .rodata.ed25519_d
                0x000000000800611c       0x20 build/25519/ed25519.o
 .rodata.ed25519_k
                0x000000000800613c       0x20 build/25519/ed25519.o
 .rodata.ed25519_neutral
                0x000000000800615c       0x80 build/25519/ed25519.o
                0x000000000800615c                ed25519_neutral
 .rodata.ed25519_order
                0x00000000080061dc       0x20 build/25519/edsign.o
 .rodata.f25519_one
                0x00000000080061fc       0x20 build/25519/f25519.o
                0x00000000080061fc                f25519_one
 *fill*         0x000000000800621c        0x4 
 .rodata.round_k
                0x0000000008006220      0x280 build/25519/sha512.o
 .rodata.sha512_initial_state
                0x00000000080064a0       0x40 build/25519/sha512.o
                0x00000000080064a0                sha512_initial_state
 .rodata.base64_encode_value.str1.1
                0x00000000080064e0       0x41 build/base64/cencode.o
 .rodata.imageCheckFromAddress.str1.1
                0x0000000008006521       0xb6 build/image.o
 .rodata._svfprintf_r.str1.1
                0x00000000080065d7       0x11 /usr/local/Cellar/arm-none-eabi-gcc/7-2018-q2-update/gcc/bin/../lib/gcc/arm-none-eabi/7.3.1/../../../../arm-none-eabi/lib/thumb/v7-m/libc_nano.a(lib_a-nano-svfprintf.o)
 .rodata._printf_i.str1.1
                0x00000000080065e8       0x22 /usr/local/Cellar/arm-none-eabi-gcc/7-2018-q2-update/gcc/bin/../lib/gcc/arm-none-eabi/7.3.1/../../../../arm-none-eabi/lib/thumb/v7-m/libc_nano.a(lib_a-nano-vfprintf_i.o)
 *(.glue_7)
 .glue_7        0x000000000800660a        0x0 linker stubs
 *(.glue_7t)
 .glue_7t       0x000000000800660a        0x0 linker stubs
                0x000000000800660c                . = ALIGN (0x4)
 *fill*         0x000000000800660a        0x2 
                0x000000000800660c                _etext = .
                0x000000000800660c                _sidata = _etext

.vfp11_veneer   0x000000000800660c        0x0
 .vfp11_veneer  0x000000000800660c        0x0 linker stubs

.v4_bx          0x000000000800660c        0x0
 .v4_bx         0x000000000800660c        0x0 linker stubs

.iplt           0x000000000800660c        0x0
 .iplt          0x000000000800660c        0x0 build/stm32_lib/c_only_startup.o

.rel.dyn        0x000000000800660c        0x0
 .rel.iplt      0x000000000800660c        0x0 build/stm32_lib/c_only_startup.o

.data           0x0000000020000000      0x488 load address 0x000000000800660c
                0x0000000020000000                . = ALIGN (0x4)
                0x0000000020000000                _sdata = .
 *(.data)
 .data          0x0000000020000000        0x0 build/stm32_lib/c_only_startup.o
 .data          0x0000000020000000        0x0 build/stm32_lib/cortexm3_macro.o
 .data          0x0000000020000000        0x0 build/usb.o
 .data          0x0000000020000000        0x0 build/usb_callbacks.o
 .data          0x0000000020000000        0x0 build/usb_descriptor.o
 .data          0x0000000020000000        0x0 build/main.o
 .data          0x0000000020000000        0x0 build/hardware.o
 .data          0x0000000020000000        0x0 build/dfu.o
 .data          0x0000000020000000        0x0 build/25519/c25519.o
 .data          0x0000000020000000        0x0 build/25519/ed25519.o
 .data          0x0000000020000000        0x0 build/25519/edsign.o
 .data          0x0000000020000000        0x0 build/25519/f25519.o
 .data          0x0000000020000000        0x0 build/25519/fprime.o
 .data          0x0000000020000000        0x0 build/25519/morph25519.o
 .data          0x0000000020000000        0x0 build/25519/sha256.o
 .data          0x0000000020000000        0x0 build/25519/sha512.o
 .data          0x0000000020000000        0x0 build/base64/cdecode.o
 .data          0x0000000020000000        0x0 build/base64/cencode.o
 .data          0x0000000020000000        0x0 build/image.o
 .data          0x0000000020000000        0x0 build/usb_lib/usb_regs.o
 .data          0x0000000020000000        0x0 build/usb_lib/usb_int.o
 .data          0x0000000020000000        0x0 build/usb_lib/usb_init.o
 .data          0x0000000020000000        0x0 build/usb_lib/usb_core.o
 .data          0x0000000020000000        0x0 build/usb_lib/usb_mem.o
 .data          0x0000000020000000        0x0 /usr/local/Cellar/arm-none-eabi-gcc/7-2018-q2-update/gcc/bin/../lib/gcc/arm-none-eabi/7.3.1/../../../../arm-none-eabi/lib/thumb/v7-m/libc_nano.a(lib_a-memcpy-stub.o)
 .data          0x0000000020000000        0x0 /usr/local/Cellar/arm-none-eabi-gcc/7-2018-q2-update/gcc/bin/../lib/gcc/arm-none-eabi/7.3.1/../../../../arm-none-eabi/lib/thumb/v7-m/libc_nano.a(lib_a-memset.o)
 .data          0x0000000020000000        0x0 /usr/local/Cellar/arm-none-eabi-gcc/7-2018-q2-update/gcc/bin/../lib/gcc/arm-none-eabi/7.3.1/../../../../arm-none-eabi/lib/thumb/v7-m/libc_nano.a(lib_a-sprintf.o)
 .data          0x0000000020000000        0x0 /usr/local/Cellar/arm-none-eabi-gcc/7-2018-q2-update/gcc/bin/../lib/gcc/arm-none-eabi/7.3.1/../../../../arm-none-eabi/lib/thumb/v7-m/libc_nano.a(lib_a-strlen.o)
 .data          0x0000000020000000        0x0 /usr/local/Cellar/arm-none-eabi-gcc/7-2018-q2-update/gcc/bin/../lib/gcc/arm-none-eabi/7.3.1/../../../../arm-none-eabi/lib/thumb/v7-m/libc_nano.a(lib_a-vsprintf.o)
 .data          0x0000000020000000        0x0 /usr/local/Cellar/arm-none-eabi-gcc/7-2018-q2-update/gcc/bin/../lib/gcc/arm-none-eabi/7.3.1/../../../../arm-none-eabi/lib/thumb/v7-m/libc_nano.a(lib_a-impure.o)
 .data          0x0000000020000000        0x0 /usr/local/Cellar/arm-none-eabi-gcc/7-2018-q2-update/gcc/bin/../lib/gcc/arm-none-eabi/7.3.1/../../../../arm-none-eabi/lib/thumb/v7-m/libc_nano.a(lib_a-nano-svfprintf.o)
 .data          0x0000000020000000        0x0 /usr/local/Cellar/arm-none-eabi-gcc/7-2018-q2-update/gcc/bin/../lib/gcc/arm-none-eabi/7.3.1/../../../../arm-none-eabi/lib/thumb/v7-m/libc_nano.a(lib_a-nano-vfprintf_i.o)
 .data          0x0000000020000000        0x0 /usr/local/Cellar/arm-none-eabi-gcc/7-2018-q2-update/gcc/bin/../lib/gcc/arm-none-eabi/7.3.1/../../../../arm-none-eabi/lib/thumb/v7-m/libc_nano.a(lib_a-memchr-stub.o)
 .data          0x0000000020000000        0x0 /usr/local/Cellar/arm-none-eabi-gcc/7-2018-q2-update/gcc/bin/../lib/gcc/arm-none-eabi/7.3.1/../../../../arm-none-eabi/lib/thumb/v7-m/libc_nano.a(lib_a-memmove.o)
 .data          0x0000000020000000        0x0 /usr/local/Cellar/arm-none-eabi-gcc/7-2018-q2-update/gcc/bin/../lib/gcc/arm-none-eabi/7.3.1/../../../../arm-none-eabi/lib/thumb/v7-m/libc_nano.a(lib_a-nano-freer.o)
 .data          0x0000000020000000        0x0 /usr/local/Cellar/arm-none-eabi-gcc/7-2018-q2-update/gcc/bin/../lib/gcc/arm-none-eabi/7.3.1/../../../../arm-none-eabi/lib/thumb/v7-m/libc_nano.a(lib_a-nano-mallocr.o)
 .data          0x0000000020000000        0x0 /usr/local/Cellar/arm-none-eabi-gcc/7-2018-q2-update/gcc/bin/../lib/gcc/arm-none-eabi/7.3.1/../../../../arm-none-eabi/lib/thumb/v7-m/libc_nano.a(lib_a-nano-reallocr.o)
 .data          0x0000000020000000        0x0 /usr/local/Cellar/arm-none-eabi-gcc/7-2018-q2-update/gcc/bin/../lib/gcc/arm-none-eabi/7.3.1/../../../../arm-none-eabi/lib/thumb/v7-m/libc_nano.a(lib_a-sbrkr.o)
 .data          0x0000000020000000        0x0 /usr/local/Cellar/arm-none-eabi-gcc/7-2018-q2-update/gcc/bin/../lib/gcc/arm-none-eabi/7.3.1/../../../../arm-none-eabi/lib/thumb/v7-m/libc_nano.a(lib_a-mlock.o)
 .data          0x0000000020000000        0x0 /usr/local/Cellar/arm-none-eabi-gcc/7-2018-q2-update/gcc/bin/../lib/gcc/arm-none-eabi/7.3.1/../../../../arm-none-eabi/lib/thumb/v7-m/libc_nano.a(lib_a-nano-msizer.o)
 .data          0x0000000020000000        0x0 /usr/local/Cellar/arm-none-eabi-gcc/7-2018-q2-update/gcc/bin/../lib/gcc/arm-none-eabi/7.3.1/../../../../arm-none-eabi/lib/thumb/v7-m/libc_nano.a(lib_a-reent.o)
 .data          0x0000000020000000        0x0 ./libstm32fw.a(stm32f10x_gpio.o)
 .data          0x0000000020000000       0x14 ./libstm32fw.a(stm32f10x_rcc.o)
 .data          0x0000000020000014        0x0 ./libstm32fw.a(stm32f10x_usart.o)
 .data          0x0000000020000014        0x0 /usr/local/Cellar/arm-none-eabi-gcc/7-2018-q2-update/gcc/bin/../lib/gcc/arm-none-eabi/7.3.1/../../../../arm-none-eabi/lib/thumb/v7-m/libnosys.a(sbrk.o)
 *(.data.*)
 .data.Device_Property
                0x0000000020000014       0x34 build/usb.o
                0x0000000020000014                Device_Property
 .data.Device_Table
                0x0000000020000048        0x2 build/usb.o
                0x0000000020000048                Device_Table
 *fill*         0x000000002000004a        0x2 
 .data.User_Standard_Requests
                0x000000002000004c       0x24 build/usb.o
                0x000000002000004c                User_Standard_Requests
 .data.pEpInt_IN
                0x0000000020000070       0x1c build/usb.o
                0x0000000020000070                pEpInt_IN
 .data.pEpInt_OUT
                0x000000002000008c       0x1c build/usb.o
                0x000000002000008c                pEpInt_OUT
 .data.u8_usbConfigDescriptorDFU
                0x00000000200000a8       0x2d build/usb_descriptor.o
                0x00000000200000a8                u8_usbConfigDescriptorDFU
 .data.u8_usbDeviceDescriptorDFU
                0x00000000200000d5       0x12 build/usb_descriptor.o
                0x00000000200000d5                u8_usbDeviceDescriptorDFU
 .data.u8_usbFunctionalDescriptor
                0x00000000200000e7        0x9 build/usb_descriptor.o
                0x00000000200000e7                u8_usbFunctionalDescriptor
 .data.u8_usbStringAlt0
                0x00000000200000f0       0x78 build/usb_descriptor.o
                0x00000000200000f0                u8_usbStringAlt0
 .data.u8_usbStringAlt1
                0x0000000020000168       0x64 build/usb_descriptor.o
                0x0000000020000168                u8_usbStringAlt1
 .data.u8_usbStringAlt2
                0x00000000200001cc       0x64 build/usb_descriptor.o
                0x00000000200001cc                u8_usbStringAlt2
 .data.u8_usbStringLangId
                0x0000000020000230        0x4 build/usb_descriptor.o
                0x0000000020000230                u8_usbStringLangId
 .data.u8_usbStringProduct
                0x0000000020000234       0x14 build/usb_descriptor.o
                0x0000000020000234                u8_usbStringProduct
 .data.u8_usbStringSerial
                0x0000000020000248       0x10 build/usb_descriptor.o
                0x0000000020000248                u8_usbStringSerial
 .data.u8_usbStringVendor
                0x0000000020000258       0x12 build/usb_descriptor.o
                0x0000000020000258                u8_usbStringVendor
 *fill*         0x000000002000026a        0x2 
 .data.usbConfigDescriptorDFU
                0x000000002000026c        0x8 build/usb_descriptor.o
                0x000000002000026c                usbConfigDescriptorDFU
 .data.usbDeviceDescriptorDFU
                0x0000000020000274        0x8 build/usb_descriptor.o
                0x0000000020000274                usbDeviceDescriptorDFU
 .data.usbFunctionalDescriptor
                0x000000002000027c        0x8 build/usb_descriptor.o
                0x000000002000027c                usbFunctionalDescriptor
 .data.usbStringDescriptor
                0x0000000020000284       0x38 build/usb_descriptor.o
                0x0000000020000284                usbStringDescriptor
 .data.userAppAddr
                0x00000000200002bc        0x4 build/dfu.o
 .data.userAppEnd
                0x00000000200002c0        0x4 build/dfu.o
 .data.k        0x00000000200002c4      0x100 build/25519/sha256.o
                0x00000000200002c4                k
 .data.sha256_padding
                0x00000000200003c4       0x40 build/25519/sha256.o
 .data.rootCA   0x0000000020000404       0x20 build/image.o
                0x0000000020000404                rootCA
 .data._impure_ptr
                0x0000000020000424        0x4 /usr/local/Cellar/arm-none-eabi-gcc/7-2018-q2-update/gcc/bin/../lib/gcc/arm-none-eabi/7.3.1/../../../../arm-none-eabi/lib/thumb/v7-m/libc_nano.a(lib_a-impure.o)
                0x0000000020000424                _impure_ptr
 .data.impure_data
                0x0000000020000428       0x60 /usr/local/Cellar/arm-none-eabi-gcc/7-2018-q2-update/gcc/bin/../lib/gcc/arm-none-eabi/7.3.1/../../../../arm-none-eabi/lib/thumb/v7-m/libc_nano.a(lib_a-impure.o)
                0x0000000020000488                . = ALIGN (0x4)
                0x0000000020000488                _edata = .

.igot.plt       0x0000000020000488        0x0 load address 0x0000000008006a94
 .igot.plt      0x0000000020000488        0x0 build/stm32_lib/c_only_startup.o

.bss            0x0000000020000488      0x12c load address 0x0000000008006a94
                0x0000000020000488                . = ALIGN (0x4)
                0x0000000020000488                _sbss = .
 *(.bss)
 *(COMMON)
 COMMON         0x0000000020000488        0x8 build/usb.o
                0x0000000020000488                wTransferSize
                0x000000002000048c                wIstr
                0x000000002000048e                ResumeS
 COMMON         0x0000000020000490       0xe5 build/dfu.o
                0x0000000020000490                input
                0x00000000200004ec                sha256sum
                0x000000002000050c                ctx
                0x0000000020000574                code_copy_lock
 *fill*         0x0000000020000575        0x1 
 COMMON         0x0000000020000576        0x4 build/usb_lib/usb_int.o
                0x0000000020000576                SaveRState
                0x0000000020000578                SaveTState
 *fill*         0x000000002000057a        0x2 
 COMMON         0x000000002000057c       0x32 build/usb_lib/usb_init.o
                0x000000002000057c                SaveState
                0x0000000020000580                pProperty
                0x0000000020000584                EPindex
                0x0000000020000588                Device_Info
                0x00000000200005a4                pUser_Standard_Requests
                0x00000000200005a8                pInformation
                0x00000000200005ac                wInterrupt_Mask
 COMMON         0x00000000200005ae        0x2 build/usb_lib/usb_core.o
                0x00000000200005ae                StatusInfo
 COMMON         0x00000000200005b0        0x4 /usr/local/Cellar/arm-none-eabi-gcc/7-2018-q2-update/gcc/bin/../lib/gcc/arm-none-eabi/7.3.1/../../../../arm-none-eabi/lib/thumb/v7-m/libc_nano.a(lib_a-reent.o)
                0x00000000200005b0                errno
                0x00000000200005b4                . = ALIGN (0x4)
                0x00000000200005b4                _ebss = .
                0x00000000200005b4                PROVIDE (end = _ebss)
                [!provide]                        PROVIDE (_end = _ebss)

.bss.bDeviceState
                0x00000000200005b4        0x4 load address 0x0000000008006bc0
 .bss.bDeviceState
                0x00000000200005b4        0x4 build/usb.o
                0x00000000200005b4                bDeviceState

.bss.bIntPackSOF
                0x00000000200005b8        0x1 load address 0x0000000008006bc4
 .bss.bIntPackSOF
                0x00000000200005b8        0x1 build/usb.o
                0x00000000200005b8                bIntPackSOF

.bss.dfuAppStatus
                0x00000000200005b9        0x6 load address 0x0000000008006bc5
 .bss.dfuAppStatus
                0x00000000200005b9        0x6 build/dfu.o

.bss.dfuBusy    0x00000000200005bf        0x1 load address 0x0000000008006bcb
 .bss.dfuBusy   0x00000000200005bf        0x1 build/dfu.o
                0x00000000200005bf                dfuBusy

.bss.recvBuffer
                0x00000000200005c0      0x800 load address 0x0000000008006bcc
 .bss.recvBuffer
                0x00000000200005c0      0x800 build/dfu.o

.bss.thisBlockLen
                0x0000000020000dc0        0x2 load address 0x00000000080073cc
 .bss.thisBlockLen
                0x0000000020000dc0        0x2 build/dfu.o

.bss.uploadBlockLen
                0x0000000020000dc2        0x2 load address 0x00000000080073ce
 .bss.uploadBlockLen
                0x0000000020000dc2        0x2 build/dfu.o

.bss.userFirmwareLen
                0x0000000020000dc4        0x4 load address 0x00000000080073d0
 .bss.userFirmwareLen
                0x0000000020000dc4        0x4 build/dfu.o

.bss.userUploadType
                0x0000000020000dc8        0x1 load address 0x00000000080073d4
 .bss.userUploadType
                0x0000000020000dc8        0x1 build/dfu.o
                0x0000000020000dc8                userUploadType

.bss.Data_Mul_MaxPacketSize
                0x0000000020000dc9        0x1 load address 0x00000000080073d5
 .bss.Data_Mul_MaxPacketSize
                0x0000000020000dc9        0x1 build/usb_lib/usb_core.o
                0x0000000020000dc9                Data_Mul_MaxPacketSize

.bss.__malloc_free_list
                0x0000000020000dcc        0x4 load address 0x00000000080073d8
 .bss.__malloc_free_list
                0x0000000020000dcc        0x4 /usr/local/Cellar/arm-none-eabi-gcc/7-2018-q2-update/gcc/bin/../lib/gcc/arm-none-eabi/7.3.1/../../../../arm-none-eabi/lib/thumb/v7-m/libc_nano.a(lib_a-nano-mallocr.o)
                0x0000000020000dcc                __malloc_free_list

.bss.__malloc_sbrk_start
                0x0000000020000dd0        0x4 load address 0x00000000080073dc
 .bss.__malloc_sbrk_start
                0x0000000020000dd0        0x4 /usr/local/Cellar/arm-none-eabi-gcc/7-2018-q2-update/gcc/bin/../lib/gcc/arm-none-eabi/7.3.1/../../../../arm-none-eabi/lib/thumb/v7-m/libc_nano.a(lib_a-nano-mallocr.o)
                0x0000000020000dd0                __malloc_sbrk_start

.bss.heap_end.4102
                0x0000000020000dd4        0x4 load address 0x00000000080073e0
 .bss.heap_end.4102
                0x0000000020000dd4        0x4 /usr/local/Cellar/arm-none-eabi-gcc/7-2018-q2-update/gcc/bin/../lib/gcc/arm-none-eabi/7.3.1/../../../../arm-none-eabi/lib/thumb/v7-m/libnosys.a(sbrk.o)

._usrstack      0x0000000020000dd8      0x100 load address 0x00000000080073e4
                0x0000000020000dd8                . = ALIGN (0x4)
                0x0000000020000dd8                _susrstack = .
                0x0000000020000ed8                . = (. + _Minimum_Stack_Size)
 *fill*         0x0000000020000dd8      0x100 
                0x0000000020000ed8                . = ALIGN (0x4)
                0x0000000020000ed8                _eusrstack = .

DISCARD
 libc.a(*)
 libm.a(*)
 libgcc.a(*)
 *(.ARM.exidx*)
 *(.gnu.linkonce.armexidx.*)

.stab
 *(.stab)

.stabstr
 *(.stabstr)

.stab.excl
 *(.stab.excl)

.stab.exclstr
 *(.stab.exclstr)

.stab.index
 *(.stab.index)

.stab.indexstr
 *(.stab.indexstr)

.comment        0x0000000000000000       0xef
 *(.comment)
 .comment       0x0000000000000000       0x7f build/usb.o
                                         0x80 (size before relaxing)
 .comment       0x000000000000007f       0x80 build/usb_callbacks.o
 .comment       0x000000000000007f       0x80 build/usb_descriptor.o
 .comment       0x000000000000007f       0x80 build/main.o
 .comment       0x000000000000007f       0x80 build/hardware.o
 .comment       0x000000000000007f       0x80 build/dfu.o
 .comment       0x000000000000007f       0x80 build/25519/c25519.o
 .comment       0x000000000000007f       0x80 build/25519/ed25519.o
 .comment       0x000000000000007f       0x80 build/25519/edsign.o
 .comment       0x000000000000007f       0x80 build/25519/f25519.o
 .comment       0x000000000000007f       0x80 build/25519/fprime.o
 .comment       0x000000000000007f       0x80 build/25519/morph25519.o
 .comment       0x000000000000007f       0x80 build/25519/sha256.o
 .comment       0x000000000000007f       0x80 build/25519/sha512.o
 .comment       0x000000000000007f       0x80 build/base64/cdecode.o
 .comment       0x000000000000007f       0x80 build/base64/cencode.o
 .comment       0x000000000000007f       0x80 build/image.o
 .comment       0x000000000000007f       0x80 build/usb_lib/usb_regs.o
 .comment       0x000000000000007f       0x80 build/usb_lib/usb_int.o
 .comment       0x000000000000007f       0x80 build/usb_lib/usb_init.o
 .comment       0x000000000000007f       0x80 build/usb_lib/usb_core.o
 .comment       0x000000000000007f       0x80 build/usb_lib/usb_mem.o
 .comment       0x000000000000007f       0x70 ./libstm32fw.a(stm32f10x_gpio.o)
                                         0x71 (size before relaxing)
 .comment       0x00000000000000ef       0x71 ./libstm32fw.a(stm32f10x_rcc.o)
 .comment       0x00000000000000ef       0x71 ./libstm32fw.a(stm32f10x_usart.o)

.ARM.attributes
                0x0000000000000000       0x2f
 .ARM.attributes
                0x0000000000000000       0x21 build/stm32_lib/c_only_startup.o
 .ARM.attributes
                0x0000000000000021       0x21 build/stm32_lib/cortexm3_macro.o
 .ARM.attributes
                0x0000000000000042       0x33 build/usb.o
 .ARM.attributes
                0x0000000000000075       0x33 build/usb_callbacks.o
 .ARM.attributes
                0x00000000000000a8       0x33 build/usb_descriptor.o
 .ARM.attributes
                0x00000000000000db       0x33 build/main.o
 .ARM.attributes
                0x000000000000010e       0x33 build/hardware.o
 .ARM.attributes
                0x0000000000000141       0x33 build/dfu.o
 .ARM.attributes
                0x0000000000000174       0x33 build/25519/c25519.o
 .ARM.attributes
                0x00000000000001a7       0x33 build/25519/ed25519.o
 .ARM.attributes
                0x00000000000001da       0x33 build/25519/edsign.o
 .ARM.attributes
                0x000000000000020d       0x33 build/25519/f25519.o
 .ARM.attributes
                0x0000000000000240       0x33 build/25519/fprime.o
 .ARM.attributes
                0x0000000000000273       0x33 build/25519/morph25519.o
 .ARM.attributes
                0x00000000000002a6       0x33 build/25519/sha256.o
 .ARM.attributes
                0x00000000000002d9       0x33 build/25519/sha512.o
 .ARM.attributes
                0x000000000000030c       0x33 build/base64/cdecode.o
 .ARM.attributes
                0x000000000000033f       0x33 build/base64/cencode.o
 .ARM.attributes
                0x0000000000000372       0x33 build/image.o
 .ARM.attributes
                0x00000000000003a5       0x33 build/usb_lib/usb_regs.o
 .ARM.attributes
                0x00000000000003d8       0x33 build/usb_lib/usb_int.o
 .ARM.attributes
                0x000000000000040b       0x33 build/usb_lib/usb_init.o
 .ARM.attributes
                0x000000000000043e       0x33 build/usb_lib/usb_core.o
 .ARM.attributes
                0x0000000000000471       0x33 build/usb_lib/usb_mem.o
 .ARM.attributes
                0x00000000000004a4       0x2d /usr/local/Cellar/arm-none-eabi-gcc/7-2018-q2-update/gcc/bin/../lib/gcc/arm-none-eabi/7.3.1/../../../../arm-none-eabi/lib/thumb/v7-m/libc_nano.a(lib_a-memcpy-stub.o)
 .ARM.attributes
                0x00000000000004d1       0x2d /usr/local/Cellar/arm-none-eabi-gcc/7-2018-q2-update/gcc/bin/../lib/gcc/arm-none-eabi/7.3.1/../../../../arm-none-eabi/lib/thumb/v7-m/libc_nano.a(lib_a-memset.o)
 .ARM.attributes
                0x00000000000004fe       0x2d /usr/local/Cellar/arm-none-eabi-gcc/7-2018-q2-update/gcc/bin/../lib/gcc/arm-none-eabi/7.3.1/../../../../arm-none-eabi/lib/thumb/v7-m/libc_nano.a(lib_a-sprintf.o)
 .ARM.attributes
                0x000000000000052b       0x17 /usr/local/Cellar/arm-none-eabi-gcc/7-2018-q2-update/gcc/bin/../lib/gcc/arm-none-eabi/7.3.1/../../../../arm-none-eabi/lib/thumb/v7-m/libc_nano.a(lib_a-strlen.o)
 .ARM.attributes
                0x0000000000000542       0x2d /usr/local/Cellar/arm-none-eabi-gcc/7-2018-q2-update/gcc/bin/../lib/gcc/arm-none-eabi/7.3.1/../../../../arm-none-eabi/lib/thumb/v7-m/libc_nano.a(lib_a-vsprintf.o)
 .ARM.attributes
                0x000000000000056f       0x2d /usr/local/Cellar/arm-none-eabi-gcc/7-2018-q2-update/gcc/bin/../lib/gcc/arm-none-eabi/7.3.1/../../../../arm-none-eabi/lib/thumb/v7-m/libc_nano.a(lib_a-impure.o)
 .ARM.attributes
                0x000000000000059c       0x2d /usr/local/Cellar/arm-none-eabi-gcc/7-2018-q2-update/gcc/bin/../lib/gcc/arm-none-eabi/7.3.1/../../../../arm-none-eabi/lib/thumb/v7-m/libc_nano.a(lib_a-nano-svfprintf.o)
 .ARM.attributes
                0x00000000000005c9       0x2d /usr/local/Cellar/arm-none-eabi-gcc/7-2018-q2-update/gcc/bin/../lib/gcc/arm-none-eabi/7.3.1/../../../../arm-none-eabi/lib/thumb/v7-m/libc_nano.a(lib_a-nano-vfprintf_i.o)
 .ARM.attributes
                0x00000000000005f6       0x2d /usr/local/Cellar/arm-none-eabi-gcc/7-2018-q2-update/gcc/bin/../lib/gcc/arm-none-eabi/7.3.1/../../../../arm-none-eabi/lib/thumb/v7-m/libc_nano.a(lib_a-memchr-stub.o)
 .ARM.attributes
                0x0000000000000623       0x2d /usr/local/Cellar/arm-none-eabi-gcc/7-2018-q2-update/gcc/bin/../lib/gcc/arm-none-eabi/7.3.1/../../../../arm-none-eabi/lib/thumb/v7-m/libc_nano.a(lib_a-memmove.o)
 .ARM.attributes
                0x0000000000000650       0x2d /usr/local/Cellar/arm-none-eabi-gcc/7-2018-q2-update/gcc/bin/../lib/gcc/arm-none-eabi/7.3.1/../../../../arm-none-eabi/lib/thumb/v7-m/libc_nano.a(lib_a-nano-freer.o)
 .ARM.attributes
                0x000000000000067d       0x2d /usr/local/Cellar/arm-none-eabi-gcc/7-2018-q2-update/gcc/bin/../lib/gcc/arm-none-eabi/7.3.1/../../../../arm-none-eabi/lib/thumb/v7-m/libc_nano.a(lib_a-nano-mallocr.o)
 .ARM.attributes
                0x00000000000006aa       0x2d /usr/local/Cellar/arm-none-eabi-gcc/7-2018-q2-update/gcc/bin/../lib/gcc/arm-none-eabi/7.3.1/../../../../arm-none-eabi/lib/thumb/v7-m/libc_nano.a(lib_a-nano-reallocr.o)
 .ARM.attributes
                0x00000000000006d7       0x2d /usr/local/Cellar/arm-none-eabi-gcc/7-2018-q2-update/gcc/bin/../lib/gcc/arm-none-eabi/7.3.1/../../../../arm-none-eabi/lib/thumb/v7-m/libc_nano.a(lib_a-sbrkr.o)
 .ARM.attributes
                0x0000000000000704       0x2d /usr/local/Cellar/arm-none-eabi-gcc/7-2018-q2-update/gcc/bin/../lib/gcc/arm-none-eabi/7.3.1/../../../../arm-none-eabi/lib/thumb/v7-m/libc_nano.a(lib_a-mlock.o)
 .ARM.attributes
                0x0000000000000731       0x2d /usr/local/Cellar/arm-none-eabi-gcc/7-2018-q2-update/gcc/bin/../lib/gcc/arm-none-eabi/7.3.1/../../../../arm-none-eabi/lib/thumb/v7-m/libc_nano.a(lib_a-nano-msizer.o)
 .ARM.attributes
                0x000000000000075e       0x2d /usr/local/Cellar/arm-none-eabi-gcc/7-2018-q2-update/gcc/bin/../lib/gcc/arm-none-eabi/7.3.1/../../../../arm-none-eabi/lib/thumb/v7-m/libc_nano.a(lib_a-reent.o)
 .ARM.attributes
                0x000000000000078b       0x33 ./libstm32fw.a(stm32f10x_gpio.o)
 .ARM.attributes
                0x00000000000007be       0x33 ./libstm32fw.a(stm32f10x_rcc.o)
 .ARM.attributes
                0x00000000000007f1       0x33 ./libstm32fw.a(stm32f10x_usart.o)
 .ARM.attributes
                0x0000000000000824       0x2d /usr/local/Cellar/arm-none-eabi-gcc/7-2018-q2-update/gcc/bin/../lib/gcc/arm-none-eabi/7.3.1/../../../../arm-none-eabi/lib/thumb/v7-m/libnosys.a(sbrk.o)

.debug
 *(.debug)

.line
 *(.line)

.debug_srcinfo
 *(.debug_srcinfo)

.debug_sfnames
 *(.debug_sfnames)

.debug_aranges  0x0000000000000000      0x8a8
 *(.debug_aranges)
 .debug_aranges
                0x0000000000000000       0x28 build/stm32_lib/c_only_startup.o
 .debug_aranges
                0x0000000000000028       0x20 build/stm32_lib/cortexm3_macro.o
 .debug_aranges
                0x0000000000000048       0xd8 build/usb.o
 .debug_aranges
                0x0000000000000120       0x18 build/usb_descriptor.o
 .debug_aranges
                0x0000000000000138       0x48 build/main.o
 .debug_aranges
                0x0000000000000180      0x108 build/hardware.o
 .debug_aranges
                0x0000000000000288       0x88 build/dfu.o
 .debug_aranges
                0x0000000000000310       0x28 build/25519/c25519.o
 .debug_aranges
                0x0000000000000338       0x50 build/25519/ed25519.o
 .debug_aranges
                0x0000000000000388       0x48 build/25519/edsign.o
 .debug_aranges
                0x00000000000003d0       0x80 build/25519/f25519.o
 .debug_aranges
                0x0000000000000450       0x80 build/25519/fprime.o
 .debug_aranges
                0x00000000000004d0       0x28 build/25519/morph25519.o
 .debug_aranges
                0x00000000000004f8       0x40 build/25519/sha256.o
 .debug_aranges
                0x0000000000000538       0x38 build/25519/sha512.o
 .debug_aranges
                0x0000000000000570       0x30 build/base64/cdecode.o
 .debug_aranges
                0x00000000000005a0       0x38 build/base64/cencode.o
 .debug_aranges
                0x00000000000005d8       0x28 build/image.o
 .debug_aranges
                0x0000000000000600      0x1a0 build/usb_lib/usb_regs.o
 .debug_aranges
                0x00000000000007a0       0x28 build/usb_lib/usb_int.o
 .debug_aranges
                0x00000000000007c8       0x20 build/usb_lib/usb_init.o
 .debug_aranges
                0x00000000000007e8       0x98 build/usb_lib/usb_core.o
 .debug_aranges
                0x0000000000000880       0x28 build/usb_lib/usb_mem.o

.debug_pubnames
 *(.debug_pubnames)

.debug_info     0x0000000000000000    0x13f7d
 *(.debug_info .gnu.linkonce.wi.*)
 .debug_info    0x0000000000000000       0x22 build/stm32_lib/c_only_startup.o
 .debug_info    0x0000000000000022       0x26 build/stm32_lib/cortexm3_macro.o
 .debug_info    0x0000000000000048     0x169e build/usb.o
 .debug_info    0x00000000000016e6      0xebe build/usb_descriptor.o
 .debug_info    0x00000000000025a4     0x1802 build/main.o
 .debug_info    0x0000000000003da6     0x1f09 build/hardware.o
 .debug_info    0x0000000000005caf     0x14c7 build/dfu.o
 .debug_info    0x0000000000007176     0x107e build/25519/c25519.o
 .debug_info    0x00000000000081f4     0x1647 build/25519/ed25519.o
 .debug_info    0x000000000000983b     0x1484 build/25519/edsign.o
 .debug_info    0x000000000000acbf     0x11e1 build/25519/f25519.o
 .debug_info    0x000000000000bea0     0x1133 build/25519/fprime.o
 .debug_info    0x000000000000cfd3      0xdd9 build/25519/morph25519.o
 .debug_info    0x000000000000ddac      0xc79 build/25519/sha256.o
 .debug_info    0x000000000000ea25      0xee7 build/25519/sha512.o
 .debug_info    0x000000000000f90c      0x1d8 build/base64/cdecode.o
 .debug_info    0x000000000000fae4      0x278 build/base64/cencode.o
 .debug_info    0x000000000000fd5c     0x14b8 build/image.o
 .debug_info    0x0000000000011214      0xfb5 build/usb_lib/usb_regs.o
 .debug_info    0x00000000000121c9      0x5d7 build/usb_lib/usb_int.o
 .debug_info    0x00000000000127a0      0x495 build/usb_lib/usb_init.o
 .debug_info    0x0000000000012c35      0xe14 build/usb_lib/usb_core.o
 .debug_info    0x0000000000013a49      0x534 build/usb_lib/usb_mem.o

.debug_abbrev   0x0000000000000000     0x3b4f
 *(.debug_abbrev)
 .debug_abbrev  0x0000000000000000       0x12 build/stm32_lib/c_only_startup.o
 .debug_abbrev  0x0000000000000012       0x14 build/stm32_lib/cortexm3_macro.o
 .debug_abbrev  0x0000000000000026      0x4a1 build/usb.o
 .debug_abbrev  0x00000000000004c7      0x1fa build/usb_descriptor.o
 .debug_abbrev  0x00000000000006c1      0x335 build/main.o
 .debug_abbrev  0x00000000000009f6      0x4b6 build/hardware.o
 .debug_abbrev  0x0000000000000eac      0x405 build/dfu.o
 .debug_abbrev  0x00000000000012b1      0x2d7 build/25519/c25519.o
 .debug_abbrev  0x0000000000001588      0x346 build/25519/ed25519.o
 .debug_abbrev  0x00000000000018ce      0x33d build/25519/edsign.o
 .debug_abbrev  0x0000000000001c0b      0x313 build/25519/f25519.o
 .debug_abbrev  0x0000000000001f1e      0x338 build/25519/fprime.o
 .debug_abbrev  0x0000000000002256      0x2c5 build/25519/morph25519.o
 .debug_abbrev  0x000000000000251b      0x2d5 build/25519/sha256.o
 .debug_abbrev  0x00000000000027f0      0x327 build/25519/sha512.o
 .debug_abbrev  0x0000000000002b17      0x128 build/base64/cdecode.o
 .debug_abbrev  0x0000000000002c3f      0x12d build/base64/cencode.o
 .debug_abbrev  0x0000000000002d6c      0x340 build/image.o
 .debug_abbrev  0x00000000000030ac      0x2a4 build/usb_lib/usb_regs.o
 .debug_abbrev  0x0000000000003350      0x182 build/usb_lib/usb_int.o
 .debug_abbrev  0x00000000000034d2      0x118 build/usb_lib/usb_init.o
 .debug_abbrev  0x00000000000035ea      0x419 build/usb_lib/usb_core.o
 .debug_abbrev  0x0000000000003a03      0x14c build/usb_lib/usb_mem.o

.debug_line     0x0000000000000000     0x3efd
 *(.debug_line)
 .debug_line    0x0000000000000000       0x75 build/stm32_lib/c_only_startup.o
 .debug_line    0x0000000000000075       0xa6 build/stm32_lib/cortexm3_macro.o
 .debug_line    0x000000000000011b      0x445 build/usb.o
 .debug_line    0x0000000000000560        0x0 build/usb_callbacks.o
 .debug_line    0x0000000000000560      0x196 build/usb_descriptor.o
 .debug_line    0x00000000000006f6      0x3d7 build/main.o
 .debug_line    0x0000000000000acd      0x642 build/hardware.o
 .debug_line    0x000000000000110f      0x49e build/dfu.o
 .debug_line    0x00000000000015ad      0x276 build/25519/c25519.o
 .debug_line    0x0000000000001823      0x30f build/25519/ed25519.o
 .debug_line    0x0000000000001b32      0x2ce build/25519/edsign.o
 .debug_line    0x0000000000001e00      0x489 build/25519/f25519.o
 .debug_line    0x0000000000002289      0x468 build/25519/fprime.o
 .debug_line    0x00000000000026f1      0x1db build/25519/morph25519.o
 .debug_line    0x00000000000028cc      0x313 build/25519/sha256.o
 .debug_line    0x0000000000002bdf      0x3e4 build/25519/sha512.o
 .debug_line    0x0000000000002fc3       0xca build/base64/cdecode.o
 .debug_line    0x000000000000308d       0xe2 build/base64/cencode.o
 .debug_line    0x000000000000316f      0x340 build/image.o
 .debug_line    0x00000000000034af      0x4a5 build/usb_lib/usb_regs.o
 .debug_line    0x0000000000003954       0xda build/usb_lib/usb_int.o
 .debug_line    0x0000000000003a2e       0x83 build/usb_lib/usb_init.o
 .debug_line    0x0000000000003ab1      0x399 build/usb_lib/usb_core.o
 .debug_line    0x0000000000003e4a       0xb3 build/usb_lib/usb_mem.o

.debug_frame    0x0000000000000000     0x1bec
 *(.debug_frame)
 .debug_frame   0x0000000000000000      0x2d4 build/usb.o
 .debug_frame   0x00000000000002d4       0xcc build/main.o
 .debug_frame   0x00000000000003a0      0x304 build/hardware.o
 .debug_frame   0x00000000000006a4      0x154 build/dfu.o
 .debug_frame   0x00000000000007f8       0x74 build/25519/c25519.o
 .debug_frame   0x000000000000086c      0x138 build/25519/ed25519.o
 .debug_frame   0x00000000000009a4      0x110 build/25519/edsign.o
 .debug_frame   0x0000000000000ab4      0x1d0 build/25519/f25519.o
 .debug_frame   0x0000000000000c84      0x1d8 build/25519/fprime.o
 .debug_frame   0x0000000000000e5c       0x64 build/25519/morph25519.o
 .debug_frame   0x0000000000000ec0       0xcc build/25519/sha256.o
 .debug_frame   0x0000000000000f8c       0xb8 build/25519/sha512.o
 .debug_frame   0x0000000000001044       0x5c build/base64/cdecode.o
 .debug_frame   0x00000000000010a0       0x78 build/base64/cencode.o
 .debug_frame   0x0000000000001118       0x60 build/image.o
 .debug_frame   0x0000000000001178      0x3d8 build/usb_lib/usb_regs.o
 .debug_frame   0x0000000000001550       0x5c build/usb_lib/usb_int.o
 .debug_frame   0x00000000000015ac       0x20 build/usb_lib/usb_init.o
 .debug_frame   0x00000000000015cc      0x21c build/usb_lib/usb_core.o
 .debug_frame   0x00000000000017e8       0x3c build/usb_lib/usb_mem.o
 .debug_frame   0x0000000000001824       0x28 /usr/local/Cellar/arm-none-eabi-gcc/7-2018-q2-update/gcc/bin/../lib/gcc/arm-none-eabi/7.3.1/../../../../arm-none-eabi/lib/thumb/v7-m/libc_nano.a(lib_a-memcpy-stub.o)
 .debug_frame   0x000000000000184c       0x20 /usr/local/Cellar/arm-none-eabi-gcc/7-2018-q2-update/gcc/bin/../lib/gcc/arm-none-eabi/7.3.1/../../../../arm-none-eabi/lib/thumb/v7-m/libc_nano.a(lib_a-memset.o)
 .debug_frame   0x000000000000186c       0x6c /usr/local/Cellar/arm-none-eabi-gcc/7-2018-q2-update/gcc/bin/../lib/gcc/arm-none-eabi/7.3.1/../../../../arm-none-eabi/lib/thumb/v7-m/libc_nano.a(lib_a-sprintf.o)
 .debug_frame   0x00000000000018d8       0x3c /usr/local/Cellar/arm-none-eabi-gcc/7-2018-q2-update/gcc/bin/../lib/gcc/arm-none-eabi/7.3.1/../../../../arm-none-eabi/lib/thumb/v7-m/libc_nano.a(lib_a-vsprintf.o)
 .debug_frame   0x0000000000001914       0x90 /usr/local/Cellar/arm-none-eabi-gcc/7-2018-q2-update/gcc/bin/../lib/gcc/arm-none-eabi/7.3.1/../../../../arm-none-eabi/lib/thumb/v7-m/libc_nano.a(lib_a-nano-svfprintf.o)
 .debug_frame   0x00000000000019a4       0x60 /usr/local/Cellar/arm-none-eabi-gcc/7-2018-q2-update/gcc/bin/../lib/gcc/arm-none-eabi/7.3.1/../../../../arm-none-eabi/lib/thumb/v7-m/libc_nano.a(lib_a-nano-vfprintf_i.o)
 .debug_frame   0x0000000000001a04       0x28 /usr/local/Cellar/arm-none-eabi-gcc/7-2018-q2-update/gcc/bin/../lib/gcc/arm-none-eabi/7.3.1/../../../../arm-none-eabi/lib/thumb/v7-m/libc_nano.a(lib_a-memchr-stub.o)
 .debug_frame   0x0000000000001a2c       0x28 /usr/local/Cellar/arm-none-eabi-gcc/7-2018-q2-update/gcc/bin/../lib/gcc/arm-none-eabi/7.3.1/../../../../arm-none-eabi/lib/thumb/v7-m/libc_nano.a(lib_a-memmove.o)
 .debug_frame   0x0000000000001a54       0x38 /usr/local/Cellar/arm-none-eabi-gcc/7-2018-q2-update/gcc/bin/../lib/gcc/arm-none-eabi/7.3.1/../../../../arm-none-eabi/lib/thumb/v7-m/libc_nano.a(lib_a-nano-freer.o)
 .debug_frame   0x0000000000001a8c       0x2c /usr/local/Cellar/arm-none-eabi-gcc/7-2018-q2-update/gcc/bin/../lib/gcc/arm-none-eabi/7.3.1/../../../../arm-none-eabi/lib/thumb/v7-m/libc_nano.a(lib_a-nano-mallocr.o)
 .debug_frame   0x0000000000001ab8       0x3c /usr/local/Cellar/arm-none-eabi-gcc/7-2018-q2-update/gcc/bin/../lib/gcc/arm-none-eabi/7.3.1/../../../../arm-none-eabi/lib/thumb/v7-m/libc_nano.a(lib_a-nano-reallocr.o)
 .debug_frame   0x0000000000001af4       0x2c /usr/local/Cellar/arm-none-eabi-gcc/7-2018-q2-update/gcc/bin/../lib/gcc/arm-none-eabi/7.3.1/../../../../arm-none-eabi/lib/thumb/v7-m/libc_nano.a(lib_a-sbrkr.o)
 .debug_frame   0x0000000000001b20       0x30 /usr/local/Cellar/arm-none-eabi-gcc/7-2018-q2-update/gcc/bin/../lib/gcc/arm-none-eabi/7.3.1/../../../../arm-none-eabi/lib/thumb/v7-m/libc_nano.a(lib_a-mlock.o)
 .debug_frame   0x0000000000001b50       0x20 /usr/local/Cellar/arm-none-eabi-gcc/7-2018-q2-update/gcc/bin/../lib/gcc/arm-none-eabi/7.3.1/../../../../arm-none-eabi/lib/thumb/v7-m/libc_nano.a(lib_a-nano-msizer.o)
 .debug_frame   0x0000000000001b70       0x5c /usr/local/Cellar/arm-none-eabi-gcc/7-2018-q2-update/gcc/bin/../lib/gcc/arm-none-eabi/7.3.1/../../../../arm-none-eabi/lib/thumb/v7-m/libc_nano.a(lib_a-reent.o)
 .debug_frame   0x0000000000001bcc       0x20 /usr/local/Cellar/arm-none-eabi-gcc/7-2018-q2-update/gcc/bin/../lib/gcc/arm-none-eabi/7.3.1/../../../../arm-none-eabi/lib/thumb/v7-m/libnosys.a(sbrk.o)

.debug_str      0x0000000000000000     0x29d1
 *(.debug_str)
 .debug_str     0x0000000000000000       0x69 build/stm32_lib/c_only_startup.o
 .debug_str     0x0000000000000069       0x1d build/stm32_lib/cortexm3_macro.o
                                         0x6b (size before relaxing)
 .debug_str     0x0000000000000086      0xddc build/usb.o
                                        0xff4 (size before relaxing)
 .debug_str     0x0000000000000e62       0x10 build/usb_callbacks.o
                                         0xee (size before relaxing)
 .debug_str     0x0000000000000e72       0xc1 build/usb_descriptor.o
                                        0xb34 (size before relaxing)
 .debug_str     0x0000000000000f33      0x3ac build/main.o
                                        0xe7f (size before relaxing)
 .debug_str     0x00000000000012df      0x5c9 build/hardware.o
                                       0x1209 (size before relaxing)
 .debug_str     0x00000000000018a8      0x245 build/dfu.o
                                        0xed5 (size before relaxing)
 .debug_str     0x0000000000001aed       0xb8 build/25519/c25519.o
                                        0x65d (size before relaxing)
 .debug_str     0x0000000000001ba5      0x114 build/25519/ed25519.o
                                        0x6fe (size before relaxing)
 .debug_str     0x0000000000001cb9      0x152 build/25519/edsign.o
                                        0x7b6 (size before relaxing)
 .debug_str     0x0000000000001e0b       0x3e build/25519/f25519.o
                                        0x68d (size before relaxing)
 .debug_str     0x0000000000001e49       0xd6 build/25519/fprime.o
                                        0x6d8 (size before relaxing)
 .debug_str     0x0000000000001f1f       0x55 build/25519/morph25519.o
                                        0x654 (size before relaxing)
 .debug_str     0x0000000000001f74       0x5b build/25519/sha256.o
                                        0x625 (size before relaxing)
 .debug_str     0x0000000000001fcf       0x4b build/25519/sha512.o
                                        0x65b (size before relaxing)
 .debug_str     0x000000000000201a       0x80 build/base64/cdecode.o
                                        0x1fa (size before relaxing)
 .debug_str     0x000000000000209a       0x60 build/base64/cencode.o
                                        0x21c (size before relaxing)
 .debug_str     0x00000000000020fa       0xde build/image.o
                                        0xd5d (size before relaxing)
 .debug_str     0x00000000000021d8      0x3ab build/usb_lib/usb_regs.o
                                        0x92d (size before relaxing)
 .debug_str     0x0000000000002583       0x48 build/usb_lib/usb_int.o
                                        0x5b5 (size before relaxing)
 .debug_str     0x00000000000025cb       0x13 build/usb_lib/usb_init.o
                                        0x557 (size before relaxing)
 .debug_str     0x00000000000025de      0x3bd build/usb_lib/usb_core.o
                                        0xadf (size before relaxing)
 .debug_str     0x000000000000299b       0x36 build/usb_lib/usb_mem.o
                                        0x5a5 (size before relaxing)

.debug_loc      0x0000000000000000     0x7911
 *(.debug_loc)
 .debug_loc     0x0000000000000000      0x1f4 build/usb.o
 .debug_loc     0x00000000000001f4      0x18d build/main.o
 .debug_loc     0x0000000000000381      0x63f build/hardware.o
 .debug_loc     0x00000000000009c0      0x14e build/dfu.o
 .debug_loc     0x0000000000000b0e      0x1a7 build/25519/c25519.o
 .debug_loc     0x0000000000000cb5      0x50a build/25519/ed25519.o
 .debug_loc     0x00000000000011bf      0x649 build/25519/edsign.o
 .debug_loc     0x0000000000001808      0xb70 build/25519/f25519.o
 .debug_loc     0x0000000000002378      0xa68 build/25519/fprime.o
 .debug_loc     0x0000000000002de0      0x188 build/25519/morph25519.o
 .debug_loc     0x0000000000002f68     0x2399 build/25519/sha256.o
 .debug_loc     0x0000000000005301      0x8a3 build/25519/sha512.o
 .debug_loc     0x0000000000005ba4      0x1ac build/base64/cdecode.o
 .debug_loc     0x0000000000005d50      0x360 build/base64/cencode.o
 .debug_loc     0x00000000000060b0       0xd6 build/image.o
 .debug_loc     0x0000000000006186      0xab1 build/usb_lib/usb_regs.o
 .debug_loc     0x0000000000006c37      0x16d build/usb_lib/usb_int.o
 .debug_loc     0x0000000000006da4      0x94f build/usb_lib/usb_core.o
 .debug_loc     0x00000000000076f3      0x21e build/usb_lib/usb_mem.o

.debug_macinfo
 *(.debug_macinfo)

.debug_weaknames
 *(.debug_weaknames)

.debug_funcnames
 *(.debug_funcnames)

.debug_typenames
 *(.debug_typenames)

.debug_varnames
 *(.debug_varnames)
OUTPUT(build/enclave_stage1.elf elf32-littlearm)

.debug_ranges   0x0000000000000000      0xba8
 .debug_ranges  0x0000000000000000       0x20 build/stm32_lib/c_only_startup.o
 .debug_ranges  0x0000000000000020      0x100 build/usb.o
 .debug_ranges  0x0000000000000120       0x38 build/main.o
 .debug_ranges  0x0000000000000158       0xf8 build/hardware.o
 .debug_ranges  0x0000000000000250       0x78 build/dfu.o
 .debug_ranges  0x00000000000002c8       0x18 build/25519/c25519.o
 .debug_ranges  0x00000000000002e0       0xa8 build/25519/ed25519.o
 .debug_ranges  0x0000000000000388       0xc8 build/25519/edsign.o
 .debug_ranges  0x0000000000000450       0x90 build/25519/f25519.o
 .debug_ranges  0x00000000000004e0       0xf8 build/25519/fprime.o
 .debug_ranges  0x00000000000005d8       0x30 build/25519/morph25519.o
 .debug_ranges  0x0000000000000608       0x30 build/25519/sha256.o
 .debug_ranges  0x0000000000000638       0xe0 build/25519/sha512.o
 .debug_ranges  0x0000000000000718       0x20 build/base64/cdecode.o
 .debug_ranges  0x0000000000000738       0x28 build/base64/cencode.o
 .debug_ranges  0x0000000000000760       0x18 build/image.o
 .debug_ranges  0x0000000000000778      0x298 build/usb_lib/usb_regs.o
 .debug_ranges  0x0000000000000a10       0x30 build/usb_lib/usb_int.o
 .debug_ranges  0x0000000000000a40       0x10 build/usb_lib/usb_init.o
 .debug_ranges  0x0000000000000a50      0x140 build/usb_lib/usb_core.o
 .debug_ranges  0x0000000000000b90       0x18 build/usb_lib/usb_mem.o

Cross Reference Table

Symbol                                            File
ADC1_2_IRQHandler                                 build/stm32_lib/c_only_startup.o
BusFault_Handler                                  build/stm32_lib/c_only_startup.o
ByteSwap                                          build/usb_lib/usb_regs.o
CAN1_RX1_IRQHandler                               build/stm32_lib/c_only_startup.o
CAN1_SCE_IRQHandler                               build/stm32_lib/c_only_startup.o
CHARS_PER_LINE                                    build/base64/cencode.o
CTR_HP                                            build/usb_lib/usb_int.o
CTR_LP                                            build/usb_lib/usb_int.o
                                                  build/usb.o
ClearDTOG_RX                                      build/usb_lib/usb_regs.o
                                                  build/usb_lib/usb_core.o
ClearDTOG_TX                                      build/usb_lib/usb_regs.o
                                                  build/usb_lib/usb_core.o
ClearEPDoubleBuff                                 build/usb_lib/usb_regs.o
ClearEP_CTR_RX                                    build/usb_lib/usb_regs.o
ClearEP_CTR_TX                                    build/usb_lib/usb_regs.o
ClearEP_KIND                                      build/usb_lib/usb_regs.o
Clear_Status_Out                                  build/usb_lib/usb_regs.o
                                                  build/usb.o
DMA1_Channel1_IRQHandler                          build/stm32_lib/c_only_startup.o
DMA1_Channel2_IRQHandler                          build/stm32_lib/c_only_startup.o
DMA1_Channel3_IRQHandler                          build/stm32_lib/c_only_startup.o
DMA1_Channel4_IRQHandler                          build/stm32_lib/c_only_startup.o
DMA1_Channel5_IRQHandler                          build/stm32_lib/c_only_startup.o
DMA1_Channel6_IRQHandler                          build/stm32_lib/c_only_startup.o
DMA1_Channel7_IRQHandler                          build/stm32_lib/c_only_startup.o
Data_Mul_MaxPacketSize                            build/usb_lib/usb_core.o
DebugMon_Handler                                  build/stm32_lib/c_only_startup.o
Default_Handler                                   build/stm32_lib/c_only_startup.o
Device_Info                                       build/usb_lib/usb_init.o
Device_Property                                   build/usb.o
                                                  build/usb_lib/usb_core.o
                                                  build/usb_lib/usb_init.o
Device_Table                                      build/usb.o
                                                  build/usb_lib/usb_core.o
EPindex                                           build/usb_lib/usb_init.o
                                                  build/usb_lib/usb_int.o
EXTI0_IRQHandler                                  build/stm32_lib/c_only_startup.o
EXTI15_10_IRQHandler                              build/stm32_lib/c_only_startup.o
EXTI1_IRQHandler                                  build/stm32_lib/c_only_startup.o
EXTI2_IRQHandler                                  build/stm32_lib/c_only_startup.o
EXTI3_IRQHandler                                  build/stm32_lib/c_only_startup.o
EXTI4_IRQHandler                                  build/stm32_lib/c_only_startup.o
EXTI9_5_IRQHandler                                build/stm32_lib/c_only_startup.o
FLASH_IRQHandler                                  build/stm32_lib/c_only_startup.o
FreeUserBuffer                                    build/usb_lib/usb_regs.o
GPIO_AFIODeInit                                   ./libstm32fw.a(stm32f10x_gpio.o)
GPIO_DeInit                                       ./libstm32fw.a(stm32f10x_gpio.o)
GPIO_ETH_MediaInterfaceConfig                     ./libstm32fw.a(stm32f10x_gpio.o)
GPIO_EXTILineConfig                               ./libstm32fw.a(stm32f10x_gpio.o)
GPIO_EventOutputCmd                               ./libstm32fw.a(stm32f10x_gpio.o)
GPIO_EventOutputConfig                            ./libstm32fw.a(stm32f10x_gpio.o)
GPIO_Init                                         ./libstm32fw.a(stm32f10x_gpio.o)
                                                  build/hardware.o
GPIO_PinLockConfig                                ./libstm32fw.a(stm32f10x_gpio.o)
GPIO_PinRemapConfig                               ./libstm32fw.a(stm32f10x_gpio.o)
GPIO_ReadInputData                                ./libstm32fw.a(stm32f10x_gpio.o)
GPIO_ReadInputDataBit                             ./libstm32fw.a(stm32f10x_gpio.o)
GPIO_ReadOutputData                               ./libstm32fw.a(stm32f10x_gpio.o)
GPIO_ReadOutputDataBit                            ./libstm32fw.a(stm32f10x_gpio.o)
GPIO_ResetBits                                    ./libstm32fw.a(stm32f10x_gpio.o)
GPIO_SetBits                                      ./libstm32fw.a(stm32f10x_gpio.o)
GPIO_StructInit                                   ./libstm32fw.a(stm32f10x_gpio.o)
GPIO_Write                                        ./libstm32fw.a(stm32f10x_gpio.o)
GPIO_WriteBit                                     ./libstm32fw.a(stm32f10x_gpio.o)
GetBTABLE                                         build/usb_lib/usb_regs.o
GetCNTR                                           build/usb_lib/usb_regs.o
GetDADDR                                          build/usb_lib/usb_regs.o
GetENDPOINT                                       build/usb_lib/usb_regs.o
GetEPAddress                                      build/usb_lib/usb_regs.o
GetEPDblBuf0Addr                                  build/usb_lib/usb_regs.o
GetEPDblBuf0Count                                 build/usb_lib/usb_regs.o
GetEPDblBuf1Addr                                  build/usb_lib/usb_regs.o
GetEPDblBuf1Count                                 build/usb_lib/usb_regs.o
GetEPDblBufDir                                    build/usb_lib/usb_regs.o
GetEPRxAddr                                       build/usb_lib/usb_regs.o
                                                  build/usb_lib/usb_core.o
GetEPRxCount                                      build/usb_lib/usb_regs.o
GetEPRxStatus                                     build/usb_lib/usb_regs.o
GetEPTxAddr                                       build/usb_lib/usb_regs.o
                                                  build/usb_lib/usb_core.o
GetEPTxCount                                      build/usb_lib/usb_regs.o
GetEPTxStatus                                     build/usb_lib/usb_regs.o
GetEPType                                         build/usb_lib/usb_regs.o
GetFNR                                            build/usb_lib/usb_regs.o
GetISTR                                           build/usb_lib/usb_regs.o
GetRxStallStatus                                  build/usb_lib/usb_regs.o
GetTxStallStatus                                  build/usb_lib/usb_regs.o
HardFault_Handler                                 build/stm32_lib/c_only_startup.o
I2C1_ER_IRQHandler                                build/stm32_lib/c_only_startup.o
I2C1_EV_IRQHandler                                build/stm32_lib/c_only_startup.o
I2C2_ER_IRQHandler                                build/stm32_lib/c_only_startup.o
I2C2_EV_IRQHandler                                build/stm32_lib/c_only_startup.o
In0_Process                                       build/usb_lib/usb_core.o
                                                  build/usb_lib/usb_int.o
MemManage_Handler                                 build/stm32_lib/c_only_startup.o
NMI_Handler                                       build/stm32_lib/c_only_startup.o
NOP_Process                                       build/usb_lib/usb_core.o