Archive member included because of file (symbol)

c:/program files (x86)/gnu tools arm embedded/4.8 2014q3/bin/../lib/gcc/arm-none-eabi/4.8.4/../../../../arm-none-eabi/lib/armv7-m\libc_s.a(lib_a-memcpy-stub.o)
                              build/25519/ed25519.o (memcpy)
c:/program files (x86)/gnu tools arm embedded/4.8 2014q3/bin/../lib/gcc/arm-none-eabi/4.8.4/../../../../arm-none-eabi/lib/armv7-m\libc_s.a(lib_a-memset.o)
                              build/dfu.o (memset)
c:/program files (x86)/gnu tools arm embedded/4.8 2014q3/bin/../lib/gcc/arm-none-eabi/4.8.4/../../../../arm-none-eabi/lib/armv7-m\libc_s.a(lib_a-sprintf.o)
                              build/image.o (sprintf)
c:/program files (x86)/gnu tools arm embedded/4.8 2014q3/bin/../lib/gcc/arm-none-eabi/4.8.4/../../../../arm-none-eabi/lib/armv7-m\libc_s.a(lib_a-svfprintf.o)
                              c:/program files (x86)/gnu tools arm embedded/4.8 2014q3/bin/../lib/gcc/arm-none-eabi/4.8.4/../../../../arm-none-eabi/lib/armv7-m\libc_s.a(lib_a-sprintf.o) (_svfprintf_r)
c:/program files (x86)/gnu tools arm embedded/4.8 2014q3/bin/../lib/gcc/arm-none-eabi/4.8.4/../../../../arm-none-eabi/lib/armv7-m\libc_s.a(lib_a-vfprintf_i.o)
                              c:/program files (x86)/gnu tools arm embedded/4.8 2014q3/bin/../lib/gcc/arm-none-eabi/4.8.4/../../../../arm-none-eabi/lib/armv7-m\libc_s.a(lib_a-svfprintf.o) (_printf_i)
c:/program files (x86)/gnu tools arm embedded/4.8 2014q3/bin/../lib/gcc/arm-none-eabi/4.8.4/../../../../arm-none-eabi/lib/armv7-m\libc_s.a(lib_a-vsprintf.o)
                              build/hardware.o (vsprintf)
c:/program files (x86)/gnu tools arm embedded/4.8 2014q3/bin/../lib/gcc/arm-none-eabi/4.8.4/../../../../arm-none-eabi/lib/armv7-m\libc_s.a(lib_a-impure.o)
                              c:/program files (x86)/gnu tools arm embedded/4.8 2014q3/bin/../lib/gcc/arm-none-eabi/4.8.4/../../../../arm-none-eabi/lib/armv7-m\libc_s.a(lib_a-sprintf.o) (_impure_ptr)
c:/program files (x86)/gnu tools arm embedded/4.8 2014q3/bin/../lib/gcc/arm-none-eabi/4.8.4/../../../../arm-none-eabi/lib/armv7-m\libc_s.a(lib_a-memchr-stub.o)
                              c:/program files (x86)/gnu tools arm embedded/4.8 2014q3/bin/../lib/gcc/arm-none-eabi/4.8.4/../../../../arm-none-eabi/lib/armv7-m\libc_s.a(lib_a-svfprintf.o) (memchr)
c:/program files (x86)/gnu tools arm embedded/4.8 2014q3/bin/../lib/gcc/arm-none-eabi/4.8.4/../../../../arm-none-eabi/lib/armv7-m\libc_s.a(lib_a-memmove.o)
                              c:/program files (x86)/gnu tools arm embedded/4.8 2014q3/bin/../lib/gcc/arm-none-eabi/4.8.4/../../../../arm-none-eabi/lib/armv7-m\libc_s.a(lib_a-svfprintf.o) (memmove)
c:/program files (x86)/gnu tools arm embedded/4.8 2014q3/bin/../lib/gcc/arm-none-eabi/4.8.4/../../../../arm-none-eabi/lib/armv7-m\libc_s.a(lib_a-nano-freer.o)
                              c:/program files (x86)/gnu tools arm embedded/4.8 2014q3/bin/../lib/gcc/arm-none-eabi/4.8.4/../../../../arm-none-eabi/lib/armv7-m\libc_s.a(lib_a-svfprintf.o) (_free_r)
c:/program files (x86)/gnu tools arm embedded/4.8 2014q3/bin/../lib/gcc/arm-none-eabi/4.8.4/../../../../arm-none-eabi/lib/armv7-m\libc_s.a(lib_a-nano-mallocr.o)
                              c:/program files (x86)/gnu tools arm embedded/4.8 2014q3/bin/../lib/gcc/arm-none-eabi/4.8.4/../../../../arm-none-eabi/lib/armv7-m\libc_s.a(lib_a-svfprintf.o) (_malloc_r)
c:/program files (x86)/gnu tools arm embedded/4.8 2014q3/bin/../lib/gcc/arm-none-eabi/4.8.4/../../../../arm-none-eabi/lib/armv7-m\libc_s.a(lib_a-nano-reallocr.o)
                              c:/program files (x86)/gnu tools arm embedded/4.8 2014q3/bin/../lib/gcc/arm-none-eabi/4.8.4/../../../../arm-none-eabi/lib/armv7-m\libc_s.a(lib_a-svfprintf.o) (_realloc_r)
c:/program files (x86)/gnu tools arm embedded/4.8 2014q3/bin/../lib/gcc/arm-none-eabi/4.8.4/../../../../arm-none-eabi/lib/armv7-m\libc_s.a(lib_a-sbrkr.o)
                              c:/program files (x86)/gnu tools arm embedded/4.8 2014q3/bin/../lib/gcc/arm-none-eabi/4.8.4/../../../../arm-none-eabi/lib/armv7-m\libc_s.a(lib_a-nano-mallocr.o) (_sbrk_r)
c:/program files (x86)/gnu tools arm embedded/4.8 2014q3/bin/../lib/gcc/arm-none-eabi/4.8.4/../../../../arm-none-eabi/lib/armv7-m\libc_s.a(lib_a-strlen.o)
                              c:/program files (x86)/gnu tools arm embedded/4.8 2014q3/bin/../lib/gcc/arm-none-eabi/4.8.4/../../../../arm-none-eabi/lib/armv7-m\libc_s.a(lib_a-vfprintf_i.o) (strlen)
c:/program files (x86)/gnu tools arm embedded/4.8 2014q3/bin/../lib/gcc/arm-none-eabi/4.8.4/../../../../arm-none-eabi/lib/armv7-m\libc_s.a(lib_a-nano-msizer.o)
                              c:/program files (x86)/gnu tools arm embedded/4.8 2014q3/bin/../lib/gcc/arm-none-eabi/4.8.4/../../../../arm-none-eabi/lib/armv7-m\libc_s.a(lib_a-nano-reallocr.o) (_malloc_usable_size_r)
[...]
Memory Configuration

Name             Origin             Length             Attributes
RAM              0x20000000         0x00005000         xrw
FLASH            0x08000000         0x00020000         xr
*default*        0x00000000         0xffffffff

Linker script and memory map

LOAD build/stm32_lib/c_only_startup.o
LOAD build/stm32_lib/cortexm3_macro.o
LOAD build/usb.o
LOAD build/usb_callbacks.o
LOAD build/usb_descriptor.o
LOAD build/main.o
LOAD build/hardware.o
LOAD build/dfu.o
LOAD build/25519/c25519.o
LOAD build/25519/ed25519.o
LOAD build/25519/edsign.o
LOAD build/25519/f25519.o
LOAD build/25519/fprime.o
LOAD build/25519/morph25519.o
LOAD build/25519/sha256.o
LOAD build/25519/sha512.o
LOAD build/image.o
LOAD build/usb_lib/usb_regs.o
LOAD build/usb_lib/usb_int.o
LOAD build/usb_lib/usb_init.o
LOAD build/usb_lib/usb_core.o
LOAD build/usb_lib/usb_mem.o
LOAD c:/program files (x86)/gnu tools arm embedded/4.8 2014q3/bin/../lib/gcc/arm-none-eabi/4.8.4/../../../../arm-none-eabi/lib/armv7-m\libc_s.a
LOAD c:/program files (x86)/gnu tools arm embedded/4.8 2014q3/bin/../lib/gcc/arm-none-eabi/4.8.4/armv7-m\libgcc.a
LOAD .\libstm32fw.a
START GROUP
LOAD c:/program files (x86)/gnu tools arm embedded/4.8 2014q3/bin/../lib/gcc/arm-none-eabi/4.8.4/armv7-m\libgcc.a
LOAD c:/program files (x86)/gnu tools arm embedded/4.8 2014q3/bin/../lib/gcc/arm-none-eabi/4.8.4/../../../../arm-none-eabi/lib/armv7-m\libg_s.a
LOAD c:/program files (x86)/gnu tools arm embedded/4.8 2014q3/bin/../lib/gcc/arm-none-eabi/4.8.4/../../../../arm-none-eabi/lib/armv7-m\libc_s.a
END GROUP
START GROUP
LOAD c:/program files (x86)/gnu tools arm embedded/4.8 2014q3/bin/../lib/gcc/arm-none-eabi/4.8.4/armv7-m\libgcc.a
LOAD c:/program files (x86)/gnu tools arm embedded/4.8 2014q3/bin/../lib/gcc/arm-none-eabi/4.8.4/../../../../arm-none-eabi/lib/armv7-m\libc_s.a
LOAD c:/program files (x86)/gnu tools arm embedded/4.8 2014q3/bin/../lib/gcc/arm-none-eabi/4.8.4/../../../../arm-none-eabi/lib/armv7-m\libnosys.a
END GROUP
START GROUP
LOAD c:/program files (x86)/gnu tools arm embedded/4.8 2014q3/bin/../lib/gcc/arm-none-eabi/4.8.4/armv7-m\libgcc.a
LOAD c:/program files (x86)/gnu tools arm embedded/4.8 2014q3/bin/../lib/gcc/arm-none-eabi/4.8.4/../../../../arm-none-eabi/lib/armv7-m\libc_s.a
LOAD c:/program files (x86)/gnu tools arm embedded/4.8 2014q3/bin/../lib/gcc/arm-none-eabi/4.8.4/../../../../arm-none-eabi/lib/armv7-m\libnosys.a
END GROUP
                0x00000800                __Stack_Size = 0x800
                0x00000800                PROVIDE (_Stack_Size, __Stack_Size)
                0x20004800                __Stack_Init = (_estack - __Stack_Size)
                0x20004800                PROVIDE (_Stack_Init, __Stack_Init)
                0x00000100                _Minimum_Stack_Size = 0x100
                0x20005000                _estack = 0x20005000

.isr_vector     0x08000000       0xf0
                0x08000000                . = ALIGN (0x4)
 *(.isr_vector)
 .isr_vector    0x08000000       0xf0 build/stm32_lib/c_only_startup.o
                0x08000000                g_pfnVectors
                0x080000f0                . = ALIGN (0x4)

.flashtext      0x080000f0        0x0
                0x080000f0                . = ALIGN (0x4)
 *(.flashtext)
                0x080000f0                . = ALIGN (0x4)

.text           0x080000f0     0x75e8
                0x080000f0                . = ALIGN (0x4)
 *(.text)
 .text          0x080000f0      0x2e8 .\libstm32fw.a(stm32f10x_gpio.o)
                0x080000f0                GPIO_DeInit
                0x080001cc                GPIO_AFIODeInit
                0x080001e4                GPIO_Init
                0x080002a8                GPIO_StructInit
                0x080002b8                GPIO_ReadInputDataBit
                0x080002c4                GPIO_ReadInputData
                0x080002cc                GPIO_ReadOutputDataBit
                0x080002d8                GPIO_ReadOutputData
                0x080002e0                GPIO_SetBits
                0x080002e4                GPIO_ResetBits
                0x080002e8                GPIO_WriteBit
                0x080002f4                GPIO_Write
                0x080002f8                GPIO_PinLockConfig
                0x08000308                GPIO_EventOutputConfig
                0x08000328                GPIO_EventOutputCmd
                0x08000334                GPIO_PinRemapConfig
                0x080003a0                GPIO_EXTILineConfig
                0x080003cc                GPIO_ETH_MediaInterfaceConfig
 .text          0x080003d8      0x360 .\libstm32fw.a(stm32f10x_rcc.o)
                0x080003d8                RCC_DeInit
                0x08000418                RCC_HSEConfig
                0x08000450                RCC_WaitForHSEStartUp
                0x08000488                RCC_AdjustHSICalibrationValue
                0x0800049c                RCC_HSICmd
                0x080004a8                RCC_PLLConfig
                0x080004bc                RCC_PLLCmd
                0x080004c8                RCC_SYSCLKConfig
                0x080004dc                RCC_GetSYSCLKSource
                0x080004ec                RCC_HCLKConfig
                0x08000500                RCC_PCLK1Config
                0x08000514                RCC_PCLK2Config
                0x08000528                RCC_ITConfig
                0x08000540                RCC_USBCLKConfig
                0x0800054c                RCC_ADCCLKConfig
                0x08000560                RCC_LSEConfig
                0x08000580                RCC_LSICmd
                0x0800058c                RCC_RTCCLKConfig
                0x0800059c                RCC_RTCCLKCmd
                0x080005a8                RCC_GetClocksFreq
                0x08000638                RCC_AHBPeriphClockCmd
                0x08000650                RCC_APB2PeriphClockCmd
                0x08000668                RCC_APB1PeriphClockCmd
                0x08000680                RCC_APB2PeriphResetCmd
                0x08000698                RCC_APB1PeriphResetCmd
                0x080006b0                RCC_BackupResetCmd
                0x080006bc                RCC_ClockSecuritySystemCmd
                0x080006c8                RCC_MCOConfig
                0x080006d4                RCC_GetFlagStatus
                0x08000708                RCC_ClearFlag
                0x08000718                RCC_GetITStatus
                0x0800072c                RCC_ClearITPendingBit
 .text          0x08000738      0x414 .\libstm32fw.a(stm32f10x_usart.o)
                0x08000738                USART_DeInit
                0x080007e8                USART_Init
                0x080008a4                USART_StructInit
                0x080008bc                USART_ClockInit
                0x080008e0                USART_ClockStructInit
                0x080008ec                USART_Cmd
                0x08000908                USART_ITConfig
                0x08000944                USART_DMACmd
                0x08000958                USART_SetAddress
                0x08000970                USART_WakeUpConfig
                0x08000988                USART_ReceiverWakeUpCmd
                0x080009a4                USART_LINBreakDetectLengthConfig
                0x080009bc                USART_LINCmd
                0x080009d8                USART_SendData
                0x080009e0                USART_ReceiveData
                0x080009e8                USART_SendBreak
                0x080009f4                USART_SetGuardTime
                0x08000a08                USART_SetPrescaler
                0x08000a1c                USART_SmartCardCmd
                0x08000a38                USART_SmartCardNACKCmd
                0x08000a54                USART_HalfDuplexCmd
                0x08000a70                USART_OverSampling8Cmd
                0x08000a8c                USART_OneBitMethodCmd
                0x08000aa8                USART_IrDAConfig
                0x08000ac0                USART_IrDACmd
                0x08000adc                USART_GetFlagStatus
                0x08000ae8                USART_ClearFlag
                0x08000af0                USART_GetITStatus
                0x08000b3c                USART_ClearITPendingBit
 *(.text.*)
 .text.Reset_Handler
                0x08000b4c       0x48 build/stm32_lib/c_only_startup.o
                0x08000b4c                Reset_Handler
 .text.Default_Handler
                0x08000b94        0x4 build/stm32_lib/c_only_startup.o
                0x08000b94                EXTI2_IRQHandler
                0x08000b94                DebugMon_Handler
                0x08000b94                TIM1_CC_IRQHandler
                0x08000b94                HardFault_Handler
                0x08000b94                SysTick_Handler
                0x08000b94                PVD_IRQHandler
                0x08000b94                PendSV_Handler
                0x08000b94                NMI_Handler
                0x08000b94                EXTI3_IRQHandler
                0x08000b94                EXTI0_IRQHandler
                0x08000b94                I2C2_EV_IRQHandler
                0x08000b94                UsageFault_Handler
                0x08000b94                ADC1_2_IRQHandler
                0x08000b94                SPI1_IRQHandler
                0x08000b94                TAMPER_IRQHandler
                0x08000b94                DMA1_Channel4_IRQHandler
                0x08000b94                USART3_IRQHandler
                0x08000b94                RTC_IRQHandler
                0x08000b94                DMA1_Channel7_IRQHandler
                0x08000b94                CAN1_RX1_IRQHandler
                0x08000b94                TIM4_IRQHandler
                0x08000b94                I2C1_EV_IRQHandler
                0x08000b94                DMA1_Channel6_IRQHandler
                0x08000b94                TIM3_IRQHandler
                0x08000b94                RCC_IRQHandler
                0x08000b94                TIM1_TRG_COM_IRQHandler
                0x08000b94                DMA1_Channel1_IRQHandler
                0x08000b94                Default_Handler
                0x08000b94                EXTI15_10_IRQHandler
                0x08000b94                EXTI9_5_IRQHandler
                0x08000b94                SPI2_IRQHandler
                0x08000b94                MemManage_Handler
                0x08000b94                SVC_Handler
                0x08000b94                DMA1_Channel5_IRQHandler
                0x08000b94                EXTI4_IRQHandler
                0x08000b94                USB_HP_CAN1_TX_IRQHandler
                0x08000b94                DMA1_Channel3_IRQHandler
                0x08000b94                TIM1_UP_IRQHandler
                0x08000b94                WWDG_IRQHandler
                0x08000b94                TIM2_IRQHandler
                0x08000b94                TIM1_BRK_IRQHandler
                0x08000b94                EXTI1_IRQHandler
                0x08000b94                RTCAlarm_IRQHandler
                0x08000b94                USART2_IRQHandler
                0x08000b94                I2C2_ER_IRQHandler
                0x08000b94                DMA1_Channel2_IRQHandler
                0x08000b94                CAN1_SCE_IRQHandler
                0x08000b94                FLASH_IRQHandler
                0x08000b94                BusFault_Handler
                0x08000b94                USART1_IRQHandler
                0x08000b94                I2C1_ER_IRQHandler
                0x08000b94                USBWakeUp_IRQHandler
 .text.nothingProc
                0x08000b98        0x4 build/usb.o
                0x08000b98                nothingProc
 .text.usbStatusIn
                0x08000b9c        0x4 build/usb.o
                0x08000b9c                usbStatusIn
 .text.usbStatusOut
                0x08000ba0        0x4 build/usb.o
                0x08000ba0                usbStatusOut
 .text.usbGetInterfaceSetting
                0x08000ba4        0xc build/usb.o
                0x08000ba4                usbGetInterfaceSetting
 .text.usbGetConfiguration
                0x08000bb0        0x4 build/usb.o
                0x08000bb0                usbGetConfiguration
 .text.usbSetConfiguration
                0x08000bb4       0x18 build/usb.o
                0x08000bb4                usbSetConfiguration
 .text.usbGetInterface
                0x08000bcc        0x4 build/usb.o
                0x08000bcc                usbGetInterface
 .text.usbSetInterface
                0x08000bd0        0x4 build/usb.o
                0x08000bd0                usbSetInterface
 .text.usbGetStatus
                0x08000bd4        0x4 build/usb.o
                0x08000bd4                usbGetStatus
 .text.usbClearFeature
                0x08000bd8        0x4 build/usb.o
                0x08000bd8                usbClearFeature
 .text.usbSetEndpointFeature
                0x08000bdc        0x4 build/usb.o
                0x08000bdc                usbSetEndpointFeature
 .text.usbSetDeviceFeature
                0x08000be0        0x4 build/usb.o
                0x08000be0                usbSetDeviceFeature
 .text.usbSetDeviceAddress
                0x08000be4        0xc build/usb.o
                0x08000be4                usbSetDeviceAddress
 .text.usbReset
                0x08000bf0       0xa8 build/usb.o
                0x08000bf0                usbReset
 .text.usbDataSetup
                0x08000c98       0x74 build/usb.o
                0x08000c98                usbDataSetup
 .text.usbGetDeviceDescriptor
                0x08000d0c        0xc build/usb.o
                0x08000d0c                usbGetDeviceDescriptor
 .text.usbGetConfigDescriptor
                0x08000d18        0xc build/usb.o
                0x08000d18                usbGetConfigDescriptor
 .text.usbGetStringDescriptor
                0x08000d24       0x20 build/usb.o
                0x08000d24                usbGetStringDescriptor
 .text.usbGetFunctionalDescriptor
                0x08000d44        0xc build/usb.o
                0x08000d44                usbGetFunctionalDescriptor
 .text.usbNoDataSetup
                0x08000d50       0x28 build/usb.o
                0x08000d50                usbNoDataSetup
 .text.usbInit  0x08000d78       0x8c build/usb.o
                0x08000d78                usbInit
 .text.setupUSB
                0x08000e04       0x70 build/usb.o
                0x08000e04                setupUSB
 .text.usbDsbBus
                0x08000e74       0x38 build/usb.o
                0x08000e74                usbDsbBus
 .text.usbResume
                0x08000eac       0xc8 build/usb.o
                0x08000eac                usbResume
 .text.usbEnbISR
                0x08000f74       0x1c build/usb.o
                0x08000f74                usbEnbISR
 .text.usbDsbISR
                0x08000f90       0x18 build/usb.o
                0x08000f90                usbDsbISR
 .text.USB_LP_CAN1_RX0_IRQHandler
                0x08000fa8       0xe4 build/usb.o
                0x08000fa8                USB_LP_CAN1_RX0_IRQHandler
 .text.startup.main
                0x0800108c      0x13c build/main.o
                0x0800108c                main
 .text.gpio_write_bit
                0x080011c8       0x18 build/hardware.o
                0x080011c8                gpio_write_bit
 .text.readPin  0x080011e0       0x14 build/hardware.o
                0x080011e0                readPin
 .text.strobePin
                0x080011f4       0x60 build/hardware.o
                0x080011f4                strobePin
 .text.uart_printf
                0x08001254       0x44 build/hardware.o
                0x08001254                uart_printf
 .text.uartInit
                0x08001298       0x88 build/hardware.o
                0x08001298                uartInit
 .text.systemReset
                0x08001320       0x50 build/hardware.o
                0x08001320                systemReset
 .text.setupCLK
                0x08001370       0x6c build/hardware.o
                0x08001370                setupCLK
 .text.setupLEDAndButton
                0x080013dc       0x14 build/hardware.o
                0x080013dc                setupLEDAndButton
 .text.setupFLASH
                0x080013f0       0x20 build/hardware.o
                0x080013f0                setupFLASH
 .text.uid_read
                0x08001410       0x28 build/hardware.o
                0x08001410                uid_read
 .text.jumpToUser
                0x08001438       0xa8 build/hardware.o
                0x08001438                jumpToUser
 .text.nvicInit
                0x080014e0       0x70 build/hardware.o
                0x080014e0                nvicInit
 .text.nvicDisableInterrupts
                0x08001550       0x28 build/hardware.o
                0x08001550                nvicDisableInterrupts
 .text.systemHardReset
                0x08001578       0x14 build/hardware.o
                0x08001578                systemHardReset
 .text.flashErasePage
                0x0800158c       0x40 build/hardware.o
                0x0800158c                flashErasePage
 .text.flashWriteWord
                0x080015cc       0x58 build/hardware.o
                0x080015cc                flashWriteWord
 .text.flashLock
                0x08001624        0xc build/hardware.o
                0x08001624                flashLock
 .text.flashUnlock
                0x08001630       0x18 build/hardware.o
                0x08001630                flashUnlock
 .text.crMask   0x08001648       0x14 build/hardware.o
                0x08001648                crMask
 .text.getFlashEnd
                0x0800165c       0x10 build/hardware.o
                0x0800165c                getFlashEnd
 .text.getFlashPageSize
                0x0800166c       0x18 build/hardware.o
                0x0800166c                getFlashPageSize
 .text.dfuInit  0x08001684       0xa0 build/dfu.o
                0x08001684                dfuInit
 .text.dfuUpdateByRequest
                0x08001724      0x2d8 build/dfu.o
                0x08001724                dfuUpdateByRequest
 .text.dfuUpdateByReset
                0x080019fc       0x44 build/dfu.o
                0x080019fc                dfuUpdateByReset
 .text.dfuCopyState
                0x08001a40       0x18 build/dfu.o
                0x08001a40                dfuCopyState
 .text.dfuCopyStatus
                0x08001a58       0x18 build/dfu.o
                0x08001a58                dfuCopyStatus
 .text.dfuCopyDNLOAD
                0x08001a70       0x34 build/dfu.o
                0x08001a70                dfuCopyDNLOAD
 .text.dfuCopyUPLOAD
                0x08001aa4       0x34 build/dfu.o
                0x08001aa4                dfuCopyUPLOAD
 .text.dfuUploadStarted
                0x08001ad8        0xc build/dfu.o
                0x08001ad8                dfuUploadStarted
 .text.dfuFinishUpload
                0x08001ae4        0x4 build/dfu.o
                0x08001ae4                dfuFinishUpload
 .text.ed25519_project
                0x08001ae8       0x70 build/25519/ed25519.o
                0x08001ae8                ed25519_project
 .text.ed25519_unproject
                0x08001b58       0x3c build/25519/ed25519.o
                0x08001b58                ed25519_unproject
 .text.ed25519_pack
                0x08001b94       0x60 build/25519/ed25519.o
                0x08001b94                ed25519_pack
 .text.ed25519_try_unpack
                0x08001bf4       0xc8 build/25519/ed25519.o
                0x08001bf4                ed25519_try_unpack
 .text.ed25519_add
                0x08001cbc       0xe0 build/25519/ed25519.o
                0x08001cbc                ed25519_add
 .text.ed25519_double
                0x08001d9c       0xb4 build/25519/ed25519.o
                0x08001d9c                ed25519_double
 .text.ed25519_smult
                0x08001e50       0x84 build/25519/ed25519.o
                0x08001e50                ed25519_smult
 .text.edsign_verify
                0x08001ed4      0x17c build/25519/edsign.o
                0x08001ed4                edsign_verify
 .text.f25519_load
                0x08002050       0x20 build/25519/f25519.o
                0x08002050                f25519_load
 .text.f25519_normalize
                0x08002070       0x70 build/25519/f25519.o
                0x08002070                f25519_normalize
 .text.f25519_eq
                0x080020e0       0x9c build/25519/f25519.o
                0x080020e0                f25519_eq
 .text.f25519_select
                0x0800217c       0xc4 build/25519/f25519.o
                0x0800217c                f25519_select
 .text.f25519_add
                0x08002240       0x48 build/25519/f25519.o
                0x08002240                f25519_add
 .text.f25519_sub
                0x08002288       0x4c build/25519/f25519.o
                0x08002288                f25519_sub
 .text.f25519_neg
                0x080022d4       0x48 build/25519/f25519.o
                0x080022d4                f25519_neg
 .text.f25519_mul__distinct
                0x0800231c       0x88 build/25519/f25519.o
                0x0800231c                f25519_mul__distinct
 .text.f25519_inv__distinct
                0x080023a4      0x5ec build/25519/f25519.o
                0x080023a4                f25519_inv__distinct
 .text.f25519_sqrt
                0x08002990      0x634 build/25519/f25519.o
                0x08002990                f25519_sqrt
 .text.fprime_from_bytes
                0x08002fc4      0x1a0 build/25519/fprime.o
                0x08002fc4                fprime_from_bytes
 .text.sha256_starts
                0x08003164       0x58 build/25519/sha256.o
                0x08003164                sha256_starts
 .text.sha256_process
                0x080031bc     0x1f64 build/25519/sha256.o
                0x080031bc                sha256_process
 .text.sha256_update
                0x08005120       0x90 build/25519/sha256.o
                0x08005120                sha256_update
 .text.sha256_finish
                0x080051b0      0x218 build/25519/sha256.o
                0x080051b0                sha256_finish
 .text.sha512_block
                0x080053c8      0x494 build/25519/sha512.o
                0x080053c8                sha512_block
 .text.sha512_final
                0x0800585c       0x88 build/25519/sha512.o
                0x0800585c                sha512_final
 .text.sha512_get
                0x080058e4      0x298 build/25519/sha512.o
                0x080058e4                sha512_get
 .text.imageCheckFromAddress
                0x08005b7c      0x1a4 build/image.o
                0x08005b7c                imageCheckFromAddress
 .text.SetEPTxStatus
                0x08005d20       0x2a build/usb_lib/usb_regs.o
                0x08005d20                SetEPTxStatus
 .text.SetEPRxValid
                0x08005d4a       0x1e build/usb_lib/usb_regs.o
                0x08005d4a                SetEPRxValid
 .text.Clear_Status_Out
                0x08005d68       0x1c build/usb_lib/usb_regs.o
                0x08005d68                Clear_Status_Out
 .text.ClearDTOG_RX
                0x08005d84       0x20 build/usb_lib/usb_regs.o
                0x08005d84                ClearDTOG_RX
 .text.ClearDTOG_TX
                0x08005da4       0x20 build/usb_lib/usb_regs.o
                0x08005da4                ClearDTOG_TX
 .text.GetEPTxAddr
                0x08005dc4       0x1c build/usb_lib/usb_regs.o
                0x08005dc4                GetEPTxAddr
 .text.GetEPRxAddr
                0x08005de0       0x1c build/usb_lib/usb_regs.o
                0x08005de0                GetEPRxAddr
 .text.SetEPTxCount
                0x08005dfc       0x1c build/usb_lib/usb_regs.o
                0x08005dfc                SetEPTxCount
 .text.SetEPRxCount
                0x08005e18       0x40 build/usb_lib/usb_regs.o
                0x08005e18                SetEPRxCount
 .text.CTR_LP   0x08005e58      0x154 build/usb_lib/usb_int.o
                0x08005e58                CTR_LP
 .text.USB_Init
                0x08005fac       0x38 build/usb_lib/usb_init.o
                0x08005fac                USB_Init
 .text.Standard_GetConfiguration
                0x08005fe4       0x24 build/usb_lib/usb_core.o
                0x08005fe4                Standard_GetConfiguration
 .text.Standard_GetInterface
                0x08006008       0x24 build/usb_lib/usb_core.o
                0x08006008                Standard_GetInterface
 .text.Standard_GetStatus
                0x0800602c       0x90 build/usb_lib/usb_core.o
                0x0800602c                Standard_GetStatus
 .text.DataStageIn
                0x080060bc       0xa8 build/usb_lib/usb_core.o
 .text.Standard_SetConfiguration
                0x08006164       0x38 build/usb_lib/usb_core.o
                0x08006164                Standard_SetConfiguration
 .text.Standard_SetInterface
                0x0800619c       0x48 build/usb_lib/usb_core.o
                0x0800619c                Standard_SetInterface
 .text.Standard_ClearFeature
                0x080061e4       0xd0 build/usb_lib/usb_core.o
                0x080061e4                Standard_ClearFeature
 .text.Standard_SetEndPointFeature
                0x080062b4       0x84 build/usb_lib/usb_core.o
                0x080062b4                Standard_SetEndPointFeature
 .text.Standard_SetDeviceFeature
                0x08006338       0x24 build/usb_lib/usb_core.o
                0x08006338                Standard_SetDeviceFeature
 .text.Standard_GetDescriptorData
                0x0800635c       0x1c build/usb_lib/usb_core.o
                0x0800635c                Standard_GetDescriptorData
 .text.Post0_Process
                0x08006378       0x40 build/usb_lib/usb_core.o
                0x08006378                Post0_Process
 .text.Setup0_Process
                0x080063b8      0x2dc build/usb_lib/usb_core.o
                0x080063b8                Setup0_Process
 .text.Out0_Process
                0x08006694       0xc8 build/usb_lib/usb_core.o
                0x08006694                Out0_Process
 .text.SetDeviceAddress
                0x0800675c       0x38 build/usb_lib/usb_core.o
                0x0800675c                SetDeviceAddress
 .text.In0_Process
                0x08006794       0x5c build/usb_lib/usb_core.o
                0x08006794                In0_Process
 .text.UserToPMABufferCopy
                0x080067f0       0x30 build/usb_lib/usb_mem.o
                0x080067f0                UserToPMABufferCopy
 .text.PMAToUserBufferCopy
                0x08006820       0x24 build/usb_lib/usb_mem.o
                0x08006820                PMAToUserBufferCopy
 .text.memcpy   0x08006844       0x12 c:/program files (x86)/gnu tools arm embedded/4.8 2014q3/bin/../lib/gcc/arm-none-eabi/4.8.4/../../../../arm-none-eabi/lib/armv7-m\libc_s.a(lib_a-memcpy-stub.o)
                0x08006844                memcpy
 .text.memset   0x08006856       0x10 c:/program files (x86)/gnu tools arm embedded/4.8 2014q3/bin/../lib/gcc/arm-none-eabi/4.8.4/../../../../arm-none-eabi/lib/armv7-m\libc_s.a(lib_a-memset.o)
                0x08006856                memset
 *fill*         0x08006866        0x2 
 .text.sprintf  0x08006868       0x48 c:/program files (x86)/gnu tools arm embedded/4.8 2014q3/bin/../lib/gcc/arm-none-eabi/4.8.4/../../../../arm-none-eabi/lib/armv7-m\libc_s.a(lib_a-sprintf.o)
                0x08006868                siprintf
                0x08006868                sprintf
 .text.__ssputs_r
                0x080068b0       0xb8 c:/program files (x86)/gnu tools arm embedded/4.8 2014q3/bin/../lib/gcc/arm-none-eabi/4.8.4/../../../../arm-none-eabi/lib/armv7-m\libc_s.a(lib_a-svfprintf.o)
                0x080068b0                __ssputs_r
 .text._svfprintf_r
                0x08006968      0x1d8 c:/program files (x86)/gnu tools arm embedded/4.8 2014q3/bin/../lib/gcc/arm-none-eabi/4.8.4/../../../../arm-none-eabi/lib/armv7-m\libc_s.a(lib_a-svfprintf.o)
                0x08006968                _svfiprintf_r
                0x08006968                _svfprintf_r
 .text._printf_common
                0x08006b40       0xe4 c:/program files (x86)/gnu tools arm embedded/4.8 2014q3/bin/../lib/gcc/arm-none-eabi/4.8.4/../../../../arm-none-eabi/lib/armv7-m\libc_s.a(lib_a-vfprintf_i.o)
                0x08006b40                _printf_common
 .text._printf_i
                0x08006c24      0x228 c:/program files (x86)/gnu tools arm embedded/4.8 2014q3/bin/../lib/gcc/arm-none-eabi/4.8.4/../../../../arm-none-eabi/lib/armv7-m\libc_s.a(lib_a-vfprintf_i.o)
                0x08006c24                _printf_i
 .text._vsprintf_r
                0x08006e4c       0x30 c:/program files (x86)/gnu tools arm embedded/4.8 2014q3/bin/../lib/gcc/arm-none-eabi/4.8.4/../../../../arm-none-eabi/lib/armv7-m\libc_s.a(lib_a-vsprintf.o)
                0x08006e4c                _vsprintf_r
                0x08006e4c                _vsiprintf_r
 .text.vsprintf
                0x08006e7c       0x1c c:/program files (x86)/gnu tools arm embedded/4.8 2014q3/bin/../lib/gcc/arm-none-eabi/4.8.4/../../../../arm-none-eabi/lib/armv7-m\libc_s.a(lib_a-vsprintf.o)
                0x08006e7c                vsiprintf
                0x08006e7c                vsprintf
 .text.memchr   0x08006e98       0x1c c:/program files (x86)/gnu tools arm embedded/4.8 2014q3/bin/../lib/gcc/arm-none-eabi/4.8.4/../../../../arm-none-eabi/lib/armv7-m\libc_s.a(lib_a-memchr-stub.o)
                0x08006e98                memchr
 .text.memmove  0x08006eb4       0x36 c:/program files (x86)/gnu tools arm embedded/4.8 2014q3/bin/../lib/gcc/arm-none-eabi/4.8.4/../../../../arm-none-eabi/lib/armv7-m\libc_s.a(lib_a-memmove.o)
                0x08006eb4                memmove
 *fill*         0x08006eea        0x2 
 .text._free_r  0x08006eec       0x88 c:/program files (x86)/gnu tools arm embedded/4.8 2014q3/bin/../lib/gcc/arm-none-eabi/4.8.4/../../../../arm-none-eabi/lib/armv7-m\libc_s.a(lib_a-nano-freer.o)
                0x08006eec                _free_r
 .text._malloc_r
                0x08006f74       0xa8 c:/program files (x86)/gnu tools arm embedded/4.8 2014q3/bin/../lib/gcc/arm-none-eabi/4.8.4/../../../../arm-none-eabi/lib/armv7-m\libc_s.a(lib_a-nano-mallocr.o)
                0x08006f74                _malloc_r
 .text._realloc_r
                0x0800701c       0x4c c:/program files (x86)/gnu tools arm embedded/4.8 2014q3/bin/../lib/gcc/arm-none-eabi/4.8.4/../../../../arm-none-eabi/lib/armv7-m\libc_s.a(lib_a-nano-reallocr.o)
                0x0800701c                _realloc_r
 .text._sbrk_r  0x08007068       0x20 c:/program files (x86)/gnu tools arm embedded/4.8 2014q3/bin/../lib/gcc/arm-none-eabi/4.8.4/../../../../arm-none-eabi/lib/armv7-m\libc_s.a(lib_a-sbrkr.o)
                0x08007068                _sbrk_r
 .text.strlen   0x08007088       0x10 c:/program files (x86)/gnu tools arm embedded/4.8 2014q3/bin/../lib/gcc/arm-none-eabi/4.8.4/../../../../arm-none-eabi/lib/armv7-m\libc_s.a(lib_a-strlen.o)
                0x08007088                strlen
 .text._malloc_usable_size_r
                0x08007098       0x12 c:/program files (x86)/gnu tools arm embedded/4.8 2014q3/bin/../lib/gcc/arm-none-eabi/4.8.4/../../../../arm-none-eabi/lib/armv7-m\libc_s.a(lib_a-nano-msizer.o)
                0x08007098                _malloc_usable_size_r
 *fill*         0x080070aa        0x2 
 .text._sbrk    0x080070ac       0x34 c:/program files (x86)/gnu tools arm embedded/4.8 2014q3/bin/../lib/gcc/arm-none-eabi/4.8.4/../../../../arm-none-eabi/lib/armv7-m\libnosys.a(sbrk.o)
                0x080070ac                _sbrk
 *(.rodata)
 .rodata        0x080070e0       0x20 build/image.o
 *(.rodata*)
 .rodata.str1.4
                0x08007100       0xcc build/main.o
                                 0xd0 (size before relaxing)
 .rodata.str1.4
                0x080071cc       0x53 build/dfu.o
                                 0x54 (size before relaxing)
 *fill*         0x0800721f        0x1 
 .rodata.ed25519_k
                0x08007220       0x20 build/25519/ed25519.o
 .rodata.ed25519_neutral
                0x08007240       0x80 build/25519/ed25519.o
                0x08007240                ed25519_neutral
 .rodata.ed25519_base
                0x080072c0       0x80 build/25519/ed25519.o
                0x080072c0                ed25519_base
 .rodata.ed25519_d
                0x08007340       0x20 build/25519/ed25519.o
 .rodata.ed25519_order
                0x08007360       0x20 build/25519/edsign.o
 .rodata.f25519_one
                0x08007380       0x20 build/25519/f25519.o
                0x08007380                f25519_one
 .rodata.sha512_initial_state
                0x080073a0       0x40 build/25519/sha512.o
                0x080073a0                sha512_initial_state
 .rodata.round_k
                0x080073e0      0x280 build/25519/sha512.o
 .rodata.str1.4
                0x08007660       0x40 build/image.o
 .rodata.str1.1
                0x080076a0       0x11 c:/program files (x86)/gnu tools arm embedded/4.8 2014q3/bin/../lib/gcc/arm-none-eabi/4.8.4/../../../../arm-none-eabi/lib/armv7-m\libc_s.a(lib_a-svfprintf.o)
 .rodata.str1.1
                0x080076b1       0x22 c:/program files (x86)/gnu tools arm embedded/4.8 2014q3/bin/../lib/gcc/arm-none-eabi/4.8.4/../../../../arm-none-eabi/lib/armv7-m\libc_s.a(lib_a-vfprintf_i.o)
 .rodata.str1.1
                0x080076d3        0x2 c:/program files (x86)/gnu tools arm embedded/4.8 2014q3/bin/../lib/gcc/arm-none-eabi/4.8.4/../../../../arm-none-eabi/lib/armv7-m\libc_s.a(lib_a-impure.o)
 *(.glue_7)
 .glue_7        0x00000000        0x0 linker stubs
 *(.glue_7t)
 .glue_7t       0x00000000        0x0 linker stubs
                0x080076d8                . = ALIGN (0x4)
 *fill*         0x080076d5        0x3 
                0x080076d8                _etext = .
                0x080076d8                _sidata = _etext

.vfp11_veneer   0x080076d8        0x0
 .vfp11_veneer  0x00000000        0x0 linker stubs

.v4_bx          0x080076d8        0x0
 .v4_bx         0x00000000        0x0 linker stubs

.iplt           0x080076d8        0x0
 .iplt          0x00000000        0x0 build/stm32_lib/c_only_startup.o

.rel.dyn        0x080076d8        0x0
 .rel.iplt      0x00000000        0x0 build/stm32_lib/c_only_startup.o

.data           0x20000000      0x470 load address 0x080076d8
                0x20000000                . = ALIGN (0x4)
                0x20000000                _sdata = .
 *(.data)
 .data          0x20000000        0x0 build/stm32_lib/c_only_startup.o
 .data          0x20000000        0x0 build/stm32_lib/cortexm3_macro.o
 .data          0x20000000        0x0 build/usb.o
 .data          0x20000000        0x0 build/usb_callbacks.o
 .data          0x20000000        0x0 build/usb_descriptor.o
 .data          0x20000000        0x0 build/main.o
 .data          0x20000000        0x0 build/hardware.o
 .data          0x20000000        0x0 build/dfu.o
 .data          0x20000000        0x0 build/25519/c25519.o
 .data          0x20000000        0x0 build/25519/ed25519.o
 .data          0x20000000        0x0 build/25519/edsign.o
 .data          0x20000000        0x0 build/25519/f25519.o
 .data          0x20000000        0x0 build/25519/fprime.o
 .data          0x20000000        0x0 build/25519/morph25519.o
 .data          0x20000000        0x0 build/25519/sha256.o
 .data          0x20000000        0x0 build/25519/sha512.o
 .data          0x20000000        0x0 build/image.o
 .data          0x20000000        0x0 build/usb_lib/usb_regs.o
 .data          0x20000000        0x0 build/usb_lib/usb_int.o
 .data          0x20000000        0x0 build/usb_lib/usb_init.o
 .data          0x20000000        0x0 build/usb_lib/usb_core.o
 .data          0x20000000        0x0 build/usb_lib/usb_mem.o
 .data          0x20000000        0x0 c:/program files (x86)/gnu tools arm embedded/4.8 2014q3/bin/../lib/gcc/arm-none-eabi/4.8.4/../../../../arm-none-eabi/lib/armv7-m\libc_s.a(lib_a-memcpy-stub.o)
 .data          0x20000000        0x0 c:/program files (x86)/gnu tools arm embedded/4.8 2014q3/bin/../lib/gcc/arm-none-eabi/4.8.4/../../../../arm-none-eabi/lib/armv7-m\libc_s.a(lib_a-memset.o)
 .data          0x20000000        0x0 c:/program files (x86)/gnu tools arm embedded/4.8 2014q3/bin/../lib/gcc/arm-none-eabi/4.8.4/../../../../arm-none-eabi/lib/armv7-m\libc_s.a(lib_a-sprintf.o)
 .data          0x20000000        0x0 c:/program files (x86)/gnu tools arm embedded/4.8 2014q3/bin/../lib/gcc/arm-none-eabi/4.8.4/../../../../arm-none-eabi/lib/armv7-m\libc_s.a(lib_a-svfprintf.o)
 .data          0x20000000        0x0 c:/program files (x86)/gnu tools arm embedded/4.8 2014q3/bin/../lib/gcc/arm-none-eabi/4.8.4/../../../../arm-none-eabi/lib/armv7-m\libc_s.a(lib_a-vfprintf_i.o)
 .data          0x20000000        0x0 c:/program files (x86)/gnu tools arm embedded/4.8 2014q3/bin/../lib/gcc/arm-none-eabi/4.8.4/../../../../arm-none-eabi/lib/armv7-m\libc_s.a(lib_a-vsprintf.o)
 .data          0x20000000        0x0 c:/program files (x86)/gnu tools arm embedded/4.8 2014q3/bin/../lib/gcc/arm-none-eabi/4.8.4/../../../../arm-none-eabi/lib/armv7-m\libc_s.a(lib_a-impure.o)
 .data          0x20000000        0x0 c:/program files (x86)/gnu tools arm embedded/4.8 2014q3/bin/../lib/gcc/arm-none-eabi/4.8.4/../../../../arm-none-eabi/lib/armv7-m\libc_s.a(lib_a-memchr-stub.o)
 .data          0x20000000        0x0 c:/program files (x86)/gnu tools arm embedded/4.8 2014q3/bin/../lib/gcc/arm-none-eabi/4.8.4/../../../../arm-none-eabi/lib/armv7-m\libc_s.a(lib_a-memmove.o)
 .data          0x20000000        0x0 c:/program files (x86)/gnu tools arm embedded/4.8 2014q3/bin/../lib/gcc/arm-none-eabi/4.8.4/../../../../arm-none-eabi/lib/armv7-m\libc_s.a(lib_a-nano-freer.o)
 .data          0x20000000        0x0 c:/program files (x86)/gnu tools arm embedded/4.8 2014q3/bin/../lib/gcc/arm-none-eabi/4.8.4/../../../../arm-none-eabi/lib/armv7-m\libc_s.a(lib_a-nano-mallocr.o)
 .data          0x20000000        0x0 c:/program files (x86)/gnu tools arm embedded/4.8 2014q3/bin/../lib/gcc/arm-none-eabi/4.8.4/../../../../arm-none-eabi/lib/armv7-m\libc_s.a(lib_a-nano-reallocr.o)
 .data          0x20000000        0x0 c:/program files (x86)/gnu tools arm embedded/4.8 2014q3/bin/../lib/gcc/arm-none-eabi/4.8.4/../../../../arm-none-eabi/lib/armv7-m\libc_s.a(lib_a-sbrkr.o)
 .data          0x20000000        0x0 c:/program files (x86)/gnu tools arm embedded/4.8 2014q3/bin/../lib/gcc/arm-none-eabi/4.8.4/../../../../arm-none-eabi/lib/armv7-m\libc_s.a(lib_a-strlen.o)
 .data          0x20000000        0x0 c:/program files (x86)/gnu tools arm embedded/4.8 2014q3/bin/../lib/gcc/arm-none-eabi/4.8.4/../../../../arm-none-eabi/lib/armv7-m\libc_s.a(lib_a-nano-msizer.o)
 .data          0x20000000        0x0 c:/program files (x86)/gnu tools arm embedded/4.8 2014q3/bin/../lib/gcc/arm-none-eabi/4.8.4/../../../../arm-none-eabi/lib/armv7-m\libc_s.a(lib_a-reent.o)
 .data          0x20000000        0x0 .\libstm32fw.a(stm32f10x_gpio.o)
 .data          0x20000000       0x14 .\libstm32fw.a(stm32f10x_rcc.o)
 .data          0x20000014        0x0 .\libstm32fw.a(stm32f10x_usart.o)
 .data          0x20000014        0x0 c:/program files (x86)/gnu tools arm embedded/4.8 2014q3/bin/../lib/gcc/arm-none-eabi/4.8.4/../../../../arm-none-eabi/lib/armv7-m\libnosys.a(sbrk.o)
 *(.data.*)
 .data.Device_Property
                0x20000014       0x34 build/usb.o
                0x20000014                Device_Property
 .data.pEpInt_IN
                0x20000048       0x1c build/usb.o
                0x20000048                pEpInt_IN
 .data.pEpInt_OUT
                0x20000064       0x1c build/usb.o
                0x20000064                pEpInt_OUT
 .data.User_Standard_Requests
                0x20000080       0x24 build/usb.o
                0x20000080                User_Standard_Requests
 .data.Device_Table
                0x200000a4        0x4 build/usb.o
                0x200000a4                Device_Table
 .data.usbStringDescriptor
                0x200000a8       0x38 build/usb_descriptor.o
                0x200000a8                usbStringDescriptor
 .data.u8_usbDeviceDescriptorDFU
                0x200000e0       0x14 build/usb_descriptor.o
                0x200000e0                u8_usbDeviceDescriptorDFU
 .data.usbFunctionalDescriptor
                0x200000f4        0x8 build/usb_descriptor.o
                0x200000f4                usbFunctionalDescriptor
 .data.u8_usbStringLangId
                0x200000fc        0x4 build/usb_descriptor.o
                0x200000fc                u8_usbStringLangId
 .data.u8_usbConfigDescriptorDFU
                0x20000100       0x30 build/usb_descriptor.o
                0x20000100                u8_usbConfigDescriptorDFU
 .data.u8_usbStringSerial
                0x20000130       0x10 build/usb_descriptor.o
                0x20000130                u8_usbStringSerial
 .data.u8_usbFunctionalDescriptor
                0x20000140        0xc build/usb_descriptor.o
                0x20000140                u8_usbFunctionalDescriptor
 .data.u8_usbStringVendor
                0x2000014c       0x14 build/usb_descriptor.o
                0x2000014c                u8_usbStringVendor
 .data.usbDeviceDescriptorDFU
                0x20000160        0x8 build/usb_descriptor.o
                0x20000160                usbDeviceDescriptorDFU
 .data.u8_usbStringProduct
                0x20000168       0x14 build/usb_descriptor.o
                0x20000168                u8_usbStringProduct
 .data.u8_usbStringAlt0
                0x2000017c       0x78 build/usb_descriptor.o
                0x2000017c                u8_usbStringAlt0
 .data.u8_usbStringAlt1
                0x200001f4       0x64 build/usb_descriptor.o
                0x200001f4                u8_usbStringAlt1
 .data.u8_usbStringAlt2
                0x20000258       0x64 build/usb_descriptor.o
                0x20000258                u8_usbStringAlt2
 .data.usbConfigDescriptorDFU
                0x200002bc        0x8 build/usb_descriptor.o
                0x200002bc                usbConfigDescriptorDFU
 .data.userAppEnd
                0x200002c4        0x4 build/dfu.o
 .data.userAppAddr
                0x200002c8        0x4 build/dfu.o
 .data.sha256_padding
                0x200002cc       0x40 build/25519/sha256.o
 .data.k        0x2000030c      0x100 build/25519/sha256.o
                0x2000030c                k
 .data.impure_data
                0x2000040c       0x60 c:/program files (x86)/gnu tools arm embedded/4.8 2014q3/bin/../lib/gcc/arm-none-eabi/4.8.4/../../../../arm-none-eabi/lib/armv7-m\libc_s.a(lib_a-impure.o)
 .data._impure_ptr
                0x2000046c        0x4 c:/program files (x86)/gnu tools arm embedded/4.8 2014q3/bin/../lib/gcc/arm-none-eabi/4.8.4/../../../../arm-none-eabi/lib/armv7-m\libc_s.a(lib_a-impure.o)
                0x2000046c                _impure_ptr
                0x20000470                . = ALIGN (0x4)
                0x20000470                _edata = .

.igot.plt       0x20000470        0x0 load address 0x08007b48
 .igot.plt      0x00000000        0x0 build/stm32_lib/c_only_startup.o

.bss            0x20000470      0x130 load address 0x08007b48
                0x20000470                . = ALIGN (0x4)
                0x20000470                _sbss = .
 *(.bss)
 *(COMMON)
 COMMON         0x20000470        0xa build/usb.o
                0x20000470                wTransferSize
                0x20000474                wIstr
                0x20000478                ResumeS
 *fill*         0x2000047a        0x2 
 COMMON         0x2000047c       0xe5 build/dfu.o
                0x2000047c                input
                0x200004d8                sha256sum
                0x200004f8                ctx
                0x20000560                code_copy_lock
 *fill*         0x20000561        0x1 
 COMMON         0x20000562        0x4 build/usb_lib/usb_int.o
                0x20000562                SaveRState
                0x20000564                SaveTState
 *fill*         0x20000566        0x2 
 COMMON         0x20000568       0x32 build/usb_lib/usb_init.o
                0x20000568                SaveState
                0x2000056c                pProperty
                0x20000570                EPindex
                0x20000574                Device_Info
                0x20000590                pUser_Standard_Requests
                0x20000594                pInformation
                0x20000598                wInterrupt_Mask
 COMMON         0x2000059a        0x2 build/usb_lib/usb_core.o
                0x2000059a                StatusInfo
 COMMON         0x2000059c        0x4 c:/program files (x86)/gnu tools arm embedded/4.8 2014q3/bin/../lib/gcc/arm-none-eabi/4.8.4/../../../../arm-none-eabi/lib/armv7-m\libc_s.a(lib_a-reent.o)
                0x2000059c                errno
                0x200005a0                . = ALIGN (0x4)
                0x200005a0                _ebss = .
                0x200005a0                PROVIDE (end, _ebss)
                0x200005a0                PROVIDE (_end, _ebss)

.bss.bIntPackSOF
                0x200005a0        0x1 load address 0x08007c78
 .bss.bIntPackSOF
                0x200005a0        0x1 build/usb.o
                0x200005a0                bIntPackSOF

.bss.bDeviceState
                0x200005a4        0x4 load address 0x08007c7c
 .bss.bDeviceState
                0x200005a4        0x4 build/usb.o
                0x200005a4                bDeviceState

.bss.recvBuffer
                0x200005a8      0x800 load address 0x08007c80
 .bss.recvBuffer
                0x200005a8      0x800 build/dfu.o

.bss.uploadBlockLen
                0x20000da8        0x2 load address 0x08008480
 .bss.uploadBlockLen
                0x20000da8        0x2 build/dfu.o

.bss.thisBlockLen
                0x20000daa        0x2 load address 0x08008482
 .bss.thisBlockLen
                0x20000daa        0x2 build/dfu.o

.bss.userFirmwareLen
                0x20000dac        0x4 load address 0x08008484
 .bss.userFirmwareLen
                0x20000dac        0x4 build/dfu.o

.bss.userUploadType
                0x20000db0        0x1 load address 0x08008488
 .bss.userUploadType
                0x20000db0        0x1 build/dfu.o
                0x20000db0                userUploadType

.bss.dfuAppStatus
                0x20000db4        0x8 load address 0x0800848c
 .bss.dfuAppStatus
                0x20000db4        0x8 build/dfu.o

.bss.dfuBusy    0x20000dbc        0x1 load address 0x08008494
 .bss.dfuBusy   0x20000dbc        0x1 build/dfu.o
                0x20000dbc                dfuBusy

.bss.Data_Mul_MaxPacketSize
                0x20000dbd        0x1 load address 0x08008495
 .bss.Data_Mul_MaxPacketSize
                0x20000dbd        0x1 build/usb_lib/usb_core.o
                0x20000dbd                Data_Mul_MaxPacketSize

.bss.__malloc_sbrk_start
                0x20000dc0        0x4 load address 0x08008498
 .bss.__malloc_sbrk_start
                0x20000dc0        0x4 c:/program files (x86)/gnu tools arm embedded/4.8 2014q3/bin/../lib/gcc/arm-none-eabi/4.8.4/../../../../arm-none-eabi/lib/armv7-m\libc_s.a(lib_a-nano-mallocr.o)
                0x20000dc0                __malloc_sbrk_start

.bss.__malloc_free_list
                0x20000dc4        0x4 load address 0x0800849c
 .bss.__malloc_free_list
                0x20000dc4        0x4 c:/program files (x86)/gnu tools arm embedded/4.8 2014q3/bin/../lib/gcc/arm-none-eabi/4.8.4/../../../../arm-none-eabi/lib/armv7-m\libc_s.a(lib_a-nano-mallocr.o)
                0x20000dc4                __malloc_free_list

.bss.heap_end.4246
                0x20000dc8        0x4 load address 0x080084a0
 .bss.heap_end.4246
                0x20000dc8        0x4 c:/program files (x86)/gnu tools arm embedded/4.8 2014q3/bin/../lib/gcc/arm-none-eabi/4.8.4/../../../../arm-none-eabi/lib/armv7-m\libnosys.a(sbrk.o)

._usrstack      0x20000dcc      0x100 load address 0x080084a4
                0x20000dcc                . = ALIGN (0x4)
                0x20000dcc                _susrstack = .
                0x20000ecc                . = (. + _Minimum_Stack_Size)
 *fill*         0x20000dcc      0x100 
                0x20000ecc                . = ALIGN (0x4)
                0x20000ecc                _eusrstack = .

DISCARD
 libc.a(*)
 libm.a(*)
 libgcc.a(*)
 *(.ARM.exidx*)
 *(.gnu.linkonce.armexidx.*)

.stab
 *(.stab)

.stabstr
 *(.stabstr)

.stab.excl
 *(.stab.excl)

.stab.exclstr
 *(.stab.exclstr)

.stab.index
 *(.stab.index)

.stab.indexstr
 *(.stab.indexstr)

.comment        0x00000000       0x70
 *(.comment)
 .comment       0x00000000       0x70 build/usb.o
                                 0x71 (size before relaxing)
 .comment       0x00000000       0x71 build/usb_callbacks.o
 .comment       0x00000000       0x71 build/usb_descriptor.o
 .comment       0x00000000       0x71 build/main.o
 .comment       0x00000000       0x71 build/hardware.o
 .comment       0x00000000       0x71 build/dfu.o
 .comment       0x00000000       0x71 build/25519/c25519.o
 .comment       0x00000000       0x71 build/25519/ed25519.o
 .comment       0x00000000       0x71 build/25519/edsign.o
 .comment       0x00000000       0x71 build/25519/f25519.o
 .comment       0x00000000       0x71 build/25519/fprime.o
 .comment       0x00000000       0x71 build/25519/morph25519.o
 .comment       0x00000000       0x71 build/25519/sha256.o
 .comment       0x00000000       0x71 build/25519/sha512.o
 .comment       0x00000000       0x71 build/image.o
 .comment       0x00000000       0x71 build/usb_lib/usb_regs.o
 .comment       0x00000000       0x71 build/usb_lib/usb_int.o
 .comment       0x00000000       0x71 build/usb_lib/usb_init.o
 .comment       0x00000000       0x71 build/usb_lib/usb_core.o
 .comment       0x00000000       0x71 build/usb_lib/usb_mem.o
 .comment       0x00000000       0x71 .\libstm32fw.a(stm32f10x_gpio.o)
 .comment       0x00000000       0x71 .\libstm32fw.a(stm32f10x_rcc.o)
 .comment       0x00000000       0x71 .\libstm32fw.a(stm32f10x_usart.o)

.ARM.attributes
                0x00000000       0x2f
 .ARM.attributes
                0x00000000       0x21 build/stm32_lib/c_only_startup.o
 .ARM.attributes
                0x00000021       0x21 build/stm32_lib/cortexm3_macro.o
 .ARM.attributes
                0x00000042       0x33 build/usb.o
 .ARM.attributes
                0x00000075       0x33 build/usb_callbacks.o
 .ARM.attributes
                0x000000a8       0x33 build/usb_descriptor.o
 .ARM.attributes
                0x000000db       0x33 build/main.o
 .ARM.attributes
                0x0000010e       0x33 build/hardware.o
 .ARM.attributes
                0x00000141       0x33 build/dfu.o
 .ARM.attributes
                0x00000174       0x33 build/25519/c25519.o
 .ARM.attributes
                0x000001a7       0x33 build/25519/ed25519.o
 .ARM.attributes
                0x000001da       0x33 build/25519/edsign.o
 .ARM.attributes
                0x0000020d       0x33 build/25519/f25519.o
 .ARM.attributes
                0x00000240       0x33 build/25519/fprime.o
 .ARM.attributes
                0x00000273       0x33 build/25519/morph25519.o
 .ARM.attributes
                0x000002a6       0x33 build/25519/sha256.o
 .ARM.attributes
                0x000002d9       0x33 build/25519/sha512.o
 .ARM.attributes
                0x0000030c       0x33 build/image.o
 .ARM.attributes
                0x0000033f       0x33 build/usb_lib/usb_regs.o
 .ARM.attributes
                0x00000372       0x33 build/usb_lib/usb_int.o
 .ARM.attributes
                0x000003a5       0x33 build/usb_lib/usb_init.o
 .ARM.attributes
                0x000003d8       0x33 build/usb_lib/usb_core.o
 .ARM.attributes
                0x0000040b       0x33 build/usb_lib/usb_mem.o
 .ARM.attributes
                0x0000043e       0x2d c:/program files (x86)/gnu tools arm embedded/4.8 2014q3/bin/../lib/gcc/arm-none-eabi/4.8.4/../../../../arm-none-eabi/lib/armv7-m\libc_s.a(lib_a-memcpy-stub.o)
 .ARM.attributes
                0x0000046b       0x2d c:/program files (x86)/gnu tools arm embedded/4.8 2014q3/bin/../lib/gcc/arm-none-eabi/4.8.4/../../../../arm-none-eabi/lib/armv7-m\libc_s.a(lib_a-memset.o)
 .ARM.attributes
                0x00000498       0x2d c:/program files (x86)/gnu tools arm embedded/4.8 2014q3/bin/../lib/gcc/arm-none-eabi/4.8.4/../../../../arm-none-eabi/lib/armv7-m\libc_s.a(lib_a-sprintf.o)
 .ARM.attributes
                0x000004c5       0x2d c:/program files (x86)/gnu tools arm embedded/4.8 2014q3/bin/../lib/gcc/arm-none-eabi/4.8.4/../../../../arm-none-eabi/lib/armv7-m\libc_s.a(lib_a-svfprintf.o)
 .ARM.attributes
                0x000004f2       0x2d c:/program files (x86)/gnu tools arm embedded/4.8 2014q3/bin/../lib/gcc/arm-none-eabi/4.8.4/../../../../arm-none-eabi/lib/armv7-m\libc_s.a(lib_a-vfprintf_i.o)
 .ARM.attributes
                0x0000051f       0x2d c:/program files (x86)/gnu tools arm embedded/4.8 2014q3/bin/../lib/gcc/arm-none-eabi/4.8.4/../../../../arm-none-eabi/lib/armv7-m\libc_s.a(lib_a-vsprintf.o)
 .ARM.attributes
                0x0000054c       0x2d c:/program files (x86)/gnu tools arm embedded/4.8 2014q3/bin/../lib/gcc/arm-none-eabi/4.8.4/../../../../arm-none-eabi/lib/armv7-m\libc_s.a(lib_a-impure.o)
 .ARM.attributes
                0x00000579       0x2d c:/program files (x86)/gnu tools arm embedded/4.8 2014q3/bin/../lib/gcc/arm-none-eabi/4.8.4/../../../../arm-none-eabi/lib/armv7-m\libc_s.a(lib_a-memchr-stub.o)
 .ARM.attributes
                0x000005a6       0x2d c:/program files (x86)/gnu tools arm embedded/4.8 2014q3/bin/../lib/gcc/arm-none-eabi/4.8.4/../../../../arm-none-eabi/lib/armv7-m\libc_s.a(lib_a-memmove.o)
 .ARM.attributes
                0x000005d3       0x2d c:/program files (x86)/gnu tools arm embedded/4.8 2014q3/bin/../lib/gcc/arm-none-eabi/4.8.4/../../../../arm-none-eabi/lib/armv7-m\libc_s.a(lib_a-nano-freer.o)
 .ARM.attributes
                0x00000600       0x2d c:/program files (x86)/gnu tools arm embedded/4.8 2014q3/bin/../lib/gcc/arm-none-eabi/4.8.4/../../../../arm-none-eabi/lib/armv7-m\libc_s.a(lib_a-nano-mallocr.o)
 .ARM.attributes
                0x0000062d       0x2d c:/program files (x86)/gnu tools arm embedded/4.8 2014q3/bin/../lib/gcc/arm-none-eabi/4.8.4/../../../../arm-none-eabi/lib/armv7-m\libc_s.a(lib_a-nano-reallocr.o)
 .ARM.attributes
                0x0000065a       0x2d c:/program files (x86)/gnu tools arm embedded/4.8 2014q3/bin/../lib/gcc/arm-none-eabi/4.8.4/../../../../arm-none-eabi/lib/armv7-m\libc_s.a(lib_a-sbrkr.o)
 .ARM.attributes
                0x00000687       0x2d c:/program files (x86)/gnu tools arm embedded/4.8 2014q3/bin/../lib/gcc/arm-none-eabi/4.8.4/../../../../arm-none-eabi/lib/armv7-m\libc_s.a(lib_a-strlen.o)
 .ARM.attributes
                0x000006b4       0x2d c:/program files (x86)/gnu tools arm embedded/4.8 2014q3/bin/../lib/gcc/arm-none-eabi/4.8.4/../../../../arm-none-eabi/lib/armv7-m\libc_s.a(lib_a-nano-msizer.o)
 .ARM.attributes
                0x000006e1       0x2d c:/program files (x86)/gnu tools arm embedded/4.8 2014q3/bin/../lib/gcc/arm-none-eabi/4.8.4/../../../../arm-none-eabi/lib/armv7-m\libc_s.a(lib_a-reent.o)
 .ARM.attributes
                0x0000070e       0x33 .\libstm32fw.a(stm32f10x_gpio.o)
 .ARM.attributes
                0x00000741       0x33 .\libstm32fw.a(stm32f10x_rcc.o)
 .ARM.attributes
                0x00000774       0x33 .\libstm32fw.a(stm32f10x_usart.o)
 .ARM.attributes
                0x000007a7       0x2d c:/program files (x86)/gnu tools arm embedded/4.8 2014q3/bin/../lib/gcc/arm-none-eabi/4.8.4/../../../../arm-none-eabi/lib/armv7-m\libnosys.a(sbrk.o)

.debug
 *(.debug)

.line
 *(.line)

.debug_srcinfo
 *(.debug_srcinfo)

.debug_sfnames
 *(.debug_sfnames)

.debug_aranges  0x00000000      0x868
 *(.debug_aranges)
 .debug_aranges
                0x00000000       0x28 build/stm32_lib/c_only_startup.o
 .debug_aranges
                0x00000028       0x20 build/stm32_lib/cortexm3_macro.o
 .debug_aranges
                0x00000048      0x120 build/usb.o
 .debug_aranges
                0x00000168       0x18 build/usb_descriptor.o
 .debug_aranges
                0x00000180       0x28 build/main.o
 .debug_aranges
                0x000001a8      0x118 build/hardware.o
 .debug_aranges
                0x000002c0       0x88 build/dfu.o
 .debug_aranges
                0x00000348       0x20 build/25519/c25519.o
 .debug_aranges
                0x00000368       0x50 build/25519/ed25519.o
 .debug_aranges
                0x000003b8       0x28 build/25519/edsign.o
 .debug_aranges
                0x000003e0       0x80 build/25519/f25519.o
 .debug_aranges
                0x00000460       0x60 build/25519/fprime.o
 .debug_aranges
                0x000004c0       0x28 build/25519/morph25519.o
 .debug_aranges
                0x000004e8       0x38 build/25519/sha256.o
 .debug_aranges
                0x00000520       0x30 build/25519/sha512.o
 .debug_aranges
                0x00000550       0x20 build/image.o
 .debug_aranges
                0x00000570      0x1f0 build/usb_lib/usb_regs.o
 .debug_aranges
                0x00000760       0x28 build/usb_lib/usb_int.o
 .debug_aranges
                0x00000788       0x20 build/usb_lib/usb_init.o
 .debug_aranges
                0x000007a8       0x98 build/usb_lib/usb_core.o
 .debug_aranges
                0x00000840       0x28 build/usb_lib/usb_mem.o

.debug_pubnames
 *(.debug_pubnames)

.debug_info     0x00000000     0xb4fd
 *(.debug_info .gnu.linkonce.wi.*)
 .debug_info    0x00000000       0x7c build/stm32_lib/c_only_startup.o
 .debug_info    0x0000007c       0x82 build/stm32_lib/cortexm3_macro.o
 .debug_info    0x000000fe      0xf0c build/usb.o
 .debug_info    0x0000100a      0x25d build/usb_descriptor.o
 .debug_info    0x00001267      0x5e2 build/main.o
 .debug_info    0x00001849     0x1568 build/hardware.o
 .debug_info    0x00002db1      0x9fc build/dfu.o
 .debug_info    0x000037ad      0xa37 build/25519/c25519.o
 .debug_info    0x000041e4      0xeb6 build/25519/ed25519.o
 .debug_info    0x0000509a      0xb5c build/25519/edsign.o
 .debug_info    0x00005bf6      0xfa7 build/25519/f25519.o
 .debug_info    0x00006b9d      0xd74 build/25519/fprime.o
 .debug_info    0x00007911      0x62a build/25519/morph25519.o
 .debug_info    0x00007f3b      0x5b0 build/25519/sha256.o
 .debug_info    0x000084eb      0x783 build/25519/sha512.o
 .debug_info    0x00008c6e      0x6d2 build/image.o
 .debug_info    0x00009340      0xc8c build/usb_lib/usb_regs.o
 .debug_info    0x00009fcc      0x1dc build/usb_lib/usb_int.o
 .debug_info    0x0000a1a8      0x3fd build/usb_lib/usb_init.o
 .debug_info    0x0000a5a5      0xde4 build/usb_lib/usb_core.o
 .debug_info    0x0000b389      0x174 build/usb_lib/usb_mem.o

.debug_abbrev   0x00000000     0x2b3f
 *(.debug_abbrev)
 .debug_abbrev  0x00000000       0x12 build/stm32_lib/c_only_startup.o
 .debug_abbrev  0x00000012       0x14 build/stm32_lib/cortexm3_macro.o
 .debug_abbrev  0x00000026      0x483 build/usb.o
 .debug_abbrev  0x000004a9       0x8a build/usb_descriptor.o
 .debug_abbrev  0x00000533      0x205 build/main.o
 .debug_abbrev  0x00000738      0x4e2 build/hardware.o
 .debug_abbrev  0x00000c1a      0x3d4 build/dfu.o
 .debug_abbrev  0x00000fee      0x1ac build/25519/c25519.o
 .debug_abbrev  0x0000119a      0x272 build/25519/ed25519.o
 .debug_abbrev  0x0000140c      0x273 build/25519/edsign.o
 .debug_abbrev  0x0000167f      0x2bd build/25519/f25519.o
 .debug_abbrev  0x0000193c      0x266 build/25519/fprime.o
 .debug_abbrev  0x00001ba2      0x1bc build/25519/morph25519.o
 .debug_abbrev  0x00001d5e      0x1e0 build/25519/sha256.o
 .debug_abbrev  0x00001f3e      0x1e5 build/25519/sha512.o
 .debug_abbrev  0x00002123      0x21e build/image.o
 .debug_abbrev  0x00002341      0x1f5 build/usb_lib/usb_regs.o
 .debug_abbrev  0x00002536       0xda build/usb_lib/usb_int.o
 .debug_abbrev  0x00002610      0x103 build/usb_lib/usb_init.o
 .debug_abbrev  0x00002713      0x3a1 build/usb_lib/usb_core.o
 .debug_abbrev  0x00002ab4       0x8b build/usb_lib/usb_mem.o

.debug_line     0x00000000     0x3fc5
 *(.debug_line)
 .debug_line    0x00000000       0x75 build/stm32_lib/c_only_startup.o
 .debug_line    0x00000075       0xa6 build/stm32_lib/cortexm3_macro.o
 .debug_line    0x0000011b      0x498 build/usb.o
 .debug_line    0x000005b3        0x0 build/usb_callbacks.o
 .debug_line    0x000005b3       0x72 build/usb_descriptor.o
 .debug_line    0x00000625      0x210 build/main.o
 .debug_line    0x00000835      0x628 build/hardware.o
 .debug_line    0x00000e5d      0x459 build/dfu.o
 .debug_line    0x000012b6      0x253 build/25519/c25519.o
 .debug_line    0x00001509      0x2a2 build/25519/ed25519.o
 .debug_line    0x000017ab      0x26e build/25519/edsign.o
 .debug_line    0x00001a19      0x706 build/25519/f25519.o
 .debug_line    0x0000211f      0x3fe build/25519/fprime.o
 .debug_line    0x0000251d      0x156 build/25519/morph25519.o
 .debug_line    0x00002673      0x809 build/25519/sha256.o
 .debug_line    0x00002e7c      0x534 build/25519/sha512.o
 .debug_line    0x000033b0      0x244 build/image.o
 .debug_line    0x000035f4      0x4cb build/usb_lib/usb_regs.o
 .debug_line    0x00003abf       0xb8 build/usb_lib/usb_int.o
 .debug_line    0x00003b77       0x67 build/usb_lib/usb_init.o
 .debug_line    0x00003bde      0x354 build/usb_lib/usb_core.o
 .debug_line    0x00003f32       0x93 build/usb_lib/usb_mem.o

.debug_frame    0x00000000     0x1888
 *(.debug_frame)
 .debug_frame   0x00000000      0x2dc build/usb.o
 .debug_frame   0x000002dc       0x50 build/main.o
 .debug_frame   0x0000032c      0x320 build/hardware.o
 .debug_frame   0x0000064c      0x15c build/dfu.o
 .debug_frame   0x000007a8       0x3c build/25519/c25519.o
 .debug_frame   0x000007e4      0x128 build/25519/ed25519.o
 .debug_frame   0x0000090c       0x64 build/25519/edsign.o
 .debug_frame   0x00000970      0x1c0 build/25519/f25519.o
 .debug_frame   0x00000b30      0x158 build/25519/fprime.o
 .debug_frame   0x00000c88       0x5c build/25519/morph25519.o
 .debug_frame   0x00000ce4       0xc0 build/25519/sha256.o
 .debug_frame   0x00000da4       0xa4 build/25519/sha512.o
 .debug_frame   0x00000e48       0x3c build/image.o
 .debug_frame   0x00000e84      0x3d8 build/usb_lib/usb_regs.o
 .debug_frame   0x0000125c       0x4c build/usb_lib/usb_int.o
 .debug_frame   0x000012a8       0x2c build/usb_lib/usb_init.o
 .debug_frame   0x000012d4      0x1ec build/usb_lib/usb_core.o
 .debug_frame   0x000014c0       0x48 build/usb_lib/usb_mem.o
 .debug_frame   0x00001508       0x28 c:/program files (x86)/gnu tools arm embedded/4.8 2014q3/bin/../lib/gcc/arm-none-eabi/4.8.4/../../../../arm-none-eabi/lib/armv7-m\libc_s.a(lib_a-memcpy-stub.o)
 .debug_frame   0x00001530       0x20 c:/program files (x86)/gnu tools arm embedded/4.8 2014q3/bin/../lib/gcc/arm-none-eabi/4.8.4/../../../../arm-none-eabi/lib/armv7-m\libc_s.a(lib_a-memset.o)
 .debug_frame   0x00001550       0x58 c:/program files (x86)/gnu tools arm embedded/4.8 2014q3/bin/../lib/gcc/arm-none-eabi/4.8.4/../../../../arm-none-eabi/lib/armv7-m\libc_s.a(lib_a-sprintf.o)
 .debug_frame   0x000015a8       0x88 c:/program files (x86)/gnu tools arm embedded/4.8 2014q3/bin/../lib/gcc/arm-none-eabi/4.8.4/../../../../arm-none-eabi/lib/armv7-m\libc_s.a(lib_a-svfprintf.o)
 .debug_frame   0x00001630       0x60 c:/program files (x86)/gnu tools arm embedded/4.8 2014q3/bin/../lib/gcc/arm-none-eabi/4.8.4/../../../../arm-none-eabi/lib/armv7-m\libc_s.a(lib_a-vfprintf_i.o)
 .debug_frame   0x00001690       0x48 c:/program files (x86)/gnu tools arm embedded/4.8 2014q3/bin/../lib/gcc/arm-none-eabi/4.8.4/../../../../arm-none-eabi/lib/armv7-m\libc_s.a(lib_a-vsprintf.o)
 .debug_frame   0x000016d8       0x28 c:/program files (x86)/gnu tools arm embedded/4.8 2014q3/bin/../lib/gcc/arm-none-eabi/4.8.4/../../../../arm-none-eabi/lib/armv7-m\libc_s.a(lib_a-memchr-stub.o)
 .debug_frame   0x00001700       0x2c c:/program files (x86)/gnu tools arm embedded/4.8 2014q3/bin/../lib/gcc/arm-none-eabi/4.8.4/../../../../arm-none-eabi/lib/armv7-m\libc_s.a(lib_a-memmove.o)
 .debug_frame   0x0000172c       0x2c c:/program files (x86)/gnu tools arm embedded/4.8 2014q3/bin/../lib/gcc/arm-none-eabi/4.8.4/../../../../arm-none-eabi/lib/armv7-m\libc_s.a(lib_a-nano-freer.o)
 .debug_frame   0x00001758       0x2c c:/program files (x86)/gnu tools arm embedded/4.8 2014q3/bin/../lib/gcc/arm-none-eabi/4.8.4/../../../../arm-none-eabi/lib/armv7-m\libc_s.a(lib_a-nano-mallocr.o)
 .debug_frame   0x00001784       0x30 c:/program files (x86)/gnu tools arm embedded/4.8 2014q3/bin/../lib/gcc/arm-none-eabi/4.8.4/../../../../arm-none-eabi/lib/armv7-m\libc_s.a(lib_a-nano-reallocr.o)
 .debug_frame   0x000017b4       0x2c c:/program files (x86)/gnu tools arm embedded/4.8 2014q3/bin/../lib/gcc/arm-none-eabi/4.8.4/../../../../arm-none-eabi/lib/armv7-m\libc_s.a(lib_a-sbrkr.o)
 .debug_frame   0x000017e0       0x20 c:/program files (x86)/gnu tools arm embedded/4.8 2014q3/bin/../lib/gcc/arm-none-eabi/4.8.4/../../../../arm-none-eabi/lib/armv7-m\libc_s.a(lib_a-strlen.o)
 .debug_frame   0x00001800       0x20 c:/program files (x86)/gnu tools arm embedded/4.8 2014q3/bin/../lib/gcc/arm-none-eabi/4.8.4/../../../../arm-none-eabi/lib/armv7-m\libc_s.a(lib_a-nano-msizer.o)
 .debug_frame   0x00001820       0x48 c:/program files (x86)/gnu tools arm embedded/4.8 2014q3/bin/../lib/gcc/arm-none-eabi/4.8.4/../../../../arm-none-eabi/lib/armv7-m\libc_s.a(lib_a-reent.o)
 .debug_frame   0x00001868       0x20 c:/program files (x86)/gnu tools arm embedded/4.8 2014q3/bin/../lib/gcc/arm-none-eabi/4.8.4/../../../../arm-none-eabi/lib/armv7-m\libnosys.a(sbrk.o)

.debug_str      0x00000000     0x2317
 *(.debug_str)
 .debug_str     0x00000000      0x9ea build/usb.o
                                0xb8f (size before relaxing)
 .debug_str     0x000009ea        0x0 build/usb_callbacks.o
 .debug_str     0x000009ea       0xc1 build/usb_descriptor.o
                                0x303 (size before relaxing)
 .debug_str     0x00000aab      0x1a0 build/main.o
                                0x365 (size before relaxing)
 .debug_str     0x00000c4b      0x57b build/hardware.o
                                0x8a1 (size before relaxing)
 .debug_str     0x000011c6      0x281 build/dfu.o
                                0x728 (size before relaxing)
 .debug_str     0x00001447       0xd8 build/25519/c25519.o
                                0x26b (size before relaxing)
 .debug_str     0x0000151f      0x10a build/25519/ed25519.o
                                0x313 (size before relaxing)
 .debug_str     0x00001629      0x12d build/25519/edsign.o
                                0x34f (size before relaxing)
 .debug_str     0x00001756       0x4a build/25519/f25519.o
                                0x2b2 (size before relaxing)
 .debug_str     0x000017a0      0x103 build/25519/fprime.o
                                0x2e5 (size before relaxing)
 .debug_str     0x000018a3       0x55 build/25519/morph25519.o
                                0x266 (size before relaxing)
 .debug_str     0x000018f8       0x7c build/25519/sha256.o
                                0x232 (size before relaxing)
 .debug_str     0x00001974       0x52 build/25519/sha512.o
                                0x257 (size before relaxing)
 .debug_str     0x000019c6       0x6e build/image.o
                                0x3e5 (size before relaxing)
 .debug_str     0x00001a34      0x449 build/usb_lib/usb_regs.o
                                0x51f (size before relaxing)
 .debug_str     0x00001e7d       0x66 build/usb_lib/usb_int.o
                                0x1c7 (size before relaxing)
 .debug_str     0x00001ee3       0x41 build/usb_lib/usb_init.o
                                0x4f9 (size before relaxing)
 .debug_str     0x00001f24      0x3bd build/usb_lib/usb_core.o
                                0xa91 (size before relaxing)
 .debug_str     0x000022e1       0x36 build/usb_lib/usb_mem.o
                                0x197 (size before relaxing)

.debug_loc      0x00000000     0xa0a8
 *(.debug_loc)
 .debug_loc     0x00000000      0x2a8 build/usb.o
 .debug_loc     0x000002a8      0x15b build/main.o
 .debug_loc     0x00000403      0x8ba build/hardware.o
 .debug_loc     0x00000cbd      0x1a0 build/dfu.o
 .debug_loc     0x00000e5d      0x329 build/25519/c25519.o
 .debug_loc     0x00001186      0x528 build/25519/ed25519.o
 .debug_loc     0x000016ae      0x996 build/25519/edsign.o
 .debug_loc     0x00002044     0x2008 build/25519/f25519.o
 .debug_loc     0x0000404c     0x12d1 build/25519/fprime.o
 .debug_loc     0x0000531d      0x1ce build/25519/morph25519.o
 .debug_loc     0x000054eb     0x229b build/25519/sha256.o
 .debug_loc     0x00007786      0xfe6 build/25519/sha512.o
 .debug_loc     0x0000876c      0x1a2 build/image.o
 .debug_loc     0x0000890e      0xbab build/usb_lib/usb_regs.o
 .debug_loc     0x000094b9      0x1a4 build/usb_lib/usb_int.o
 .debug_loc     0x0000965d      0x7b8 build/usb_lib/usb_core.o
 .debug_loc     0x00009e15      0x293 build/usb_lib/usb_mem.o

.debug_macinfo
 *(.debug_macinfo)

.debug_weaknames
 *(.debug_weaknames)

.debug_funcnames
 *(.debug_funcnames)

.debug_typenames
 *(.debug_typenames)

.debug_varnames
 *(.debug_varnames)
OUTPUT(build/enclave_stage1.elf elf32-littlearm)

.debug_ranges   0x00000000     0x1178
 .debug_ranges  0x00000000       0x20 build/stm32_lib/c_only_startup.o
 .debug_ranges  0x00000020      0x1c8 build/usb.o
 .debug_ranges  0x000001e8       0x18 build/main.o
 .debug_ranges  0x00000200      0x220 build/hardware.o
 .debug_ranges  0x00000420       0xa8 build/dfu.o
 .debug_ranges  0x000004c8       0x90 build/25519/c25519.o
 .debug_ranges  0x00000558       0xa8 build/25519/ed25519.o
 .debug_ranges  0x00000600      0x130 build/25519/edsign.o
 .debug_ranges  0x00000730      0x1b0 build/25519/f25519.o
 .debug_ranges  0x000008e0      0x1b8 build/25519/fprime.o
 .debug_ranges  0x00000a98       0x38 build/25519/morph25519.o
 .debug_ranges  0x00000ad0       0x98 build/25519/sha256.o
 .debug_ranges  0x00000b68      0x270 build/25519/sha512.o
 .debug_ranges  0x00000dd8       0x10 build/image.o
 .debug_ranges  0x00000de8      0x290 build/usb_lib/usb_regs.o
 .debug_ranges  0x00001078       0x18 build/usb_lib/usb_int.o
 .debug_ranges  0x00001090       0x10 build/usb_lib/usb_init.o
 .debug_ranges  0x000010a0       0xc0 build/usb_lib/usb_core.o
 .debug_ranges  0x00001160       0x18 build/usb_lib/usb_mem.o

Cross Reference Table

Symbol                                            File
ADC1_2_IRQHandler                                 build/stm32_lib/c_only_startup.o
BusFault_Handler                                  build/stm32_lib/c_only_startup.o
ByteSwap                                          build/usb_lib/usb_regs.o
CAN1_RX1_IRQHandler                               build/stm32_lib/c_only_startup.o
CAN1_SCE_IRQHandler                               build/stm32_lib/c_only_startup.o
CTR_HP                                            build/usb_lib/usb_int.o
CTR_LP                                            build/usb_lib/usb_int.o
                                                  build/usb.o
ClearDTOG_RX                                      build/usb_lib/usb_regs.o
                                                  build/usb_lib/usb_core.o
ClearDTOG_TX                                      build/usb_lib/usb_regs.o
                                                  build/usb_lib/usb_core.o
ClearEPDoubleBuff                                 build/usb_lib/usb_regs.o
ClearEP_CTR_RX                                    build/usb_lib/usb_regs.o
ClearEP_CTR_TX                                    build/usb_lib/usb_regs.o
ClearEP_KIND                                      build/usb_lib/usb_regs.o
Clear_Status_Out                                  build/usb_lib/usb_regs.o
                                                  build/usb.o
DMA1_Channel1_IRQHandler                          build/stm32_lib/c_only_startup.o
DMA1_Channel2_IRQHandler                          build/stm32_lib/c_only_startup.o
DMA1_Channel3_IRQHandler                          build/stm32_lib/c_only_startup.o
DMA1_Channel4_IRQHandler                          build/stm32_lib/c_only_startup.o
DMA1_Channel5_IRQHandler                          build/stm32_lib/c_only_startup.o
DMA1_Channel6_IRQHandler                          build/stm32_lib/c_only_startup.o
DMA1_Channel7_IRQHandler                          build/stm32_lib/c_only_startup.o
Data_Mul_MaxPacketSize                            build/usb_lib/usb_core.o
DebugMon_Handler                                  build/stm32_lib/c_only_startup.o
Default_Handler                                   build/stm32_lib/c_only_startup.o
Device_Info                                       build/usb_lib/usb_init.o
Device_Property                                   build/usb.o
                                                  build/usb_lib/usb_core.o
                                                  build/usb_lib/usb_init.o
Device_Table                                      build/usb.o
                                                  build/usb_lib/usb_core.o
EPindex                                           build/usb_lib/usb_init.o
                                                  build/usb_lib/usb_int.o
EXTI0_IRQHandler                                  build/stm32_lib/c_only_startup.o
EXTI15_10_IRQHandler                              build/stm32_lib/c_only_startup.o
EXTI1_IRQHandler                                  build/stm32_lib/c_only_startup.o
EXTI2_IRQHandler                                  build/stm32_lib/c_only_startup.o
EXTI3_IRQHandler                                  build/stm32_lib/c_only_startup.o
EXTI4_IRQHandler                                  build/stm32_lib/c_only_startup.o
EXTI9_5_IRQHandler                                build/stm32_lib/c_only_startup.o
FLASH_IRQHandler                                  build/stm32_lib/c_only_startup.o
FreeUserBuffer                                    build/usb_lib/usb_regs.o
GPIO_AFIODeInit                                   .\libstm32fw.a(stm32f10x_gpio.o)
GPIO_DeInit                                       .\libstm32fw.a(stm32f10x_gpio.o)
GPIO_ETH_MediaInterfaceConfig                     .\libstm32fw.a(stm32f10x_gpio.o)
GPIO_EXTILineConfig                               .\libstm32fw.a(stm32f10x_gpio.o)
GPIO_EventOutputCmd                               .\libstm32fw.a(stm32f10x_gpio.o)
GPIO_EventOutputConfig                            .\libstm32fw.a(stm32f10x_gpio.o)
GPIO_Init                                         .\libstm32fw.a(stm32f10x_gpio.o)
                                                  build/hardware.o
GPIO_PinLockConfig                                .\libstm32fw.a(stm32f10x_gpio.o)
GPIO_PinRemapConfig                               .\libstm32fw.a(stm32f10x_gpio.o)
GPIO_ReadInputData                                .\libstm32fw.a(stm32f10x_gpio.o)
GPIO_ReadInputDataBit                             .\libstm32fw.a(stm32f10x_gpio.o)
GPIO_ReadOutputData                               .\libstm32fw.a(stm32f10x_gpio.o)
GPIO_ReadOutputDataBit                            .\libstm32fw.a(stm32f10x_gpio.o)
GPIO_ResetBits                                    .\libstm32fw.a(stm32f10x_gpio.o)
GPIO_SetBits                                      .\libstm32fw.a(stm32f10x_gpio.o)
GPIO_StructInit                                   .\libstm32fw.a(stm32f10x_gpio.o)
GPIO_Write                                        .\libstm32fw.a(stm32f10x_gpio.o)
GPIO_WriteBit                                     .\libstm32fw.a(stm32f10x_gpio.o)
GetBTABLE                                         build/usb_lib/usb_regs.o
GetCNTR                                           build/usb_lib/usb_regs.o
GetDADDR                                          build/usb_lib/usb_regs.o
GetENDPOINT                                       build/usb_lib/usb_regs.o
GetEPAddress                                      build/usb_lib/usb_regs.o
GetEPDblBuf0Addr                                  build/usb_lib/usb_regs.o
GetEPDblBuf0Count                                 build/usb_lib/usb_regs.o
GetEPDblBuf1Addr                                  build/usb_lib/usb_regs.o
GetEPDblBuf1Count                                 build/usb_lib/usb_regs.o
GetEPDblBufDir                                    build/usb_lib/usb_regs.o
GetEPRxAddr                                       build/usb_lib/usb_regs.o
                                                  build/usb_lib/usb_core.o
GetEPRxCount                                      build/usb_lib/usb_regs.o
GetEPRxStatus                                     build/usb_lib/usb_regs.o
GetEPTxAddr                                       build/usb_lib/usb_regs.o
                                                  build/usb_lib/usb_core.o
GetEPTxCount                                      build/usb_lib/usb_regs.o
GetEPTxStatus                                     build/usb_lib/usb_regs.o
GetEPType                                         build/usb_lib/usb_regs.o
GetFNR                                            build/usb_lib/usb_regs.o
GetISTR                                           build/usb_lib/usb_regs.o
GetRxStallStatus                                  build/usb_lib/usb_regs.o
GetTxStallStatus                                  build/usb_lib/usb_regs.o
HardFault_Handler                                 build/stm32_lib/c_only_startup.o
I2C1_ER_IRQHandler                                build/stm32_lib/c_only_startup.o
I2C1_EV_IRQHandler                                build/stm32_lib/c_only_startup.o
I2C2_ER_IRQHandler                                build/stm32_lib/c_only_startup.o
I2C2_EV_IRQHandler                                build/stm32_lib/c_only_startup.o
In0_Process                                       build/usb_lib/usb_core.o
                                                  build/usb_lib/usb_int.o
MemManage_Handler                                 build/stm32_lib/c_only_startup.o
NMI_Handler                                       build/stm32_lib/c_only_startup.o
NOP_Process                                       build/usb_lib/usb_core.o
Out0_Process                                      build/usb_lib/usb_core.o
                                                  build/usb_lib/usb_int.o
PMAToUserBufferCopy                               build/usb_lib/usb_mem.o
                                                  build/usb_lib/usb_core.o
PVD_IRQHandler                                    build/stm32_lib/c_only_startup.o
PendSV_Handler                                    build/stm32_lib/c_only_startup.o
Post0_Process                                     build/usb_lib/usb_core.o
RCC_ADCCLKConfig                                  .\libstm32fw.a(stm32f10x_rcc.o)
RCC_AHBPeriphClockCmd                             .\libstm32fw.a(stm32f10x_rcc.o)
RCC_APB1PeriphClockCmd                            .\libstm32fw.a(stm32f10x_rcc.o)
RCC_APB1PeriphResetCmd                            .\libstm32fw.a(stm32f10x_rcc.o)
                                                  .\libstm32fw.a(stm32f10x_usart.o)
RCC_APB2PeriphClockCmd                            .\libstm32fw.a(stm32f10x_rcc.o)
                                                  build/hardware.o
RCC_APB2PeriphResetCmd                            .\libstm32fw.a(stm32f10x_rcc.o)
                                                  .\libstm32fw.a(stm32f10x_usart.o)
                                                  .\libstm32fw.a(stm32f10x_gpio.o)
RCC_AdjustHSICalibrationValue                     .\libstm32fw.a(stm32f10x_rcc.o)
RCC_BackupResetCmd                                .\libstm32fw.a(stm32f10x_rcc.o)
RCC_ClearFlag                                     .\libstm32fw.a(stm32f10x_rcc.o)
RCC_ClearITPendingBit                             .\libstm32fw.a(stm32f10x_rcc.o)
RCC_ClockSecuritySystemCmd                        .\libstm32fw.a(stm32f10x_rcc.o)
RCC_DeInit                                        .\libstm32fw.a(stm32f10x_rcc.o)
RCC_GetClocksFreq                                 .\libstm32fw.a(stm32f10x_rcc.o)
                                                  .\libstm32fw.a(stm32f10x_usart.o)
RCC_GetFlagStatus                                 .\libstm32fw.a(stm32f10x_rcc.o)
RCC_GetITStatus                                   .\libstm32fw.a(stm32f10x_rcc.o)
RCC_GetSYSCLKSource                               .\libstm32fw.a(stm32f10x_rcc.o)
RCC_HCLKConfig                                    .\libstm32fw.a(stm32f10x_rcc.o)
RCC_HSEConfig                                     .\libstm32fw.a(stm32f10x_rcc.o)
RCC_HSICmd                                        .\libstm32fw.a(stm32f10x_rcc.o)
RCC_IRQHandler                                    build/stm32_lib/c_only_startup.o
RCC_ITConfig                                      .\libstm32fw.a(stm32f10x_rcc.o)
RCC_LSEConfig                                     .\libstm32fw.a(stm32f10x_rcc.o)
RCC_LSICmd                                        .\libstm32fw.a(stm32f10x_rcc.o)
RCC_MCOConfig                                     .\libstm32fw.a(stm32f10x_rcc.o)
RCC_PCLK1Config                                   .\libstm32fw.a(stm32f10x_rcc.o)
RCC_PCLK2Config                                   .\libstm32fw.a(stm32f10x_rcc.o)
RCC_PLLCmd                                        .\libstm32fw.a(stm32f10x_rcc.o)
RCC_PLLConfig                                     .\libstm32fw.a(stm32f10x_rcc.o)
RCC_RTCCLKCmd                                     .\libstm32fw.a(stm32f10x_rcc.o)
RCC_RTCCLKConfig                                  .\libstm32fw.a(stm32f10x_rcc.o)
RCC_SYSCLKConfig                                  .\libstm32fw.a(stm32f10x_rcc.o)
RCC_USBCLKConfig                                  .\libstm32fw.a(stm32f10x_rcc.o)
RCC_WaitForHSEStartUp                             .\libstm32fw.a(stm32f10x_rcc.o)
RTCAlarm_IRQHandler                               build/stm32_lib/c_only_startup.o
RTC_IRQHandler                                    build/stm32_lib/c_only_startup.o
Reset_Handler                                     build/stm32_lib/c_only_startup.o
ResumeS                                           build/usb.o
SPI1_IRQHandler                                   build/stm32_lib/c_only_startup.o
SPI2_IRQHandler                                   build/stm32_lib/c_only_startup.o
SVC_Handler                                       build/stm32_lib/c_only_startup.o
SaveRState                                        build/usb_lib/usb_core.o
                                                  build/usb_lib/usb_int.o
SaveState                                         build/usb_lib/usb_init.o
SaveTState                                        build/usb_lib/usb_core.o
                                                  build/usb_lib/usb_int.o
SetBTABLE                                         build/usb_lib/usb_regs.o
SetCNTR                                           build/usb_lib/usb_regs.o
SetDADDR                                          build/usb_lib/usb_regs.o
SetDeviceAddress                                  build/usb_lib/usb_core.o
                                                  build/usb.o
SetDouBleBuffEPStall                              build/usb_lib/usb_regs.o
SetENDPOINT                                       build/usb_lib/usb_regs.o
SetEPAddress                                      build/usb_lib/usb_regs.o
SetEPCountRxReg                                   build/usb_lib/usb_regs.o
SetEPDblBuf0Addr                                  build/usb_lib/usb_regs.o
SetEPDblBuf0Count                                 build/usb_lib/usb_regs.o
SetEPDblBuf1Addr                                  build/usb_lib/usb_regs.o
SetEPDblBuf1Count                                 build/usb_lib/usb_regs.o
SetEPDblBuffAddr                                  build/usb_lib/usb_regs.o
SetEPDblBuffCount                                 build/usb_lib/usb_regs.o
SetEPDoubleBuff                                   build/usb_lib/usb_regs.o
SetEPRxAddr                                       build/usb_lib/usb_regs.o
SetEPRxCount                                      build/usb_lib/usb_regs.o
                                                  build/usb_lib/usb_core.o
                                                  build/usb.o
SetEPRxStatus                                     build/usb_lib/usb_regs.o
SetEPRxValid                                      build/usb_lib/usb_regs.o
                                                  build/usb.o
SetEPTxAddr                                       build/usb_lib/usb_regs.o
SetEPTxCount                                      build/usb_lib/usb_regs.o
                                                  build/usb_lib/usb_core.o
SetEPTxStatus                                     build/usb_lib/usb_regs.o
                                                  build/usb_lib/usb_core.o
SetEPTxValid                                      build/usb_lib/usb_regs.o
SetEPType                                         build/usb_lib/usb_regs.o
SetEP_KIND                                        build/usb_lib/usb_regs.o
SetISTR                                           build/usb_lib/usb_regs.o
Set_Status_Out                                    build/usb_lib/usb_regs.o
Setup0_Process                                    build/usb_lib/usb_core.o
                                                  build/usb_lib/usb_int.o
Standard_ClearFeature                             build/usb_lib/usb_core.o
Standard_GetConfiguration                         build/usb_lib/usb_core.o
Standard_GetDescriptorData                        build/usb_lib/usb_core.o
                                                  build/usb.o
Standard_GetInterface                             build/usb_lib/usb_core.o
Standard_GetStatus                                build/usb_lib/usb_core.o
Standard_SetConfiguration                         build/usb_lib/usb_core.o
Standard_SetDeviceFeature                         build/usb_lib/usb_core.o
Standard_SetEndPointFeature                       build/usb_lib/usb_core.o
Standard_SetInterface                             build/usb_lib/usb_core.o
StatusInfo                                        build/usb_lib/usb_core.o
SysTick_Handler                                   build/stm32_lib/c_only_startup.o
SystemInit_ExtMemCtl_Dummy                        build/stm32_lib/c_only_startup.o
TAMPER_IRQHandler                                 build/stm32_lib/c_only_startup.o
TIM1_BRK_IRQHandler                               build/stm32_lib/c_only_startup.o
TIM1_CC_IRQHandler                                build/stm32_lib/c_only_startup.o
TIM1_TRG_COM_IRQHandler                           build/stm32_lib/c_only_startup.o
TIM1_UP_IRQHandler                                build/stm32_lib/c_only_startup.o
TIM2_IRQHandler                                   build/stm32_lib/c_only_startup.o
TIM3_IRQHandler                                   build/stm32_lib/c_only_startup.o
TIM4_IRQHandler                                   build/stm32_lib/c_only_startup.o
ToWord                                            build/usb_lib/usb_regs.o
ToggleDTOG_RX                                     build/usb_lib/usb_regs.o
ToggleDTOG_TX                                     build/usb_lib/usb_regs.o
USART1_IRQHandler                                 build/stm32_lib/c_only_startup.o
USART2_IRQHandler                                 build/stm32_lib/c_only_startup.o
USART3_IRQHandler                                 build/stm32_lib/c_only_startup.o
USART_ClearFlag                                   .\libstm32fw.a(stm32f10x_usart.o)
USART_ClearITPendingBit                           .\libstm32fw.a(stm32f10x_usart.o)
USART_ClockInit                                   .\libstm32fw.a(stm32f10x_usart.o)
USART_ClockStructInit                             .\libstm32fw.a(stm32f10x_usart.o)
USART_Cmd                                         .\libstm32fw.a(stm32f10x_usart.o)
                                                  build/hardware.o
USART_DMACmd                                      .\libstm32fw.a(stm32f10x_usart.o)
USART_DeInit                                      .\libstm32fw.a(stm32f10x_usart.o)
USART_GetFlagStatus                               .\libstm32fw.a(stm32f10x_usart.o)
USART_GetITStatus                                 .\libstm32fw.a(stm32f10x_usart.o)
USART_HalfDuplexCmd                               .\libstm32fw.a(stm32f10x_usart.o)
USART_ITConfig                                    .\libstm32fw.a(stm32f10x_usart.o)
USART_Init                                        .\libstm32fw.a(stm32f10x_usart.o)
                                                  build/hardware.o
USART_IrDACmd                                     .\libstm32fw.a(stm32f10x_usart.o)
USART_IrDAConfig                                  .\libstm32fw.a(stm32f10x_usart.o)
USART_LINBreakDetectLengthConfig                  .\libstm32fw.a(stm32f10x_usart.o)
USART_LINCmd                                      .\libstm32fw.a(stm32f10x_usart.o)
USART_OneBitMethodCmd                             .\libstm32fw.a(stm32f10x_usart.o)
USART_OverSampling8Cmd                            .\libstm32fw.a(stm32f10x_usart.o)
USART_ReceiveData                                 .\libstm32fw.a(stm32f10x_usart.o)
USART_ReceiverWakeUpCmd                           .\libstm32fw.a(stm32f10x_usart.o)
USART_SendBreak                                   .\libstm32fw.a(stm32f10x_usart.o)
USART_SendData                                    .\libstm32fw.a(stm32f10x_usart.o)
USART_SetAddress                                  .\libstm32fw.a(stm32f10x_usart.o)
USART_SetGuardTime                                .\libstm32fw.a(stm32f10x_usart.o)
USART_SetPrescaler                                .\libstm32fw.a(stm32f10x_usart.o)
USART_SmartCardCmd                                .\libstm32fw.a(stm32f10x_usart.o)
USART_SmartCardNACKCmd                            .\libstm32fw.a(stm32f10x_usart.o)
USART_StructInit                                  .\libstm32fw.a(stm32f10x_usart.o)
USART_WakeUpConfig                                .\libstm32fw.a(stm32f10x_usart.o)
USBWakeUp_IRQHandler                              build/stm32_lib/c_only_startup.o
USB_HP_CAN1_TX_IRQHandler                         build/stm32_lib/c_only_startup.o
USB_Init                                          build/usb_lib/usb_init.o
                                                  build/usb.o
USB_LP_CAN1_RX0_IRQHandler                        build/usb.o
                                                  build/stm32_lib/c_only_startup.o
UU_PutChar                                        build/hardware.o
UU_PutString                                      build/hardware.o
UsageFault_Handler                                build/stm32_lib/c_only_startup.o
UserToPMABufferCopy                               build/usb_lib/usb_mem.o
                                                  build/usb_lib/usb_core.o
User_Standard_Requests                            build/usb.o
                                                  build/usb_lib/usb_init.o
WWDG_IRQHandler                                   build/stm32_lib/c_only_startup.o
__BASEPRICONFIG                                   build/stm32_lib/cortexm3_macro.o
__DMB                                             build/stm32_lib/cortexm3_macro.o
__DSB                                             build/stm32_lib/cortexm3_macro.o
__GetBASEPRI                                      build/stm32_lib/cortexm3_macro.o
__ISB                                             build/stm32_lib/cortexm3_macro.o
__MRS_CONTROL                                     build/stm32_lib/cortexm3_macro.o
__MRS_MSP                                         build/stm32_lib/cortexm3_macro.o
__MRS_PSP                                         build/stm32_lib/cortexm3_macro.o
__MSR_CONTROL                                     build/stm32_lib/cortexm3_macro.o
__MSR_MSP                                         build/stm32_lib/cortexm3_macro.o
__MSR_PSP                                         build/stm32_lib/cortexm3_macro.o
__READ_FAULTMASK                                  build/stm32_lib/cortexm3_macro.o
__READ_PRIMASK                                    build/stm32_lib/cortexm3_macro.o
__RESETFAULTMASK                                  build/stm32_lib/cortexm3_macro.o
__RESETPRIMASK                                    build/stm32_lib/cortexm3_macro.o
__REV_HalfWord                                    build/stm32_lib/cortexm3_macro.o
__REV_Word                                        build/stm32_lib/cortexm3_macro.o
__SETFAULTMASK                                    build/stm32_lib/cortexm3_macro.o
__SETPRIMASK                                      build/stm32_lib/cortexm3_macro.o
__SEV                                             build/stm32_lib/cortexm3_macro.o
__SVC                                             build/stm32_lib/cortexm3_macro.o
__WFE                                             build/stm32_lib/cortexm3_macro.o
__WFI                                             build/stm32_lib/cortexm3_macro.o