Archive member included to satisfy reference by file (symbol)

/usr/bin/../lib/gcc/arm-none-eabi/7.3.1/../../../../arm-none-eabi/lib/thumb/v7-m/libc_nano.a(lib_a-memcpy-stub.o)
                              build/25519/ed25519.o (memcpy)
/usr/bin/../lib/gcc/arm-none-eabi/7.3.1/../../../../arm-none-eabi/lib/thumb/v7-m/libc_nano.a(lib_a-memset.o)
                              build/main.o (memset)
/usr/bin/../lib/gcc/arm-none-eabi/7.3.1/../../../../arm-none-eabi/lib/thumb/v7-m/libc_nano.a(lib_a-sprintf.o)
                              build/main.o (sprintf)
/usr/bin/../lib/gcc/arm-none-eabi/7.3.1/../../../../arm-none-eabi/lib/thumb/v7-m/libc_nano.a(lib_a-strlen.o)
                              build/hardware.o (strlen)
/usr/bin/../lib/gcc/arm-none-eabi/7.3.1/../../../../arm-none-eabi/lib/thumb/v7-m/libc_nano.a(lib_a-vsprintf.o)
                              build/hardware.o (vsprintf)
/usr/bin/../lib/gcc/arm-none-eabi/7.3.1/../../../../arm-none-eabi/lib/thumb/v7-m/libc_nano.a(lib_a-impure.o)
                              /usr/bin/../lib/gcc/arm-none-eabi/7.3.1/../../../../arm-none-eabi/lib/thumb/v7-m/libc_nano.a(lib_a-sprintf.o) (_impure_ptr)
/usr/bin/../lib/gcc/arm-none-eabi/7.3.1/../../../../arm-none-eabi/lib/thumb/v7-m/libc_nano.a(lib_a-nano-svfprintf.o)
                              /usr/bin/../lib/gcc/arm-none-eabi/7.3.1/../../../../arm-none-eabi/lib/thumb/v7-m/libc_nano.a(lib_a-sprintf.o) (_svfprintf_r)
/usr/bin/../lib/gcc/arm-none-eabi/7.3.1/../../../../arm-none-eabi/lib/thumb/v7-m/libc_nano.a(lib_a-nano-vfprintf_i.o)
                              /usr/bin/../lib/gcc/arm-none-eabi/7.3.1/../../../../arm-none-eabi/lib/thumb/v7-m/libc_nano.a(lib_a-nano-svfprintf.o) (_printf_i)
/usr/bin/../lib/gcc/arm-none-eabi/7.3.1/../../../../arm-none-eabi/lib/thumb/v7-m/libc_nano.a(lib_a-memchr-stub.o)
                              /usr/bin/../lib/gcc/arm-none-eabi/7.3.1/../../../../arm-none-eabi/lib/thumb/v7-m/libc_nano.a(lib_a-nano-svfprintf.o) (memchr)
/usr/bin/../lib/gcc/arm-none-eabi/7.3.1/../../../../arm-none-eabi/lib/thumb/v7-m/libc_nano.a(lib_a-memmove.o)
                              /usr/bin/../lib/gcc/arm-none-eabi/7.3.1/../../../../arm-none-eabi/lib/thumb/v7-m/libc_nano.a(lib_a-nano-svfprintf.o) (memmove)
/usr/bin/../lib/gcc/arm-none-eabi/7.3.1/../../../../arm-none-eabi/lib/thumb/v7-m/libc_nano.a(lib_a-nano-freer.o)
                              /usr/bin/../lib/gcc/arm-none-eabi/7.3.1/../../../../arm-none-eabi/lib/thumb/v7-m/libc_nano.a(lib_a-nano-svfprintf.o) (_free_r)
/usr/bin/../lib/gcc/arm-none-eabi/7.3.1/../../../../arm-none-eabi/lib/thumb/v7-m/libc_nano.a(lib_a-nano-mallocr.o)
                              /usr/bin/../lib/gcc/arm-none-eabi/7.3.1/../../../../arm-none-eabi/lib/thumb/v7-m/libc_nano.a(lib_a-nano-svfprintf.o) (_malloc_r)
/usr/bin/../lib/gcc/arm-none-eabi/7.3.1/../../../../arm-none-eabi/lib/thumb/v7-m/libc_nano.a(lib_a-nano-reallocr.o)
                              /usr/bin/../lib/gcc/arm-none-eabi/7.3.1/../../../../arm-none-eabi/lib/thumb/v7-m/libc_nano.a(lib_a-nano-svfprintf.o) (_realloc_r)
/usr/bin/../lib/gcc/arm-none-eabi/7.3.1/../../../../arm-none-eabi/lib/thumb/v7-m/libc_nano.a(lib_a-sbrkr.o)
                              /usr/bin/../lib/gcc/arm-none-eabi/7.3.1/../../../../arm-none-eabi/lib/thumb/v7-m/libc_nano.a(lib_a-nano-mallocr.o) (_sbrk_r)
/usr/bin/../lib/gcc/arm-none-eabi/7.3.1/../../../../arm-none-eabi/lib/thumb/v7-m/libc_nano.a(lib_a-mlock.o)
                              /usr/bin/../lib/gcc/arm-none-eabi/7.3.1/../../../../arm-none-eabi/lib/thumb/v7-m/libc_nano.a(lib_a-nano-freer.o) (__malloc_lock)
/usr/bin/../lib/gcc/arm-none-eabi/7.3.1/../../../../arm-none-eabi/lib/thumb/v7-m/libc_nano.a(lib_a-nano-msizer.o)
                              /usr/bin/../lib/gcc/arm-none-eabi/7.3.1/../../../../arm-none-eabi/lib/thumb/v7-m/libc_nano.a(lib_a-nano-reallocr.o) (_malloc_usable_size_r)
/usr/bin/../lib/gcc/arm-none-eabi/7.3.1/../../../../arm-none-eabi/lib/thumb/v7-m/libc_nano.a(lib_a-reent.o)
                              /usr/bin/../lib/gcc/arm-none-eabi/7.3.1/../../../../arm-none-eabi/lib/thumb/v7-m/libc_nano.a(lib_a-sbrkr.o) (errno)
./libstm32fw.a(stm32f10x_gpio.o)
                              build/hardware.o (GPIO_Init)
./libstm32fw.a(stm32f10x_rcc.o)
                              build/hardware.o (RCC_APB2PeriphClockCmd)
./libstm32fw.a(stm32f10x_usart.o)
                              build/hardware.o (USART_Init)
/usr/bin/../lib/gcc/arm-none-eabi/7.3.1/../../../../arm-none-eabi/lib/thumb/v7-m/libnosys.a(sbrk.o)
                              /usr/bin/../lib/gcc/arm-none-eabi/7.3.1/../../../../arm-none-eabi/lib/thumb/v7-m/libc_nano.a(lib_a-sbrkr.o) (_sbrk)

Allocating common symbols
Common symbol       size              file

SaveRState          0x2               build/usb_lib/usb_int.o
SaveState           0x2               build/usb_lib/usb_init.o
[...]
Memory Configuration

Name             Origin             Length             Attributes
RAM              0x0000000020000000 0x0000000000005000 xrw
FLASH            0x0000000008000000 0x0000000000020000 xr
*default*        0x0000000000000000 0xffffffffffffffff

Linker script and memory map

LOAD build/stm32_lib/c_only_startup.o
LOAD build/stm32_lib/cortexm3_macro.o
LOAD build/usb.o
LOAD build/usb_callbacks.o
LOAD build/usb_descriptor.o
LOAD build/main.o
LOAD build/hardware.o
LOAD build/dfu.o
LOAD build/25519/ed25519.o
LOAD build/25519/sha512.o
LOAD build/25519/morph25519.o
LOAD build/25519/edsign.o
LOAD build/25519/f25519.o
LOAD build/25519/c25519.o
LOAD build/25519/sha256.o
LOAD build/25519/fprime.o
LOAD build/base64/cdecode.o
LOAD build/base64/cencode.o
LOAD build/image.o
LOAD build/usb_lib/usb_regs.o
LOAD build/usb_lib/usb_int.o
LOAD build/usb_lib/usb_init.o
LOAD build/usb_lib/usb_core.o
LOAD build/usb_lib/usb_mem.o
LOAD /usr/bin/../lib/gcc/arm-none-eabi/7.3.1/../../../../arm-none-eabi/lib/thumb/v7-m/libc_nano.a
LOAD /usr/bin/../lib/gcc/arm-none-eabi/7.3.1/thumb/v7-m/libgcc.a
LOAD ./libstm32fw.a
                0x000000000133f07c                __BUILD_DATE = 0x133f07c
                0x0000000000000001                __BUILD_NUMBER = 0x1
START GROUP
LOAD /usr/bin/../lib/gcc/arm-none-eabi/7.3.1/thumb/v7-m/libgcc.a
LOAD /usr/bin/../lib/gcc/arm-none-eabi/7.3.1/../../../../arm-none-eabi/lib/thumb/v7-m/libg_nano.a
LOAD /usr/bin/../lib/gcc/arm-none-eabi/7.3.1/../../../../arm-none-eabi/lib/thumb/v7-m/libc_nano.a
END GROUP
START GROUP
LOAD /usr/bin/../lib/gcc/arm-none-eabi/7.3.1/thumb/v7-m/libgcc.a
LOAD /usr/bin/../lib/gcc/arm-none-eabi/7.3.1/../../../../arm-none-eabi/lib/thumb/v7-m/libc_nano.a
LOAD /usr/bin/../lib/gcc/arm-none-eabi/7.3.1/../../../../arm-none-eabi/lib/thumb/v7-m/libnosys.a
END GROUP
START GROUP
LOAD /usr/bin/../lib/gcc/arm-none-eabi/7.3.1/thumb/v7-m/libgcc.a
LOAD /usr/bin/../lib/gcc/arm-none-eabi/7.3.1/../../../../arm-none-eabi/lib/thumb/v7-m/libc_nano.a
LOAD /usr/bin/../lib/gcc/arm-none-eabi/7.3.1/../../../../arm-none-eabi/lib/thumb/v7-m/libnosys.a
END GROUP
                0x0000000000000800                __Stack_Size = 0x800
                [!provide]                        PROVIDE (_Stack_Size = __Stack_Size)
                0x0000000020004800                __Stack_Init = (_estack - __Stack_Size)
                [!provide]                        PROVIDE (_Stack_Init = __Stack_Init)
                0x0000000000000100                _Minimum_Stack_Size = 0x100
                0x0000000020005000                _estack = 0x20005000

.isr_vector     0x0000000008000000       0xf0
                0x0000000008000000                . = ALIGN (0x4)
 *(.isr_vector)
 .isr_vector    0x0000000008000000       0xf0 build/stm32_lib/c_only_startup.o
                0x0000000008000000                g_pfnVectors
                0x00000000080000f0                . = ALIGN (0x4)

.flashtext      0x00000000080000f0        0x0
                0x00000000080000f0                . = ALIGN (0x4)
 *(.flashtext)
                0x00000000080000f0                . = ALIGN (0x4)

.text           0x00000000080000f0     0x67a4
                0x00000000080000f0                . = ALIGN (0x4)
 *(.text)
 .text          0x00000000080000f0      0x2e8 ./libstm32fw.a(stm32f10x_gpio.o)
                0x00000000080000f0                GPIO_DeInit
                0x00000000080001cc                GPIO_AFIODeInit
                0x00000000080001e4                GPIO_Init
                0x00000000080002a8                GPIO_StructInit
                0x00000000080002b8                GPIO_ReadInputDataBit
                0x00000000080002c4                GPIO_ReadInputData
                0x00000000080002cc                GPIO_ReadOutputDataBit
                0x00000000080002d8                GPIO_ReadOutputData
                0x00000000080002e0                GPIO_SetBits
                0x00000000080002e4                GPIO_ResetBits
                0x00000000080002e8                GPIO_WriteBit
                0x00000000080002f4                GPIO_Write
                0x00000000080002f8                GPIO_PinLockConfig
                0x0000000008000308                GPIO_EventOutputConfig
                0x0000000008000328                GPIO_EventOutputCmd
                0x0000000008000334                GPIO_PinRemapConfig
                0x00000000080003a0                GPIO_EXTILineConfig
                0x00000000080003cc                GPIO_ETH_MediaInterfaceConfig
 .text          0x00000000080003d8      0x360 ./libstm32fw.a(stm32f10x_rcc.o)
                0x00000000080003d8                RCC_DeInit
                0x0000000008000418                RCC_HSEConfig
                0x0000000008000450                RCC_WaitForHSEStartUp
                0x0000000008000488                RCC_AdjustHSICalibrationValue
                0x000000000800049c                RCC_HSICmd
                0x00000000080004a8                RCC_PLLConfig
                0x00000000080004bc                RCC_PLLCmd
                0x00000000080004c8                RCC_SYSCLKConfig
                0x00000000080004dc                RCC_GetSYSCLKSource
                0x00000000080004ec                RCC_HCLKConfig
                0x0000000008000500                RCC_PCLK1Config
                0x0000000008000514                RCC_PCLK2Config
                0x0000000008000528                RCC_ITConfig
                0x0000000008000540                RCC_USBCLKConfig
                0x000000000800054c                RCC_ADCCLKConfig
                0x0000000008000560                RCC_LSEConfig
                0x0000000008000580                RCC_LSICmd
                0x000000000800058c                RCC_RTCCLKConfig
                0x000000000800059c                RCC_RTCCLKCmd
                0x00000000080005a8                RCC_GetClocksFreq
                0x0000000008000638                RCC_AHBPeriphClockCmd
                0x0000000008000650                RCC_APB2PeriphClockCmd
                0x0000000008000668                RCC_APB1PeriphClockCmd
                0x0000000008000680                RCC_APB2PeriphResetCmd
                0x0000000008000698                RCC_APB1PeriphResetCmd
                0x00000000080006b0                RCC_BackupResetCmd
                0x00000000080006bc                RCC_ClockSecuritySystemCmd
                0x00000000080006c8                RCC_MCOConfig
                0x00000000080006d4                RCC_GetFlagStatus
                0x0000000008000708                RCC_ClearFlag
                0x0000000008000718                RCC_GetITStatus
                0x000000000800072c                RCC_ClearITPendingBit
 .text          0x0000000008000738      0x414 ./libstm32fw.a(stm32f10x_usart.o)
                0x0000000008000738                USART_DeInit
                0x00000000080007e8                USART_Init
                0x00000000080008a4                USART_StructInit
                0x00000000080008bc                USART_ClockInit
                0x00000000080008e0                USART_ClockStructInit
                0x00000000080008ec                USART_Cmd
                0x0000000008000908                USART_ITConfig
                0x0000000008000944                USART_DMACmd
                0x0000000008000958                USART_SetAddress
                0x0000000008000970                USART_WakeUpConfig
                0x0000000008000988                USART_ReceiverWakeUpCmd
                0x00000000080009a4                USART_LINBreakDetectLengthConfig
                0x00000000080009bc                USART_LINCmd
                0x00000000080009d8                USART_SendData
                0x00000000080009e0                USART_ReceiveData
                0x00000000080009e8                USART_SendBreak
                0x00000000080009f4                USART_SetGuardTime
                0x0000000008000a08                USART_SetPrescaler
                0x0000000008000a1c                USART_SmartCardCmd
                0x0000000008000a38                USART_SmartCardNACKCmd
                0x0000000008000a54                USART_HalfDuplexCmd
                0x0000000008000a70                USART_OverSampling8Cmd
                0x0000000008000a8c                USART_OneBitMethodCmd
                0x0000000008000aa8                USART_IrDAConfig
                0x0000000008000ac0                USART_IrDACmd
                0x0000000008000adc                USART_GetFlagStatus
                0x0000000008000ae8                USART_ClearFlag
                0x0000000008000af0                USART_GetITStatus
                0x0000000008000b3c                USART_ClearITPendingBit
 *(.text.*)
 .text.Reset_Handler
                0x0000000008000b4c       0x40 build/stm32_lib/c_only_startup.o
                0x0000000008000b4c                Reset_Handler
 .text.Default_Handler
                0x0000000008000b8c        0x2 build/stm32_lib/c_only_startup.o
                0x0000000008000b8c                EXTI2_IRQHandler
                0x0000000008000b8c                DebugMon_Handler
                0x0000000008000b8c                TIM1_CC_IRQHandler
                0x0000000008000b8c                HardFault_Handler
                0x0000000008000b8c                SysTick_Handler
                0x0000000008000b8c                PVD_IRQHandler
                0x0000000008000b8c                PendSV_Handler
                0x0000000008000b8c                NMI_Handler
                0x0000000008000b8c                EXTI3_IRQHandler
                0x0000000008000b8c                EXTI0_IRQHandler
                0x0000000008000b8c                I2C2_EV_IRQHandler
                0x0000000008000b8c                UsageFault_Handler
                0x0000000008000b8c                ADC1_2_IRQHandler
                0x0000000008000b8c                SPI1_IRQHandler
                0x0000000008000b8c                TAMPER_IRQHandler
                0x0000000008000b8c                DMA1_Channel4_IRQHandler
                0x0000000008000b8c                USART3_IRQHandler
                0x0000000008000b8c                RTC_IRQHandler
                0x0000000008000b8c                DMA1_Channel7_IRQHandler
                0x0000000008000b8c                CAN1_RX1_IRQHandler
                0x0000000008000b8c                TIM4_IRQHandler
                0x0000000008000b8c                I2C1_EV_IRQHandler
                0x0000000008000b8c                DMA1_Channel6_IRQHandler
                0x0000000008000b8c                TIM3_IRQHandler
                0x0000000008000b8c                RCC_IRQHandler
                0x0000000008000b8c                TIM1_TRG_COM_IRQHandler
                0x0000000008000b8c                DMA1_Channel1_IRQHandler
                0x0000000008000b8c                Default_Handler
                0x0000000008000b8c                EXTI15_10_IRQHandler
                0x0000000008000b8c                EXTI9_5_IRQHandler
                0x0000000008000b8c                SPI2_IRQHandler
                0x0000000008000b8c                MemManage_Handler
                0x0000000008000b8c                SVC_Handler
                0x0000000008000b8c                DMA1_Channel5_IRQHandler
                0x0000000008000b8c                EXTI4_IRQHandler
                0x0000000008000b8c                USB_HP_CAN1_TX_IRQHandler
                0x0000000008000b8c                DMA1_Channel3_IRQHandler
                0x0000000008000b8c                TIM1_UP_IRQHandler
                0x0000000008000b8c                WWDG_IRQHandler
                0x0000000008000b8c                TIM2_IRQHandler
                0x0000000008000b8c                TIM1_BRK_IRQHandler
                0x0000000008000b8c                EXTI1_IRQHandler
                0x0000000008000b8c                RTCAlarm_IRQHandler
                0x0000000008000b8c                USART2_IRQHandler
                0x0000000008000b8c                I2C2_ER_IRQHandler
                0x0000000008000b8c                DMA1_Channel2_IRQHandler
                0x0000000008000b8c                CAN1_SCE_IRQHandler
                0x0000000008000b8c                FLASH_IRQHandler
                0x0000000008000b8c                BusFault_Handler
                0x0000000008000b8c                USART1_IRQHandler
                0x0000000008000b8c                I2C1_ER_IRQHandler
                0x0000000008000b8c                USBWakeUp_IRQHandler
 .text.usbStatusIn
                0x0000000008000b8e        0x2 build/usb.o
                0x0000000008000b8e                usbStatusIn
 .text.usbGetInterfaceSetting
                0x0000000008000b90        0xa build/usb.o
                0x0000000008000b90                usbGetInterfaceSetting
 *fill*         0x0000000008000b9a        0x2 
 .text.usbSetConfiguration
                0x0000000008000b9c       0x18 build/usb.o
                0x0000000008000b9c                usbSetConfiguration
 .text.usbSetDeviceAddress
                0x0000000008000bb4        0xc build/usb.o
                0x0000000008000bb4                usbSetDeviceAddress
 .text.usbReset
                0x0000000008000bc0       0xa8 build/usb.o
                0x0000000008000bc0                usbReset
 .text.usbGetDeviceDescriptor
                0x0000000008000c68        0xc build/usb.o
                0x0000000008000c68                usbGetDeviceDescriptor
 .text.usbGetConfigDescriptor
                0x0000000008000c74        0xc build/usb.o
                0x0000000008000c74                usbGetConfigDescriptor
 .text.usbGetStringDescriptor
                0x0000000008000c80       0x20 build/usb.o
                0x0000000008000c80                usbGetStringDescriptor
 .text.usbGetFunctionalDescriptor
                0x0000000008000ca0        0xc build/usb.o
                0x0000000008000ca0                usbGetFunctionalDescriptor
 .text.usbDataSetup
                0x0000000008000cac       0x74 build/usb.o
                0x0000000008000cac                usbDataSetup
 .text.usbNoDataSetup
                0x0000000008000d20       0x24 build/usb.o
                0x0000000008000d20                usbNoDataSetup
 .text.usbSetDeviceFeature
                0x0000000008000d44        0x2 build/usb.o
                0x0000000008000d44                usbSetDeviceFeature
 .text.nothingProc
                0x0000000008000d46        0x2 build/usb.o
                0x0000000008000d46                nothingProc
 .text.usbStatusOut
                0x0000000008000d48        0x2 build/usb.o
                0x0000000008000d48                usbStatusOut
 .text.usbGetConfiguration
                0x0000000008000d4a        0x2 build/usb.o
                0x0000000008000d4a                usbGetConfiguration
 .text.usbGetInterface
                0x0000000008000d4c        0x2 build/usb.o
                0x0000000008000d4c                usbGetInterface
 .text.usbSetInterface
                0x0000000008000d4e        0x2 build/usb.o
                0x0000000008000d4e                usbSetInterface
 .text.usbGetStatus
                0x0000000008000d50        0x2 build/usb.o
                0x0000000008000d50                usbGetStatus
 .text.usbClearFeature
                0x0000000008000d52        0x2 build/usb.o
                0x0000000008000d52                usbClearFeature
 .text.usbSetEndpointFeature
                0x0000000008000d54        0x2 build/usb.o
                0x0000000008000d54                usbSetEndpointFeature
 *fill*         0x0000000008000d56        0x2 
 .text.setupUSB
                0x0000000008000d58       0x6c build/usb.o
                0x0000000008000d58                setupUSB
 .text.usbSuspend
                0x0000000008000dc4       0x1c build/usb.o
                0x0000000008000dc4                usbSuspend
 .text.usbResumeInit
                0x0000000008000de0       0x18 build/usb.o
                0x0000000008000de0                usbResumeInit
 .text.usbResume
                0x0000000008000df8       0x80 build/usb.o
                0x0000000008000df8                usbResume
 .text.usbPowerOn
                0x0000000008000e78       0x44 build/usb.o
                0x0000000008000e78                usbPowerOn
 .text.usbPowerOff
                0x0000000008000ebc       0x3c build/usb.o
                0x0000000008000ebc                usbPowerOff
 .text.usbDsbBus
                0x0000000008000ef8        0x4 build/usb.o
                0x0000000008000ef8                usbDsbBus
 .text.usbEnbISR
                0x0000000008000efc       0x20 build/usb.o
                0x0000000008000efc                usbEnbISR
 .text.usbInit  0x0000000008000f1c       0x40 build/usb.o
                0x0000000008000f1c                usbInit
 .text.usbDsbISR
                0x0000000008000f5c       0x1e build/usb.o
                0x0000000008000f5c                usbDsbISR
 *fill*         0x0000000008000f7a        0x2 
 .text.USB_LP_CAN1_RX0_IRQHandler
                0x0000000008000f7c       0xb4 build/usb.o
                0x0000000008000f7c                USB_LP_CAN1_RX0_IRQHandler
 .text.transmit_publickey_data
                0x0000000008001030       0xd8 build/main.o
                0x0000000008001030                transmit_publickey_data
 .text.print_bootheader
                0x0000000008001108       0xd8 build/main.o
                0x0000000008001108                print_bootheader
 .text.startup.main
                0x00000000080011e0       0xf8 build/main.o
                0x00000000080011e0                main
 .text.gpio_write_bit
                0x00000000080012d8       0x14 build/hardware.o
                0x00000000080012d8                gpio_write_bit
 .text.readPin  0x00000000080012ec       0x12 build/hardware.o
                0x00000000080012ec                readPin
 .text.strobePin
                0x00000000080012fe       0x50 build/hardware.o
                0x00000000080012fe                strobePin
 .text.UU_PutChar
                0x000000000800134e        0xc build/hardware.o
                0x000000000800134e                UU_PutChar
 .text.UU_PutString
                0x000000000800135a       0x16 build/hardware.o
                0x000000000800135a                UU_PutString
 .text.vprint   0x0000000008001370       0x24 build/hardware.o
                0x0000000008001370                vprint
 .text.uart_printf
                0x0000000008001394       0x1a build/hardware.o
                0x0000000008001394                uart_printf
 *fill*         0x00000000080013ae        0x2 
 .text.print_hex
                0x00000000080013b0       0x3c build/hardware.o
                0x00000000080013b0                print_hex
 .text.hexdump  0x00000000080013ec       0xb8 build/hardware.o
                0x00000000080013ec                hexdump
 .text.print_hash
                0x00000000080014a4       0x2c build/hardware.o
                0x00000000080014a4                print_hash
 .text.encode_b64
                0x00000000080014d0       0x2e build/hardware.o
                0x00000000080014d0                encode_b64
 *fill*         0x00000000080014fe        0x2 
 .text.uartInit
                0x0000000008001500       0x84 build/hardware.o
                0x0000000008001500                uartInit
 .text.systemReset
                0x0000000008001584       0x48 build/hardware.o
                0x0000000008001584                systemReset
 .text.setupCLK
                0x00000000080015cc       0x60 build/hardware.o
                0x00000000080015cc                setupCLK
 .text.setupLEDAndButton
                0x000000000800162c       0x14 build/hardware.o
                0x000000000800162c                setupLEDAndButton
 .text.setupFLASH
                0x0000000008001640       0x1c build/hardware.o
                0x0000000008001640                setupFLASH
 .text.uid_read
                0x000000000800165c        0x2 build/hardware.o
                0x000000000800165c                uid_read
 *fill*         0x000000000800165e        0x2 
 .text.setMspAndJump
                0x0000000008001660       0x14 build/hardware.o
                0x0000000008001660                setMspAndJump
 .text.nvicInit
                0x0000000008001674       0x6c build/hardware.o
                0x0000000008001674                nvicInit
 .text.nvicDisableInterrupts
                0x00000000080016e0       0x24 build/hardware.o
                0x00000000080016e0                nvicDisableInterrupts
 .text.jumpToUser
                0x0000000008001704       0x1e build/hardware.o
                0x0000000008001704                jumpToUser
 *fill*         0x0000000008001722        0x2 
 .text.systemHardReset
                0x0000000008001724       0x14 build/hardware.o
                0x0000000008001724                systemHardReset
 .text.flashErasePage
                0x0000000008001738       0x38 build/hardware.o
                0x0000000008001738                flashErasePage
 .text.flashWriteWord
                0x0000000008001770       0x50 build/hardware.o
                0x0000000008001770                flashWriteWord
 .text.flashLock
                0x00000000080017c0        0xc build/hardware.o
                0x00000000080017c0                flashLock
 .text.flashUnlock
                0x00000000080017cc       0x18 build/hardware.o
                0x00000000080017cc                flashUnlock
 .text.crMask   0x00000000080017e4       0x12 build/hardware.o
                0x00000000080017e4                crMask
 *fill*         0x00000000080017f6        0x2 
 .text.getFlashEnd
                0x00000000080017f8       0x10 build/hardware.o
                0x00000000080017f8                getFlashEnd
 .text.getFlashPageSize
                0x0000000008001808       0x18 build/hardware.o
                0x0000000008001808                getFlashPageSize
 .text.isSecure
                0x0000000008001820        0x4 build/hardware.o
                0x0000000008001820                isSecure
 .text.isProduction
                0x0000000008001824        0x4 build/hardware.o
                0x0000000008001824                isProduction
 .text.dfuInit  0x0000000008001828       0x88 build/dfu.o
                0x0000000008001828                dfuInit
 .text.dfuUpdateByReset
                0x00000000080018b0       0x44 build/dfu.o
                0x00000000080018b0                dfuUpdateByReset
 .text.dfuCopyState
                0x00000000080018f4       0x18 build/dfu.o
                0x00000000080018f4                dfuCopyState
 .text.dfuCopyStatus
                0x000000000800190c       0x18 build/dfu.o
                0x000000000800190c                dfuCopyStatus
 .text.dfuCopyDNLOAD
                0x0000000008001924       0x28 build/dfu.o
                0x0000000008001924                dfuCopyDNLOAD
 .text.dfuCopyUPLOAD
                0x000000000800194c       0x30 build/dfu.o
                0x000000000800194c                dfuCopyUPLOAD
 .text.dfuCopyBufferToExec
                0x000000000800197c       0x58 build/dfu.o
                0x000000000800197c                dfuCopyBufferToExec
 .text.dfuUpdateByRequest
                0x00000000080019d4      0x254 build/dfu.o
                0x00000000080019d4                dfuUpdateByRequest
 .text.dfuUploadStarted
                0x0000000008001c28        0xc build/dfu.o
                0x0000000008001c28                dfuUploadStarted
 .text.dfuFinishUpload
                0x0000000008001c34        0x2 build/dfu.o
                0x0000000008001c34                dfuFinishUpload
 .text.ed25519_project
                0x0000000008001c36       0x4a build/25519/ed25519.o
                0x0000000008001c36                ed25519_project
 .text.ed25519_unproject
                0x0000000008001c80       0x3a build/25519/ed25519.o
                0x0000000008001c80                ed25519_unproject
 .text.ed25519_pack
                0x0000000008001cba       0x54 build/25519/ed25519.o
                0x0000000008001cba                ed25519_pack
 *fill*         0x0000000008001d0e        0x2 
 .text.ed25519_try_unpack
                0x0000000008001d10       0xa8 build/25519/ed25519.o
                0x0000000008001d10                ed25519_try_unpack
 .text.ed25519_add
                0x0000000008001db8       0xe0 build/25519/ed25519.o
                0x0000000008001db8                ed25519_add
 .text.ed25519_double
                0x0000000008001e98       0xb4 build/25519/ed25519.o
                0x0000000008001e98                ed25519_double
 .text.ed25519_smult
                0x0000000008001f4c       0x84 build/25519/ed25519.o
                0x0000000008001f4c                ed25519_smult
 .text.store64  0x0000000008001fd0       0x1e build/25519/sha512.o
 *fill*         0x0000000008001fee        0x2 
 .text.sha512_block
                0x0000000008001ff0      0x404 build/25519/sha512.o
                0x0000000008001ff0                sha512_block
 .text.sha512_final
                0x00000000080023f4       0x5a build/25519/sha512.o
                0x00000000080023f4                sha512_final
 .text.sha512_get
                0x000000000800244e       0x9e build/25519/sha512.o
                0x000000000800244e                sha512_get
 .text.hash_with_prefix
                0x00000000080024ec       0x90 build/25519/edsign.o
 .text.expand_key
                0x000000000800257c       0x54 build/25519/edsign.o
 .text.sm_pack  0x00000000080025d0       0x2c build/25519/edsign.o
 .text.edsign_sec_to_pub
                0x00000000080025fc       0x18 build/25519/edsign.o
                0x00000000080025fc                edsign_sec_to_pub
 .text.edsign_sign
                0x0000000008002614       0xc4 build/25519/edsign.o
                0x0000000008002614                edsign_sign
 .text.edsign_verify
                0x00000000080026d8       0xbe build/25519/edsign.o
                0x00000000080026d8                edsign_verify
 .text.f25519_load
                0x0000000008002796       0x1e build/25519/f25519.o
                0x0000000008002796                f25519_load
 .text.f25519_eq
                0x00000000080027b4       0x36 build/25519/f25519.o
                0x00000000080027b4                f25519_eq
 .text.f25519_select
                0x00000000080027ea       0x2c build/25519/f25519.o
                0x00000000080027ea                f25519_select
 .text.f25519_normalize
                0x0000000008002816       0x5e build/25519/f25519.o
                0x0000000008002816                f25519_normalize
 .text.f25519_add
                0x0000000008002874       0x50 build/25519/f25519.o
                0x0000000008002874                f25519_add
 .text.f25519_sub
                0x00000000080028c4       0x5c build/25519/f25519.o
                0x00000000080028c4                f25519_sub
 .text.f25519_neg
                0x0000000008002920       0x48 build/25519/f25519.o
                0x0000000008002920                f25519_neg
 .text.f25519_mul__distinct
                0x0000000008002968       0x70 build/25519/f25519.o
                0x0000000008002968                f25519_mul__distinct
 .text.f25519_mul_c
                0x00000000080029d8       0x40 build/25519/f25519.o
                0x00000000080029d8                f25519_mul_c
 .text.f25519_inv__distinct
                0x0000000008002a18       0x88 build/25519/f25519.o
                0x0000000008002a18                f25519_inv__distinct
 .text.f25519_sqrt
                0x0000000008002aa0       0x9a build/25519/f25519.o
                0x0000000008002aa0                f25519_sqrt
 *fill*         0x0000000008002b3a        0x2 
 .text.sha256_starts
                0x0000000008002b3c       0x50 build/25519/sha256.o
                0x0000000008002b3c                sha256_starts
 .text.sha256_process
                0x0000000008002b8c     0x1a54 build/25519/sha256.o
                0x0000000008002b8c                sha256_process
 .text.sha256_update.part.0
                0x00000000080045e0       0x86 build/25519/sha256.o
 .text.sha256_update
                0x0000000008004666        0x8 build/25519/sha256.o
                0x0000000008004666                sha256_update
 *fill*         0x000000000800466e        0x2 
 .text.sha256_finish
                0x0000000008004670      0x100 build/25519/sha256.o
                0x0000000008004670                sha256_finish
 .text.raw_add  0x0000000008004770       0x22 build/25519/fprime.o
 .text.prime_msb
                0x0000000008004792       0x1c build/25519/fprime.o
 .text.shift_n_bits
                0x00000000080047ae       0x1e build/25519/fprime.o
 .text.fprime_select
                0x00000000080047cc       0x2c build/25519/fprime.o
                0x00000000080047cc                fprime_select
 .text.raw_try_sub
                0x00000000080047f8       0x2e build/25519/fprime.o
 .text.fprime_from_bytes
                0x0000000008004826       0xa0 build/25519/fprime.o
                0x0000000008004826                fprime_from_bytes
 .text.fprime_add
                0x00000000080048c6       0x16 build/25519/fprime.o
                0x00000000080048c6                fprime_add
 .text.fprime_mul
                0x00000000080048dc       0x7e build/25519/fprime.o
                0x00000000080048dc                fprime_mul
 .text.base64_init_encodestate
                0x000000000800495a        0xa build/base64/cencode.o
                0x000000000800495a                base64_init_encodestate
 .text.base64_encode_value
                0x0000000008004964       0x10 build/base64/cencode.o
                0x0000000008004964                base64_encode_value
 .text.base64_encode_block
                0x0000000008004974       0xc0 build/base64/cencode.o
                0x0000000008004974                base64_encode_block
 .text.base64_encode_blockend
                0x0000000008004a34       0x3e build/base64/cencode.o
                0x0000000008004a34                base64_encode_blockend
 *fill*         0x0000000008004a72        0x2 
 .text.failErase
                0x0000000008004a74       0x44 build/image.o
                0x0000000008004a74                failErase
 .text.imageCheckFromAddress
                0x0000000008004ab8      0x160 build/image.o
                0x0000000008004ab8                imageCheckFromAddress
 .text.SetEPTxStatus
                0x0000000008004c18       0x2a build/usb_lib/usb_regs.o
                0x0000000008004c18                SetEPTxStatus
 .text.SetEPRxValid
                0x0000000008004c42       0x1e build/usb_lib/usb_regs.o
                0x0000000008004c42                SetEPRxValid
 .text.ClearEP_KIND
                0x0000000008004c60       0x1c build/usb_lib/usb_regs.o
                0x0000000008004c60                ClearEP_KIND
 .text.Clear_Status_Out
                0x0000000008004c7c        0x4 build/usb_lib/usb_regs.o
                0x0000000008004c7c                Clear_Status_Out
 .text.ClearDTOG_RX
                0x0000000008004c80       0x26 build/usb_lib/usb_regs.o
                0x0000000008004c80                ClearDTOG_RX
 .text.ClearDTOG_TX
                0x0000000008004ca6       0x26 build/usb_lib/usb_regs.o
                0x0000000008004ca6                ClearDTOG_TX
 .text.GetEPTxAddr
                0x0000000008004ccc       0x1c build/usb_lib/usb_regs.o
                0x0000000008004ccc                GetEPTxAddr
 .text.GetEPRxAddr
                0x0000000008004ce8       0x1c build/usb_lib/usb_regs.o
                0x0000000008004ce8                GetEPRxAddr
 .text.SetEPTxCount
                0x0000000008004d04       0x1c build/usb_lib/usb_regs.o
                0x0000000008004d04                SetEPTxCount
 .text.SetEPRxCount
                0x0000000008004d20       0x40 build/usb_lib/usb_regs.o
                0x0000000008004d20                SetEPRxCount
 .text.CTR_LP   0x0000000008004d60      0x170 build/usb_lib/usb_int.o
                0x0000000008004d60                CTR_LP
 .text.USB_Init
                0x0000000008004ed0       0x34 build/usb_lib/usb_init.o
                0x0000000008004ed0                USB_Init
 .text.Standard_GetConfiguration
                0x0000000008004f04       0x24 build/usb_lib/usb_core.o
                0x0000000008004f04                Standard_GetConfiguration
 .text.Standard_GetInterface
                0x0000000008004f28       0x24 build/usb_lib/usb_core.o
                0x0000000008004f28                Standard_GetInterface
 .text.Standard_GetStatus
                0x0000000008004f4c       0x88 build/usb_lib/usb_core.o
                0x0000000008004f4c                Standard_GetStatus
 .text.DataStageIn
                0x0000000008004fd4       0xac build/usb_lib/usb_core.o
 .text.Standard_SetConfiguration
                0x0000000008005080       0x38 build/usb_lib/usb_core.o
                0x0000000008005080                Standard_SetConfiguration
 .text.Standard_SetInterface
                0x00000000080050b8       0x4c build/usb_lib/usb_core.o
                0x00000000080050b8                Standard_SetInterface
 .text.Standard_ClearFeature
                0x0000000008005104       0xc4 build/usb_lib/usb_core.o
                0x0000000008005104                Standard_ClearFeature
 .text.Standard_SetEndPointFeature
                0x00000000080051c8       0x7c build/usb_lib/usb_core.o
                0x00000000080051c8                Standard_SetEndPointFeature
 .text.Standard_SetDeviceFeature
                0x0000000008005244       0x24 build/usb_lib/usb_core.o
                0x0000000008005244                Standard_SetDeviceFeature
 .text.Standard_GetDescriptorData
                0x0000000008005268       0x1c build/usb_lib/usb_core.o
                0x0000000008005268                Standard_GetDescriptorData
 .text.Post0_Process
                0x0000000008005284       0x40 build/usb_lib/usb_core.o
                0x0000000008005284                Post0_Process
 .text.Setup0_Process
                0x00000000080052c4      0x2bc build/usb_lib/usb_core.o
                0x00000000080052c4                Setup0_Process
 .text.Out0_Process
                0x0000000008005580       0xc0 build/usb_lib/usb_core.o
                0x0000000008005580                Out0_Process
 .text.SetDeviceAddress
                0x0000000008005640       0x38 build/usb_lib/usb_core.o
                0x0000000008005640                SetDeviceAddress
 .text.In0_Process
                0x0000000008005678       0x5c build/usb_lib/usb_core.o
                0x0000000008005678                In0_Process
 .text.UserToPMABufferCopy
                0x00000000080056d4       0x1e build/usb_lib/usb_mem.o
                0x00000000080056d4                UserToPMABufferCopy
 .text.PMAToUserBufferCopy
                0x00000000080056f2       0x24 build/usb_lib/usb_mem.o
                0x00000000080056f2                PMAToUserBufferCopy
 .text.memcpy   0x0000000008005716       0x16 /usr/bin/../lib/gcc/arm-none-eabi/7.3.1/../../../../arm-none-eabi/lib/thumb/v7-m/libc_nano.a(lib_a-memcpy-stub.o)
                0x0000000008005716                memcpy
 .text.memset   0x000000000800572c       0x10 /usr/bin/../lib/gcc/arm-none-eabi/7.3.1/../../../../arm-none-eabi/lib/thumb/v7-m/libc_nano.a(lib_a-memset.o)
                0x000000000800572c                memset
 .text.sprintf  0x000000000800573c       0x40 /usr/bin/../lib/gcc/arm-none-eabi/7.3.1/../../../../arm-none-eabi/lib/thumb/v7-m/libc_nano.a(lib_a-sprintf.o)
                0x000000000800573c                sprintf
                0x000000000800573c                siprintf
 .text._vsprintf_r
                0x000000000800577c       0x2c /usr/bin/../lib/gcc/arm-none-eabi/7.3.1/../../../../arm-none-eabi/lib/thumb/v7-m/libc_nano.a(lib_a-vsprintf.o)
                0x000000000800577c                _vsiprintf_r
                0x000000000800577c                _vsprintf_r
 .text.vsprintf
                0x00000000080057a8       0x14 /usr/bin/../lib/gcc/arm-none-eabi/7.3.1/../../../../arm-none-eabi/lib/thumb/v7-m/libc_nano.a(lib_a-vsprintf.o)
                0x00000000080057a8                vsprintf
                0x00000000080057a8                vsiprintf
 .text.__ssputs_r
                0x00000000080057bc       0xb4 /usr/bin/../lib/gcc/arm-none-eabi/7.3.1/../../../../arm-none-eabi/lib/thumb/v7-m/libc_nano.a(lib_a-nano-svfprintf.o)
                0x00000000080057bc                __ssputs_r
 .text._svfprintf_r
                0x0000000008005870      0x1f0 /usr/bin/../lib/gcc/arm-none-eabi/7.3.1/../../../../arm-none-eabi/lib/thumb/v7-m/libc_nano.a(lib_a-nano-svfprintf.o)
                0x0000000008005870                _svfprintf_r
                0x0000000008005870                _svfiprintf_r
 .text._printf_common
                0x0000000008005a60       0xec /usr/bin/../lib/gcc/arm-none-eabi/7.3.1/../../../../arm-none-eabi/lib/thumb/v7-m/libc_nano.a(lib_a-nano-vfprintf_i.o)
                0x0000000008005a60                _printf_common
 .text._printf_i
                0x0000000008005b4c      0x224 /usr/bin/../lib/gcc/arm-none-eabi/7.3.1/../../../../arm-none-eabi/lib/thumb/v7-m/libc_nano.a(lib_a-nano-vfprintf_i.o)
                0x0000000008005b4c                _printf_i
 .text.memchr   0x0000000008005d70       0x1c /usr/bin/../lib/gcc/arm-none-eabi/7.3.1/../../../../arm-none-eabi/lib/thumb/v7-m/libc_nano.a(lib_a-memchr-stub.o)
                0x0000000008005d70                memchr
 .text.memmove  0x0000000008005d8c       0x32 /usr/bin/../lib/gcc/arm-none-eabi/7.3.1/../../../../arm-none-eabi/lib/thumb/v7-m/libc_nano.a(lib_a-memmove.o)
                0x0000000008005d8c                memmove
 *fill*         0x0000000008005dbe        0x2 
 .text._free_r  0x0000000008005dc0       0x98 /usr/bin/../lib/gcc/arm-none-eabi/7.3.1/../../../../arm-none-eabi/lib/thumb/v7-m/libc_nano.a(lib_a-nano-freer.o)
                0x0000000008005dc0                _free_r
 .text._malloc_r
                0x0000000008005e58       0xb4 /usr/bin/../lib/gcc/arm-none-eabi/7.3.1/../../../../arm-none-eabi/lib/thumb/v7-m/libc_nano.a(lib_a-nano-mallocr.o)
                0x0000000008005e58                _malloc_r
 .text._realloc_r
                0x0000000008005f0c       0x4c /usr/bin/../lib/gcc/arm-none-eabi/7.3.1/../../../../arm-none-eabi/lib/thumb/v7-m/libc_nano.a(lib_a-nano-reallocr.o)
                0x0000000008005f0c                _realloc_r
 .text._sbrk_r  0x0000000008005f58       0x20 /usr/bin/../lib/gcc/arm-none-eabi/7.3.1/../../../../arm-none-eabi/lib/thumb/v7-m/libc_nano.a(lib_a-sbrkr.o)
                0x0000000008005f58                _sbrk_r
 .text.__malloc_lock
                0x0000000008005f78        0x2 /usr/bin/../lib/gcc/arm-none-eabi/7.3.1/../../../../arm-none-eabi/lib/thumb/v7-m/libc_nano.a(lib_a-mlock.o)
                0x0000000008005f78                __malloc_lock
 .text.__malloc_unlock
                0x0000000008005f7a        0x2 /usr/bin/../lib/gcc/arm-none-eabi/7.3.1/../../../../arm-none-eabi/lib/thumb/v7-m/libc_nano.a(lib_a-mlock.o)
                0x0000000008005f7a                __malloc_unlock
 .text._malloc_usable_size_r
                0x0000000008005f7c       0x10 /usr/bin/../lib/gcc/arm-none-eabi/7.3.1/../../../../arm-none-eabi/lib/thumb/v7-m/libc_nano.a(lib_a-nano-msizer.o)
                0x0000000008005f7c                _malloc_usable_size_r
 .text._sbrk    0x0000000008005f8c       0x1c /usr/bin/../lib/gcc/arm-none-eabi/7.3.1/../../../../arm-none-eabi/lib/thumb/v7-m/libnosys.a(sbrk.o)
                0x0000000008005f8c                _sbrk
 *(.rodata)
 *(.rodata*)
 .rodata.main.str1.1
                0x0000000008005fa8       0xeb build/main.o
 .rodata.print_bootheader.str1.1
                0x0000000008006093      0x1c7 build/main.o
 .rodata.transmit_publickey_data.str1.1
                0x000000000800625a       0x6a build/main.o
 .rodata.hexdump.str1.1
                0x00000000080062c4       0x11 build/hardware.o
                                         0x13 (size before relaxing)
 .rodata.print_hex.str1.1
                0x00000000080062d5        0xa build/hardware.o
                                          0xc (size before relaxing)
 .rodata.dfuUpdateByRequest.str1.1
                0x00000000080062df       0x48 build/dfu.o
 .rodata.ed25519_base
                0x0000000008006327       0x80 build/25519/ed25519.o
                0x0000000008006327                ed25519_base
 .rodata.ed25519_d
                0x00000000080063a7       0x20 build/25519/ed25519.o
 .rodata.ed25519_k
                0x00000000080063c7       0x20 build/25519/ed25519.o
 .rodata.ed25519_neutral
                0x00000000080063e7       0x80 build/25519/ed25519.o
                0x00000000080063e7                ed25519_neutral
 *fill*         0x0000000008006467        0x1 
 .rodata.round_k
                0x0000000008006468      0x280 build/25519/sha512.o
 .rodata.sha512_initial_state
                0x00000000080066e8       0x40 build/25519/sha512.o
                0x00000000080066e8                sha512_initial_state
 .rodata.ed25519_order
                0x0000000008006728       0x20 build/25519/edsign.o
 .rodata.f25519_one
                0x0000000008006748       0x20 build/25519/f25519.o
                0x0000000008006748                f25519_one
 .rodata.base64_encode_value.str1.1
                0x0000000008006768       0x41 build/base64/cencode.o
 .rodata.imageCheckFromAddress.str1.1
                0x00000000080067a9       0xb6 build/image.o
                                         0xcb (size before relaxing)
 .rodata._svfprintf_r.str1.1
                0x000000000800685f       0x11 /usr/bin/../lib/gcc/arm-none-eabi/7.3.1/../../../../arm-none-eabi/lib/thumb/v7-m/libc_nano.a(lib_a-nano-svfprintf.o)
 .rodata._printf_i.str1.1
                0x0000000008006870       0x22 /usr/bin/../lib/gcc/arm-none-eabi/7.3.1/../../../../arm-none-eabi/lib/thumb/v7-m/libc_nano.a(lib_a-nano-vfprintf_i.o)
 *(.glue_7)
 .glue_7        0x0000000008006892        0x0 linker stubs
 *(.glue_7t)
 .glue_7t       0x0000000008006892        0x0 linker stubs
                0x0000000008006894                . = ALIGN (0x4)
 *fill*         0x0000000008006892        0x2 
                0x0000000008006894                _etext = .
                0x0000000008006894                _sidata = _etext

.vfp11_veneer   0x0000000008006894        0x0
 .vfp11_veneer  0x0000000008006894        0x0 linker stubs

.v4_bx          0x0000000008006894        0x0
 .v4_bx         0x0000000008006894        0x0 linker stubs

.iplt           0x0000000008006894        0x0
 .iplt          0x0000000008006894        0x0 build/stm32_lib/c_only_startup.o

.rel.dyn        0x0000000008006894        0x0
 .rel.iplt      0x0000000008006894        0x0 build/stm32_lib/c_only_startup.o

.data           0x0000000020000000      0x488 load address 0x0000000008006894
                0x0000000020000000                . = ALIGN (0x4)
                0x0000000020000000                _sdata = .
 *(.data)
 .data          0x0000000020000000        0x0 build/stm32_lib/c_only_startup.o
 .data          0x0000000020000000        0x0 build/stm32_lib/cortexm3_macro.o
 .data          0x0000000020000000        0x0 build/usb.o
 .data          0x0000000020000000        0x0 build/usb_callbacks.o
 .data          0x0000000020000000        0x0 build/usb_descriptor.o
 .data          0x0000000020000000        0x0 build/main.o
 .data          0x0000000020000000        0x0 build/hardware.o
 .data          0x0000000020000000        0x0 build/dfu.o
 .data          0x0000000020000000        0x0 build/25519/ed25519.o
 .data          0x0000000020000000        0x0 build/25519/sha512.o
 .data          0x0000000020000000        0x0 build/25519/morph25519.o
 .data          0x0000000020000000        0x0 build/25519/edsign.o
 .data          0x0000000020000000        0x0 build/25519/f25519.o
 .data          0x0000000020000000        0x0 build/25519/c25519.o
 .data          0x0000000020000000        0x0 build/25519/sha256.o
 .data          0x0000000020000000        0x0 build/25519/fprime.o
 .data          0x0000000020000000        0x0 build/base64/cdecode.o
 .data          0x0000000020000000        0x0 build/base64/cencode.o
 .data          0x0000000020000000        0x0 build/image.o
 .data          0x0000000020000000        0x0 build/usb_lib/usb_regs.o
 .data          0x0000000020000000        0x0 build/usb_lib/usb_int.o
 .data          0x0000000020000000        0x0 build/usb_lib/usb_init.o
 .data          0x0000000020000000        0x0 build/usb_lib/usb_core.o
 .data          0x0000000020000000        0x0 build/usb_lib/usb_mem.o
 .data          0x0000000020000000        0x0 /usr/bin/../lib/gcc/arm-none-eabi/7.3.1/../../../../arm-none-eabi/lib/thumb/v7-m/libc_nano.a(lib_a-memcpy-stub.o)
 .data          0x0000000020000000        0x0 /usr/bin/../lib/gcc/arm-none-eabi/7.3.1/../../../../arm-none-eabi/lib/thumb/v7-m/libc_nano.a(lib_a-memset.o)
 .data          0x0000000020000000        0x0 /usr/bin/../lib/gcc/arm-none-eabi/7.3.1/../../../../arm-none-eabi/lib/thumb/v7-m/libc_nano.a(lib_a-sprintf.o)
 .data          0x0000000020000000        0x0 /usr/bin/../lib/gcc/arm-none-eabi/7.3.1/../../../../arm-none-eabi/lib/thumb/v7-m/libc_nano.a(lib_a-strlen.o)
 .data          0x0000000020000000        0x0 /usr/bin/../lib/gcc/arm-none-eabi/7.3.1/../../../../arm-none-eabi/lib/thumb/v7-m/libc_nano.a(lib_a-vsprintf.o)
 .data          0x0000000020000000        0x0 /usr/bin/../lib/gcc/arm-none-eabi/7.3.1/../../../../arm-none-eabi/lib/thumb/v7-m/libc_nano.a(lib_a-impure.o)
 .data          0x0000000020000000        0x0 /usr/bin/../lib/gcc/arm-none-eabi/7.3.1/../../../../arm-none-eabi/lib/thumb/v7-m/libc_nano.a(lib_a-nano-svfprintf.o)
 .data          0x0000000020000000        0x0 /usr/bin/../lib/gcc/arm-none-eabi/7.3.1/../../../../arm-none-eabi/lib/thumb/v7-m/libc_nano.a(lib_a-nano-vfprintf_i.o)
 .data          0x0000000020000000        0x0 /usr/bin/../lib/gcc/arm-none-eabi/7.3.1/../../../../arm-none-eabi/lib/thumb/v7-m/libc_nano.a(lib_a-memchr-stub.o)
 .data          0x0000000020000000        0x0 /usr/bin/../lib/gcc/arm-none-eabi/7.3.1/../../../../arm-none-eabi/lib/thumb/v7-m/libc_nano.a(lib_a-memmove.o)
 .data          0x0000000020000000        0x0 /usr/bin/../lib/gcc/arm-none-eabi/7.3.1/../../../../arm-none-eabi/lib/thumb/v7-m/libc_nano.a(lib_a-nano-freer.o)
 .data          0x0000000020000000        0x0 /usr/bin/../lib/gcc/arm-none-eabi/7.3.1/../../../../arm-none-eabi/lib/thumb/v7-m/libc_nano.a(lib_a-nano-mallocr.o)
 .data          0x0000000020000000        0x0 /usr/bin/../lib/gcc/arm-none-eabi/7.3.1/../../../../arm-none-eabi/lib/thumb/v7-m/libc_nano.a(lib_a-nano-reallocr.o)
 .data          0x0000000020000000        0x0 /usr/bin/../lib/gcc/arm-none-eabi/7.3.1/../../../../arm-none-eabi/lib/thumb/v7-m/libc_nano.a(lib_a-sbrkr.o)
 .data          0x0000000020000000        0x0 /usr/bin/../lib/gcc/arm-none-eabi/7.3.1/../../../../arm-none-eabi/lib/thumb/v7-m/libc_nano.a(lib_a-mlock.o)
 .data          0x0000000020000000        0x0 /usr/bin/../lib/gcc/arm-none-eabi/7.3.1/../../../../arm-none-eabi/lib/thumb/v7-m/libc_nano.a(lib_a-nano-msizer.o)
 .data          0x0000000020000000        0x0 /usr/bin/../lib/gcc/arm-none-eabi/7.3.1/../../../../arm-none-eabi/lib/thumb/v7-m/libc_nano.a(lib_a-reent.o)
 .data          0x0000000020000000        0x0 ./libstm32fw.a(stm32f10x_gpio.o)
 .data          0x0000000020000000       0x14 ./libstm32fw.a(stm32f10x_rcc.o)
 .data          0x0000000020000014        0x0 ./libstm32fw.a(stm32f10x_usart.o)
 .data          0x0000000020000014        0x0 /usr/bin/../lib/gcc/arm-none-eabi/7.3.1/../../../../arm-none-eabi/lib/thumb/v7-m/libnosys.a(sbrk.o)
 *(.data.*)
 .data.Device_Property
                0x0000000020000014       0x34 build/usb.o
                0x0000000020000014                Device_Property
 .data.Device_Table
                0x0000000020000048        0x2 build/usb.o
                0x0000000020000048                Device_Table
 *fill*         0x000000002000004a        0x2 
 .data.User_Standard_Requests
                0x000000002000004c       0x24 build/usb.o
                0x000000002000004c                User_Standard_Requests
 .data.pEpInt_IN
                0x0000000020000070       0x1c build/usb.o
                0x0000000020000070                pEpInt_IN
 .data.pEpInt_OUT
                0x000000002000008c       0x1c build/usb.o
                0x000000002000008c                pEpInt_OUT
 .data.u8_usbConfigDescriptorDFU
                0x00000000200000a8       0x2d build/usb_descriptor.o
                0x00000000200000a8                u8_usbConfigDescriptorDFU
 .data.u8_usbDeviceDescriptorDFU
                0x00000000200000d5       0x12 build/usb_descriptor.o
                0x00000000200000d5                u8_usbDeviceDescriptorDFU
 .data.u8_usbFunctionalDescriptor
                0x00000000200000e7        0x9 build/usb_descriptor.o
                0x00000000200000e7                u8_usbFunctionalDescriptor
 .data.u8_usbStringAlt0
                0x00000000200000f0       0x78 build/usb_descriptor.o
                0x00000000200000f0                u8_usbStringAlt0
 .data.u8_usbStringAlt1
                0x0000000020000168       0x64 build/usb_descriptor.o
                0x0000000020000168                u8_usbStringAlt1
 .data.u8_usbStringAlt2
                0x00000000200001cc       0x64 build/usb_descriptor.o
                0x00000000200001cc                u8_usbStringAlt2
 .data.u8_usbStringLangId
                0x0000000020000230        0x4 build/usb_descriptor.o
                0x0000000020000230                u8_usbStringLangId
 .data.u8_usbStringProduct
                0x0000000020000234       0x14 build/usb_descriptor.o
                0x0000000020000234                u8_usbStringProduct
 .data.u8_usbStringSerial
                0x0000000020000248       0x10 build/usb_descriptor.o
                0x0000000020000248                u8_usbStringSerial
 .data.u8_usbStringVendor
                0x0000000020000258       0x12 build/usb_descriptor.o
                0x0000000020000258                u8_usbStringVendor
 *fill*         0x000000002000026a        0x2 
 .data.usbConfigDescriptorDFU
                0x000000002000026c        0x8 build/usb_descriptor.o
                0x000000002000026c                usbConfigDescriptorDFU
 .data.usbDeviceDescriptorDFU
                0x0000000020000274        0x8 build/usb_descriptor.o
                0x0000000020000274                usbDeviceDescriptorDFU
 .data.usbFunctionalDescriptor
                0x000000002000027c        0x8 build/usb_descriptor.o
                0x000000002000027c                usbFunctionalDescriptor
 .data.usbStringDescriptor
                0x0000000020000284       0x38 build/usb_descriptor.o
                0x0000000020000284                usbStringDescriptor
 .data.userAppAddr
                0x00000000200002bc        0x4 build/dfu.o
 .data.userAppEnd
                0x00000000200002c0        0x4 build/dfu.o
 .data.k        0x00000000200002c4      0x100 build/25519/sha256.o
                0x00000000200002c4                k
 .data.sha256_padding
                0x00000000200003c4       0x40 build/25519/sha256.o
 .data.rootCA   0x0000000020000404       0x20 build/image.o
                0x0000000020000404                rootCA
 .data._impure_ptr
                0x0000000020000424        0x4 /usr/bin/../lib/gcc/arm-none-eabi/7.3.1/../../../../arm-none-eabi/lib/thumb/v7-m/libc_nano.a(lib_a-impure.o)
                0x0000000020000424                _impure_ptr
 .data.impure_data
                0x0000000020000428       0x60 /usr/bin/../lib/gcc/arm-none-eabi/7.3.1/../../../../arm-none-eabi/lib/thumb/v7-m/libc_nano.a(lib_a-impure.o)
                0x0000000020000488                . = ALIGN (0x4)
                0x0000000020000488                _edata = .

.igot.plt       0x0000000020000488        0x0 load address 0x0000000008006d1c
 .igot.plt      0x0000000020000488        0x0 build/stm32_lib/c_only_startup.o

.bss            0x0000000020000488      0x12c load address 0x0000000008006d1c
                0x0000000020000488                . = ALIGN (0x4)
                0x0000000020000488                _sbss = .
 *(.bss)
 *(COMMON)
 COMMON         0x0000000020000488        0x8 build/usb.o
                0x0000000020000488                wTransferSize
                0x000000002000048c                wIstr
                0x000000002000048e                ResumeS
 COMMON         0x0000000020000490       0xe5 build/dfu.o
                0x0000000020000490                input
                0x00000000200004ec                sha256sum
                0x000000002000050c                ctx
                0x0000000020000574                code_copy_lock
 *fill*         0x0000000020000575        0x1 
 COMMON         0x0000000020000576        0x4 build/usb_lib/usb_int.o
                0x0000000020000576                SaveRState
                0x0000000020000578                SaveTState
 *fill*         0x000000002000057a        0x2 
 COMMON         0x000000002000057c       0x32 build/usb_lib/usb_init.o
                0x000000002000057c                SaveState
                0x0000000020000580                pProperty
                0x0000000020000584                EPindex
                0x0000000020000588                Device_Info
                0x00000000200005a4                pUser_Standard_Requests
                0x00000000200005a8                pInformation
                0x00000000200005ac                wInterrupt_Mask
 COMMON         0x00000000200005ae        0x2 build/usb_lib/usb_core.o
                0x00000000200005ae                StatusInfo
 COMMON         0x00000000200005b0        0x4 /usr/bin/../lib/gcc/arm-none-eabi/7.3.1/../../../../arm-none-eabi/lib/thumb/v7-m/libc_nano.a(lib_a-reent.o)
                0x00000000200005b0                errno
                0x00000000200005b4                . = ALIGN (0x4)
                0x00000000200005b4                _ebss = .
                0x00000000200005b4                PROVIDE (end = _ebss)
                [!provide]                        PROVIDE (_end = _ebss)

.bss.bDeviceState
                0x00000000200005b4        0x4 load address 0x0000000008006e48
 .bss.bDeviceState
                0x00000000200005b4        0x4 build/usb.o
                0x00000000200005b4                bDeviceState

.bss.bIntPackSOF
                0x00000000200005b8        0x1 load address 0x0000000008006e4c
 .bss.bIntPackSOF
                0x00000000200005b8        0x1 build/usb.o
                0x00000000200005b8                bIntPackSOF

.bss.dfuAppStatus
                0x00000000200005b9        0x6 load address 0x0000000008006e4d
 .bss.dfuAppStatus
                0x00000000200005b9        0x6 build/dfu.o

.bss.dfuBusy    0x00000000200005bf        0x1 load address 0x0000000008006e53
 .bss.dfuBusy   0x00000000200005bf        0x1 build/dfu.o
                0x00000000200005bf                dfuBusy

.bss.recvBuffer
                0x00000000200005c0      0x800 load address 0x0000000008006e54
 .bss.recvBuffer
                0x00000000200005c0      0x800 build/dfu.o

.bss.thisBlockLen
                0x0000000020000dc0        0x2 load address 0x0000000008007654
 .bss.thisBlockLen
                0x0000000020000dc0        0x2 build/dfu.o

.bss.uploadBlockLen
                0x0000000020000dc2        0x2 load address 0x0000000008007656
 .bss.uploadBlockLen
                0x0000000020000dc2        0x2 build/dfu.o

.bss.userFirmwareLen
                0x0000000020000dc4        0x4 load address 0x0000000008007658
 .bss.userFirmwareLen
                0x0000000020000dc4        0x4 build/dfu.o

.bss.userUploadType
                0x0000000020000dc8        0x1 load address 0x000000000800765c
 .bss.userUploadType
                0x0000000020000dc8        0x1 build/dfu.o
                0x0000000020000dc8                userUploadType

.bss.Data_Mul_MaxPacketSize
                0x0000000020000dc9        0x1 load address 0x000000000800765d
 .bss.Data_Mul_MaxPacketSize
                0x0000000020000dc9        0x1 build/usb_lib/usb_core.o
                0x0000000020000dc9                Data_Mul_MaxPacketSize

.bss.__malloc_free_list
                0x0000000020000dcc        0x4 load address 0x0000000008007660
 .bss.__malloc_free_list
                0x0000000020000dcc        0x4 /usr/bin/../lib/gcc/arm-none-eabi/7.3.1/../../../../arm-none-eabi/lib/thumb/v7-m/libc_nano.a(lib_a-nano-mallocr.o)
                0x0000000020000dcc                __malloc_free_list

.bss.__malloc_sbrk_start
                0x0000000020000dd0        0x4 load address 0x0000000008007664
 .bss.__malloc_sbrk_start
                0x0000000020000dd0        0x4 /usr/bin/../lib/gcc/arm-none-eabi/7.3.1/../../../../arm-none-eabi/lib/thumb/v7-m/libc_nano.a(lib_a-nano-mallocr.o)
                0x0000000020000dd0                __malloc_sbrk_start

.bss.heap_end.4102
                0x0000000020000dd4        0x4 load address 0x0000000008007668
 .bss.heap_end.4102
                0x0000000020000dd4        0x4 /usr/bin/../lib/gcc/arm-none-eabi/7.3.1/../../../../arm-none-eabi/lib/thumb/v7-m/libnosys.a(sbrk.o)

._usrstack      0x0000000020000dd8      0x100 load address 0x000000000800766c
                0x0000000020000dd8                . = ALIGN (0x4)
                0x0000000020000dd8                _susrstack = .
                0x0000000020000ed8                . = (. + _Minimum_Stack_Size)
 *fill*         0x0000000020000dd8      0x100 
                0x0000000020000ed8                . = ALIGN (0x4)
                0x0000000020000ed8                _eusrstack = .

DISCARD
 libc.a(*)
 libm.a(*)
 libgcc.a(*)
 *(.ARM.exidx*)
 *(.gnu.linkonce.armexidx.*)

.stab
 *(.stab)

.stabstr
 *(.stabstr)

.stab.excl
 *(.stab.excl)

.stab.exclstr
 *(.stab.exclstr)

.stab.index
 *(.stab.index)

.stab.indexstr
 *(.stab.indexstr)

.comment        0x0000000000000000       0xef
 *(.comment)
 .comment       0x0000000000000000       0x7f build/usb.o
                                         0x80 (size before relaxing)
 .comment       0x000000000000007f       0x80 build/usb_callbacks.o
 .comment       0x000000000000007f       0x80 build/usb_descriptor.o
 .comment       0x000000000000007f       0x80 build/main.o
 .comment       0x000000000000007f       0x80 build/hardware.o
 .comment       0x000000000000007f       0x80 build/dfu.o
 .comment       0x000000000000007f       0x80 build/25519/ed25519.o
 .comment       0x000000000000007f       0x80 build/25519/sha512.o
 .comment       0x000000000000007f       0x80 build/25519/morph25519.o
 .comment       0x000000000000007f       0x80 build/25519/edsign.o
 .comment       0x000000000000007f       0x80 build/25519/f25519.o
 .comment       0x000000000000007f       0x80 build/25519/c25519.o
 .comment       0x000000000000007f       0x80 build/25519/sha256.o
 .comment       0x000000000000007f       0x80 build/25519/fprime.o
 .comment       0x000000000000007f       0x80 build/base64/cdecode.o
 .comment       0x000000000000007f       0x80 build/base64/cencode.o
 .comment       0x000000000000007f       0x80 build/image.o
 .comment       0x000000000000007f       0x80 build/usb_lib/usb_regs.o
 .comment       0x000000000000007f       0x80 build/usb_lib/usb_int.o
 .comment       0x000000000000007f       0x80 build/usb_lib/usb_init.o
 .comment       0x000000000000007f       0x80 build/usb_lib/usb_core.o
 .comment       0x000000000000007f       0x80 build/usb_lib/usb_mem.o
 .comment       0x000000000000007f       0x70 ./libstm32fw.a(stm32f10x_gpio.o)
                                         0x71 (size before relaxing)
 .comment       0x00000000000000ef       0x71 ./libstm32fw.a(stm32f10x_rcc.o)
 .comment       0x00000000000000ef       0x71 ./libstm32fw.a(stm32f10x_usart.o)

.ARM.attributes
                0x0000000000000000       0x2f
 .ARM.attributes
                0x0000000000000000       0x21 build/stm32_lib/c_only_startup.o
 .ARM.attributes
                0x0000000000000021       0x21 build/stm32_lib/cortexm3_macro.o
 .ARM.attributes
                0x0000000000000042       0x33 build/usb.o
 .ARM.attributes
                0x0000000000000075       0x33 build/usb_callbacks.o
 .ARM.attributes
                0x00000000000000a8       0x33 build/usb_descriptor.o
 .ARM.attributes
                0x00000000000000db       0x33 build/main.o
 .ARM.attributes
                0x000000000000010e       0x33 build/hardware.o
 .ARM.attributes
                0x0000000000000141       0x33 build/dfu.o
 .ARM.attributes
                0x0000000000000174       0x33 build/25519/ed25519.o
 .ARM.attributes
                0x00000000000001a7       0x33 build/25519/sha512.o
 .ARM.attributes
                0x00000000000001da       0x33 build/25519/morph25519.o
 .ARM.attributes
                0x000000000000020d       0x33 build/25519/edsign.o
 .ARM.attributes
                0x0000000000000240       0x33 build/25519/f25519.o
 .ARM.attributes
                0x0000000000000273       0x33 build/25519/c25519.o
 .ARM.attributes
                0x00000000000002a6       0x33 build/25519/sha256.o
 .ARM.attributes
                0x00000000000002d9       0x33 build/25519/fprime.o
 .ARM.attributes
                0x000000000000030c       0x33 build/base64/cdecode.o
 .ARM.attributes
                0x000000000000033f       0x33 build/base64/cencode.o
 .ARM.attributes
                0x0000000000000372       0x33 build/image.o
 .ARM.attributes
                0x00000000000003a5       0x33 build/usb_lib/usb_regs.o
 .ARM.attributes
                0x00000000000003d8       0x33 build/usb_lib/usb_int.o
 .ARM.attributes
                0x000000000000040b       0x33 build/usb_lib/usb_init.o
 .ARM.attributes
                0x000000000000043e       0x33 build/usb_lib/usb_core.o
 .ARM.attributes
                0x0000000000000471       0x33 build/usb_lib/usb_mem.o
 .ARM.attributes
                0x00000000000004a4       0x2d /usr/bin/../lib/gcc/arm-none-eabi/7.3.1/../../../../arm-none-eabi/lib/thumb/v7-m/libc_nano.a(lib_a-memcpy-stub.o)
 .ARM.attributes
                0x00000000000004d1       0x2d /usr/bin/../lib/gcc/arm-none-eabi/7.3.1/../../../../arm-none-eabi/lib/thumb/v7-m/libc_nano.a(lib_a-memset.o)
 .ARM.attributes
                0x00000000000004fe       0x2d /usr/bin/../lib/gcc/arm-none-eabi/7.3.1/../../../../arm-none-eabi/lib/thumb/v7-m/libc_nano.a(lib_a-sprintf.o)
 .ARM.attributes
                0x000000000000052b       0x17 /usr/bin/../lib/gcc/arm-none-eabi/7.3.1/../../../../arm-none-eabi/lib/thumb/v7-m/libc_nano.a(lib_a-strlen.o)
 .ARM.attributes
                0x0000000000000542       0x2d /usr/bin/../lib/gcc/arm-none-eabi/7.3.1/../../../../arm-none-eabi/lib/thumb/v7-m/libc_nano.a(lib_a-vsprintf.o)
 .ARM.attributes
                0x000000000000056f       0x2d /usr/bin/../lib/gcc/arm-none-eabi/7.3.1/../../../../arm-none-eabi/lib/thumb/v7-m/libc_nano.a(lib_a-impure.o)
 .ARM.attributes
                0x000000000000059c       0x2d /usr/bin/../lib/gcc/arm-none-eabi/7.3.1/../../../../arm-none-eabi/lib/thumb/v7-m/libc_nano.a(lib_a-nano-svfprintf.o)
 .ARM.attributes
                0x00000000000005c9       0x2d /usr/bin/../lib/gcc/arm-none-eabi/7.3.1/../../../../arm-none-eabi/lib/thumb/v7-m/libc_nano.a(lib_a-nano-vfprintf_i.o)
 .ARM.attributes
                0x00000000000005f6       0x2d /usr/bin/../lib/gcc/arm-none-eabi/7.3.1/../../../../arm-none-eabi/lib/thumb/v7-m/libc_nano.a(lib_a-memchr-stub.o)
 .ARM.attributes
                0x0000000000000623       0x2d /usr/bin/../lib/gcc/arm-none-eabi/7.3.1/../../../../arm-none-eabi/lib/thumb/v7-m/libc_nano.a(lib_a-memmove.o)
 .ARM.attributes
                0x0000000000000650       0x2d /usr/bin/../lib/gcc/arm-none-eabi/7.3.1/../../../../arm-none-eabi/lib/thumb/v7-m/libc_nano.a(lib_a-nano-freer.o)
 .ARM.attributes
                0x000000000000067d       0x2d /usr/bin/../lib/gcc/arm-none-eabi/7.3.1/../../../../arm-none-eabi/lib/thumb/v7-m/libc_nano.a(lib_a-nano-mallocr.o)
 .ARM.attributes
                0x00000000000006aa       0x2d /usr/bin/../lib/gcc/arm-none-eabi/7.3.1/../../../../arm-none-eabi/lib/thumb/v7-m/libc_nano.a(lib_a-nano-reallocr.o)
 .ARM.attributes
                0x00000000000006d7       0x2d /usr/bin/../lib/gcc/arm-none-eabi/7.3.1/../../../../arm-none-eabi/lib/thumb/v7-m/libc_nano.a(lib_a-sbrkr.o)
 .ARM.attributes
                0x0000000000000704       0x2d /usr/bin/../lib/gcc/arm-none-eabi/7.3.1/../../../../arm-none-eabi/lib/thumb/v7-m/libc_nano.a(lib_a-mlock.o)
 .ARM.attributes
                0x0000000000000731       0x2d /usr/bin/../lib/gcc/arm-none-eabi/7.3.1/../../../../arm-none-eabi/lib/thumb/v7-m/libc_nano.a(lib_a-nano-msizer.o)
 .ARM.attributes
                0x000000000000075e       0x2d /usr/bin/../lib/gcc/arm-none-eabi/7.3.1/../../../../arm-none-eabi/lib/thumb/v7-m/libc_nano.a(lib_a-reent.o)
 .ARM.attributes
                0x000000000000078b       0x33 ./libstm32fw.a(stm32f10x_gpio.o)
 .ARM.attributes
                0x00000000000007be       0x33 ./libstm32fw.a(stm32f10x_rcc.o)
 .ARM.attributes
                0x00000000000007f1       0x33 ./libstm32fw.a(stm32f10x_usart.o)
 .ARM.attributes
                0x0000000000000824       0x2d /usr/bin/../lib/gcc/arm-none-eabi/7.3.1/../../../../arm-none-eabi/lib/thumb/v7-m/libnosys.a(sbrk.o)

.debug
 *(.debug)

.line
 *(.line)

.debug_srcinfo
 *(.debug_srcinfo)

.debug_sfnames
 *(.debug_sfnames)

.debug_aranges  0x0000000000000000      0x8b0
 *(.debug_aranges)
 .debug_aranges
                0x0000000000000000       0x28 build/stm32_lib/c_only_startup.o
 .debug_aranges
                0x0000000000000028       0x20 build/stm32_lib/cortexm3_macro.o
 .debug_aranges
                0x0000000000000048       0xd8 build/usb.o
 .debug_aranges
                0x0000000000000120       0x18 build/usb_descriptor.o
 .debug_aranges
                0x0000000000000138       0x30 build/main.o
 .debug_aranges
                0x0000000000000168      0x128 build/hardware.o
 .debug_aranges
                0x0000000000000290       0x88 build/dfu.o
 .debug_aranges
                0x0000000000000318       0x50 build/25519/ed25519.o
 .debug_aranges
                0x0000000000000368       0x38 build/25519/sha512.o
 .debug_aranges
                0x00000000000003a0       0x28 build/25519/morph25519.o
 .debug_aranges
                0x00000000000003c8       0x48 build/25519/edsign.o
 .debug_aranges
                0x0000000000000410       0x80 build/25519/f25519.o
 .debug_aranges
                0x0000000000000490       0x28 build/25519/c25519.o
 .debug_aranges
                0x00000000000004b8       0x40 build/25519/sha256.o
 .debug_aranges
                0x00000000000004f8       0x80 build/25519/fprime.o
 .debug_aranges
                0x0000000000000578       0x30 build/base64/cdecode.o
 .debug_aranges
                0x00000000000005a8       0x38 build/base64/cencode.o
 .debug_aranges
                0x00000000000005e0       0x28 build/image.o
 .debug_aranges
                0x0000000000000608      0x1a0 build/usb_lib/usb_regs.o
 .debug_aranges
                0x00000000000007a8       0x28 build/usb_lib/usb_int.o
 .debug_aranges
                0x00000000000007d0       0x20 build/usb_lib/usb_init.o
 .debug_aranges
                0x00000000000007f0       0x98 build/usb_lib/usb_core.o
 .debug_aranges
                0x0000000000000888       0x28 build/usb_lib/usb_mem.o

.debug_pubnames
 *(.debug_pubnames)

.debug_info     0x0000000000000000    0x14171
 *(.debug_info .gnu.linkonce.wi.*)
 .debug_info    0x0000000000000000       0x22 build/stm32_lib/c_only_startup.o
 .debug_info    0x0000000000000022       0x26 build/stm32_lib/cortexm3_macro.o
 .debug_info    0x0000000000000048     0x169e build/usb.o
 .debug_info    0x00000000000016e6      0xebe build/usb_descriptor.o
 .debug_info    0x00000000000025a4     0x168b build/main.o
 .debug_info    0x0000000000003c2f     0x2225 build/hardware.o
 .debug_info    0x0000000000005e54     0x14c7 build/dfu.o
 .debug_info    0x000000000000731b     0x1647 build/25519/ed25519.o
 .debug_info    0x0000000000008962      0xee7 build/25519/sha512.o
 .debug_info    0x0000000000009849      0xdd9 build/25519/morph25519.o
 .debug_info    0x000000000000a622     0x1484 build/25519/edsign.o
 .debug_info    0x000000000000baa6     0x11e1 build/25519/f25519.o
 .debug_info    0x000000000000cc87     0x107e build/25519/c25519.o
 .debug_info    0x000000000000dd05      0xc79 build/25519/sha256.o
 .debug_info    0x000000000000e97e     0x1133 build/25519/fprime.o
 .debug_info    0x000000000000fab1      0x1d8 build/base64/cdecode.o
 .debug_info    0x000000000000fc89      0x278 build/base64/cencode.o
 .debug_info    0x000000000000ff01     0x1507 build/image.o
 .debug_info    0x0000000000011408      0xfb5 build/usb_lib/usb_regs.o
 .debug_info    0x00000000000123bd      0x5d7 build/usb_lib/usb_int.o
 .debug_info    0x0000000000012994      0x495 build/usb_lib/usb_init.o
 .debug_info    0x0000000000012e29      0xe14 build/usb_lib/usb_core.o
 .debug_info    0x0000000000013c3d      0x534 build/usb_lib/usb_mem.o

.debug_abbrev   0x0000000000000000     0x3b77
 *(.debug_abbrev)
 .debug_abbrev  0x0000000000000000       0x12 build/stm32_lib/c_only_startup.o
 .debug_abbrev  0x0000000000000012       0x14 build/stm32_lib/cortexm3_macro.o
 .debug_abbrev  0x0000000000000026      0x4a1 build/usb.o
 .debug_abbrev  0x00000000000004c7      0x1fa build/usb_descriptor.o
 .debug_abbrev  0x00000000000006c1      0x2f2 build/main.o
 .debug_abbrev  0x00000000000009b3      0x4fa build/hardware.o
 .debug_abbrev  0x0000000000000ead      0x405 build/dfu.o
 .debug_abbrev  0x00000000000012b2      0x346 build/25519/ed25519.o
 .debug_abbrev  0x00000000000015f8      0x327 build/25519/sha512.o
 .debug_abbrev  0x000000000000191f      0x2c5 build/25519/morph25519.o
 .debug_abbrev  0x0000000000001be4      0x33d build/25519/edsign.o
 .debug_abbrev  0x0000000000001f21      0x313 build/25519/f25519.o
 .debug_abbrev  0x0000000000002234      0x2d7 build/25519/c25519.o
 .debug_abbrev  0x000000000000250b      0x2d5 build/25519/sha256.o
 .debug_abbrev  0x00000000000027e0      0x338 build/25519/fprime.o
 .debug_abbrev  0x0000000000002b18      0x128 build/base64/cdecode.o
 .debug_abbrev  0x0000000000002c40      0x12d build/base64/cencode.o
 .debug_abbrev  0x0000000000002d6d      0x367 build/image.o
 .debug_abbrev  0x00000000000030d4      0x2a4 build/usb_lib/usb_regs.o
 .debug_abbrev  0x0000000000003378      0x182 build/usb_lib/usb_int.o
 .debug_abbrev  0x00000000000034fa      0x118 build/usb_lib/usb_init.o
 .debug_abbrev  0x0000000000003612      0x419 build/usb_lib/usb_core.o
 .debug_abbrev  0x0000000000003a2b      0x14c build/usb_lib/usb_mem.o

.debug_line     0x0000000000000000     0x3699
 *(.debug_line)
 .debug_line    0x0000000000000000       0x75 build/stm32_lib/c_only_startup.o
 .debug_line    0x0000000000000075       0xa6 build/stm32_lib/cortexm3_macro.o
 .debug_line    0x000000000000011b      0x3dd build/usb.o
 .debug_line    0x00000000000004f8        0x0 build/usb_callbacks.o
 .debug_line    0x00000000000004f8      0x12e build/usb_descriptor.o
 .debug_line    0x0000000000000626      0x2cc build/main.o
 .debug_line    0x00000000000008f2      0x606 build/hardware.o
 .debug_line    0x0000000000000ef8      0x3ce build/dfu.o
 .debug_line    0x00000000000012c6      0x273 build/25519/ed25519.o
 .debug_line    0x0000000000001539      0x348 build/25519/sha512.o
 .debug_line    0x0000000000001881      0x13f build/25519/morph25519.o
 .debug_line    0x00000000000019c0      0x232 build/25519/edsign.o
 .debug_line    0x0000000000001bf2      0x3ed build/25519/f25519.o
 .debug_line    0x0000000000001fdf      0x1da build/25519/c25519.o
 .debug_line    0x00000000000021b9      0x2ab build/25519/sha256.o
 .debug_line    0x0000000000002464      0x3cc build/25519/fprime.o
 .debug_line    0x0000000000002830       0xca build/base64/cdecode.o
 .debug_line    0x00000000000028fa       0xe2 build/base64/cencode.o
 .debug_line    0x00000000000029dc      0x26f build/image.o
 .debug_line    0x0000000000002c4b      0x4a5 build/usb_lib/usb_regs.o
 .debug_line    0x00000000000030f0       0xda build/usb_lib/usb_int.o
 .debug_line    0x00000000000031ca       0x83 build/usb_lib/usb_init.o
 .debug_line    0x000000000000324d      0x399 build/usb_lib/usb_core.o
 .debug_line    0x00000000000035e6       0xb3 build/usb_lib/usb_mem.o

.debug_frame    0x0000000000000000     0x1c3c
 *(.debug_frame)
 .debug_frame   0x0000000000000000      0x2d4 build/usb.o
 .debug_frame   0x00000000000002d4       0x80 build/main.o
 .debug_frame   0x0000000000000354      0x3a0 build/hardware.o
 .debug_frame   0x00000000000006f4      0x154 build/dfu.o
 .debug_frame   0x0000000000000848      0x138 build/25519/ed25519.o
 .debug_frame   0x0000000000000980       0xb8 build/25519/sha512.o
 .debug_frame   0x0000000000000a38       0x64 build/25519/morph25519.o
 .debug_frame   0x0000000000000a9c      0x110 build/25519/edsign.o
 .debug_frame   0x0000000000000bac      0x1d0 build/25519/f25519.o
 .debug_frame   0x0000000000000d7c       0x74 build/25519/c25519.o
 .debug_frame   0x0000000000000df0       0xcc build/25519/sha256.o
 .debug_frame   0x0000000000000ebc      0x1d8 build/25519/fprime.o
 .debug_frame   0x0000000000001094       0x5c build/base64/cdecode.o
 .debug_frame   0x00000000000010f0       0x78 build/base64/cencode.o
 .debug_frame   0x0000000000001168       0x60 build/image.o
 .debug_frame   0x00000000000011c8      0x3d8 build/usb_lib/usb_regs.o
 .debug_frame   0x00000000000015a0       0x5c build/usb_lib/usb_int.o
 .debug_frame   0x00000000000015fc       0x20 build/usb_lib/usb_init.o
 .debug_frame   0x000000000000161c      0x21c build/usb_lib/usb_core.o
 .debug_frame   0x0000000000001838       0x3c build/usb_lib/usb_mem.o
 .debug_frame   0x0000000000001874       0x28 /usr/bin/../lib/gcc/arm-none-eabi/7.3.1/../../../../arm-none-eabi/lib/thumb/v7-m/libc_nano.a(lib_a-memcpy-stub.o)
 .debug_frame   0x000000000000189c       0x20 /usr/bin/../lib/gcc/arm-none-eabi/7.3.1/../../../../arm-none-eabi/lib/thumb/v7-m/libc_nano.a(lib_a-memset.o)
 .debug_frame   0x00000000000018bc       0x6c /usr/bin/../lib/gcc/arm-none-eabi/7.3.1/../../../../arm-none-eabi/lib/thumb/v7-m/libc_nano.a(lib_a-sprintf.o)
 .debug_frame   0x0000000000001928       0x3c /usr/bin/../lib/gcc/arm-none-eabi/7.3.1/../../../../arm-none-eabi/lib/thumb/v7-m/libc_nano.a(lib_a-vsprintf.o)
 .debug_frame   0x0000000000001964       0x90 /usr/bin/../lib/gcc/arm-none-eabi/7.3.1/../../../../arm-none-eabi/lib/thumb/v7-m/libc_nano.a(lib_a-nano-svfprintf.o)
 .debug_frame   0x00000000000019f4       0x60 /usr/bin/../lib/gcc/arm-none-eabi/7.3.1/../../../../arm-none-eabi/lib/thumb/v7-m/libc_nano.a(lib_a-nano-vfprintf_i.o)
 .debug_frame   0x0000000000001a54       0x28 /usr/bin/../lib/gcc/arm-none-eabi/7.3.1/../../../../arm-none-eabi/lib/thumb/v7-m/libc_nano.a(lib_a-memchr-stub.o)
 .debug_frame   0x0000000000001a7c       0x28 /usr/bin/../lib/gcc/arm-none-eabi/7.3.1/../../../../arm-none-eabi/lib/thumb/v7-m/libc_nano.a(lib_a-memmove.o)
 .debug_frame   0x0000000000001aa4       0x38 /usr/bin/../lib/gcc/arm-none-eabi/7.3.1/../../../../arm-none-eabi/lib/thumb/v7-m/libc_nano.a(lib_a-nano-freer.o)
 .debug_frame   0x0000000000001adc       0x2c /usr/bin/../lib/gcc/arm-none-eabi/7.3.1/../../../../arm-none-eabi/lib/thumb/v7-m/libc_nano.a(lib_a-nano-mallocr.o)
 .debug_frame   0x0000000000001b08       0x3c /usr/bin/../lib/gcc/arm-none-eabi/7.3.1/../../../../arm-none-eabi/lib/thumb/v7-m/libc_nano.a(lib_a-nano-reallocr.o)
 .debug_frame   0x0000000000001b44       0x2c /usr/bin/../lib/gcc/arm-none-eabi/7.3.1/../../../../arm-none-eabi/lib/thumb/v7-m/libc_nano.a(lib_a-sbrkr.o)
 .debug_frame   0x0000000000001b70       0x30 /usr/bin/../lib/gcc/arm-none-eabi/7.3.1/../../../../arm-none-eabi/lib/thumb/v7-m/libc_nano.a(lib_a-mlock.o)
 .debug_frame   0x0000000000001ba0       0x20 /usr/bin/../lib/gcc/arm-none-eabi/7.3.1/../../../../arm-none-eabi/lib/thumb/v7-m/libc_nano.a(lib_a-nano-msizer.o)
 .debug_frame   0x0000000000001bc0       0x5c /usr/bin/../lib/gcc/arm-none-eabi/7.3.1/../../../../arm-none-eabi/lib/thumb/v7-m/libc_nano.a(lib_a-reent.o)
 .debug_frame   0x0000000000001c1c       0x20 /usr/bin/../lib/gcc/arm-none-eabi/7.3.1/../../../../arm-none-eabi/lib/thumb/v7-m/libnosys.a(sbrk.o)

.debug_str      0x0000000000000000     0x2a25
 *(.debug_str)
 .debug_str     0x0000000000000000       0x73 build/stm32_lib/c_only_startup.o
 .debug_str     0x0000000000000073       0x1d build/stm32_lib/cortexm3_macro.o
                                         0x75 (size before relaxing)
 .debug_str     0x0000000000000090      0xddc build/usb.o
                                        0xffe (size before relaxing)
 .debug_str     0x0000000000000e6c       0x10 build/usb_callbacks.o
                                         0xf8 (size before relaxing)
 .debug_str     0x0000000000000e7c       0xc1 build/usb_descriptor.o
                                        0xb3e (size before relaxing)
 .debug_str     0x0000000000000f3d      0x2c9 build/main.o
                                        0xd90 (size before relaxing)
 .debug_str     0x0000000000001206      0x6f6 build/hardware.o
                                       0x1377 (size before relaxing)
 .debug_str     0x00000000000018fc      0x245 build/dfu.o
                                        0xedf (size before relaxing)
 .debug_str     0x0000000000001b41      0x17f build/25519/ed25519.o
                                        0x708 (size before relaxing)
 .debug_str     0x0000000000001cc0       0xa9 build/25519/sha512.o
                                        0x665 (size before relaxing)
 .debug_str     0x0000000000001d69       0x55 build/25519/morph25519.o
                                        0x65e (size before relaxing)
 .debug_str     0x0000000000001dbe      0x100 build/25519/edsign.o
                                        0x7c0 (size before relaxing)
 .debug_str     0x0000000000001ebe       0x4b build/25519/f25519.o
                                        0x697 (size before relaxing)
 .debug_str     0x0000000000001f09       0x40 build/25519/c25519.o
                                        0x667 (size before relaxing)
 .debug_str     0x0000000000001f49       0x4f build/25519/sha256.o
                                        0x62f (size before relaxing)
 .debug_str     0x0000000000001f98       0xd6 build/25519/fprime.o
                                        0x6e2 (size before relaxing)
 .debug_str     0x000000000000206e       0x80 build/base64/cdecode.o
                                        0x204 (size before relaxing)
 .debug_str     0x00000000000020ee       0x60 build/base64/cencode.o
                                        0x226 (size before relaxing)
 .debug_str     0x000000000000214e       0xde build/image.o
                                        0xd67 (size before relaxing)
 .debug_str     0x000000000000222c      0x3ab build/usb_lib/usb_regs.o
                                        0x937 (size before relaxing)
 .debug_str     0x00000000000025d7       0x48 build/usb_lib/usb_int.o
                                        0x5bf (size before relaxing)
 .debug_str     0x000000000000261f       0x13 build/usb_lib/usb_init.o
                                        0x561 (size before relaxing)
 .debug_str     0x0000000000002632      0x3bd build/usb_lib/usb_core.o
                                        0xae9 (size before relaxing)
 .debug_str     0x00000000000029ef       0x36 build/usb_lib/usb_mem.o
                                        0x5af (size before relaxing)

.debug_loc      0x0000000000000000     0x79a2
 *(.debug_loc)
 .debug_loc     0x0000000000000000      0x1f4 build/usb.o
 .debug_loc     0x00000000000001f4       0x62 build/main.o
 .debug_loc     0x0000000000000256      0x7fb build/hardware.o
 .debug_loc     0x0000000000000a51      0x14e build/dfu.o
 .debug_loc     0x0000000000000b9f      0x50a build/25519/ed25519.o
 .debug_loc     0x00000000000010a9      0x8a3 build/25519/sha512.o
 .debug_loc     0x000000000000194c      0x188 build/25519/morph25519.o
 .debug_loc     0x0000000000001ad4      0x649 build/25519/edsign.o
 .debug_loc     0x000000000000211d      0xb70 build/25519/f25519.o
 .debug_loc     0x0000000000002c8d      0x1a7 build/25519/c25519.o
 .debug_loc     0x0000000000002e34     0x2399 build/25519/sha256.o
 .debug_loc     0x00000000000051cd      0xa68 build/25519/fprime.o
 .debug_loc     0x0000000000005c35      0x1ac build/base64/cdecode.o
 .debug_loc     0x0000000000005de1      0x360 build/base64/cencode.o
 .debug_loc     0x0000000000006141       0xd6 build/image.o
 .debug_loc     0x0000000000006217      0xab1 build/usb_lib/usb_regs.o
 .debug_loc     0x0000000000006cc8      0x16d build/usb_lib/usb_int.o
 .debug_loc     0x0000000000006e35      0x94f build/usb_lib/usb_core.o
 .debug_loc     0x0000000000007784      0x21e build/usb_lib/usb_mem.o

.debug_macinfo
 *(.debug_macinfo)

.debug_weaknames
 *(.debug_weaknames)

.debug_funcnames
 *(.debug_funcnames)

.debug_typenames
 *(.debug_typenames)

.debug_varnames
 *(.debug_varnames)
OUTPUT(build/enclave_stage1.elf elf32-littlearm)

.debug_ranges   0x0000000000000000      0xbc8
 .debug_ranges  0x0000000000000000       0x20 build/stm32_lib/c_only_startup.o
 .debug_ranges  0x0000000000000020      0x100 build/usb.o
 .debug_ranges  0x0000000000000120       0x38 build/main.o
 .debug_ranges  0x0000000000000158      0x118 build/hardware.o
 .debug_ranges  0x0000000000000270       0x78 build/dfu.o
 .debug_ranges  0x00000000000002e8       0xa8 build/25519/ed25519.o
 .debug_ranges  0x0000000000000390       0xe0 build/25519/sha512.o
 .debug_ranges  0x0000000000000470       0x30 build/25519/morph25519.o
 .debug_ranges  0x00000000000004a0       0xc8 build/25519/edsign.o
 .debug_ranges  0x0000000000000568       0x90 build/25519/f25519.o
 .debug_ranges  0x00000000000005f8       0x18 build/25519/c25519.o
 .debug_ranges  0x0000000000000610       0x30 build/25519/sha256.o
 .debug_ranges  0x0000000000000640       0xf8 build/25519/fprime.o
 .debug_ranges  0x0000000000000738       0x20 build/base64/cdecode.o
 .debug_ranges  0x0000000000000758       0x28 build/base64/cencode.o
 .debug_ranges  0x0000000000000780       0x18 build/image.o
 .debug_ranges  0x0000000000000798      0x298 build/usb_lib/usb_regs.o
 .debug_ranges  0x0000000000000a30       0x30 build/usb_lib/usb_int.o
 .debug_ranges  0x0000000000000a60       0x10 build/usb_lib/usb_init.o
 .debug_ranges  0x0000000000000a70      0x140 build/usb_lib/usb_core.o
 .debug_ranges  0x0000000000000bb0       0x18 build/usb_lib/usb_mem.o

Cross Reference Table

Symbol                                            File
ADC1_2_IRQHandler                                 build/stm32_lib/c_only_startup.o
BusFault_Handler                                  build/stm32_lib/c_only_startup.o
ByteSwap                                          build/usb_lib/usb_regs.o
CAN1_RX1_IRQHandler                               build/stm32_lib/c_only_startup.o
CAN1_SCE_IRQHandler                               build/stm32_lib/c_only_startup.o
CHARS_PER_LINE                                    build/base64/cencode.o
CTR_HP                                            build/usb_lib/usb_int.o
CTR_LP                                            build/usb_lib/usb_int.o
                                                  build/usb.o
ClearDTOG_RX                                      build/usb_lib/usb_regs.o
                                                  build/usb_lib/usb_core.o
ClearDTOG_TX                                      build/usb_lib/usb_regs.o
                                                  build/usb_lib/usb_core.o
ClearEPDoubleBuff                                 build/usb_lib/usb_regs.o
ClearEP_CTR_RX                                    build/usb_lib/usb_regs.o
ClearEP_CTR_TX                                    build/usb_lib/usb_regs.o
ClearEP_KIND                                      build/usb_lib/usb_regs.o
Clear_Status_Out                                  build/usb_lib/usb_regs.o
                                                  build/usb.o
DMA1_Channel1_IRQHandler                          build/stm32_lib/c_only_startup.o
DMA1_Channel2_IRQHandler                          build/stm32_lib/c_only_startup.o
DMA1_Channel3_IRQHandler                          build/stm32_lib/c_only_startup.o
DMA1_Channel4_IRQHandler                          build/stm32_lib/c_only_startup.o
DMA1_Channel5_IRQHandler                          build/stm32_lib/c_only_startup.o
DMA1_Channel6_IRQHandler                          build/stm32_lib/c_only_startup.o
DMA1_Channel7_IRQHandler                          build/stm32_lib/c_only_startup.o
Data_Mul_MaxPacketSize                            build/usb_lib/usb_core.o
DebugMon_Handler                                  build/stm32_lib/c_only_startup.o
Default_Handler                                   build/stm32_lib/c_only_startup.o
Device_Info                                       build/usb_lib/usb_init.o
Device_Property                                   build/usb.o
                                                  build/usb_lib/usb_core.o
                                                  build/usb_lib/usb_init.o
Device_Table                                      build/usb.o
                                                  build/usb_lib/usb_core.o
EPindex                                           build/usb_lib/usb_init.o
                                                  build/usb_lib/usb_int.o
EXTI0_IRQHandler                                  build/stm32_lib/c_only_startup.o
EXTI15_10_IRQHandler                              build/stm32_lib/c_only_startup.o
EXTI1_IRQHandler                                  build/stm32_lib/c_only_startup.o
EXTI2_IRQHandler                                  build/stm32_lib/c_only_startup.o
EXTI3_IRQHandler                                  build/stm32_lib/c_only_startup.o
EXTI4_IRQHandler                                  build/stm32_lib/c_only_startup.o
EXTI9_5_IRQHandler                                build/stm32_lib/c_only_startup.o
FLASH_IRQHandler                                  build/stm32_lib/c_only_startup.o
FreeUserBuffer                                    build/usb_lib/usb_regs.o
GPIO_AFIODeInit                                   ./libstm32fw.a(stm32f10x_gpio.o)
GPIO_DeInit                                       ./libstm32fw.a(stm32f10x_gpio.o)
GPIO_ETH_MediaInterfaceConfig                     ./libstm32fw.a(stm32f10x_gpio.o)
GPIO_EXTILineConfig                               ./libstm32fw.a(stm32f10x_gpio.o)
GPIO_EventOutputCmd                               ./libstm32fw.a(stm32f10x_gpio.o)
GPIO_EventOutputConfig                            ./libstm32fw.a(stm32f10x_gpio.o)
GPIO_Init                                         ./libstm32fw.a(stm32f10x_gpio.o)
                                                  build/hardware.o
GPIO_PinLockConfig                                ./libstm32fw.a(stm32f10x_gpio.o)
GPIO_PinRemapConfig                               ./libstm32fw.a(stm32f10x_gpio.o)
GPIO_ReadInputData                                ./libstm32fw.a(stm32f10x_gpio.o)
GPIO_ReadInputDataBit                             ./libstm32fw.a(stm32f10x_gpio.o)
GPIO_ReadOutputData                               ./libstm32fw.a(stm32f10x_gpio.o)
GPIO_ReadOutputDataBit                            ./libstm32fw.a(stm32f10x_gpio.o)
GPIO_ResetBits                                    ./libstm32fw.a(stm32f10x_gpio.o)
GPIO_SetBits                                      ./libstm32fw.a(stm32f10x_gpio.o)
GPIO_StructInit                                   ./libstm32fw.a(stm32f10x_gpio.o)
GPIO_Write                                        ./libstm32fw.a(stm32f10x_gpio.o)
GPIO_WriteBit                                     ./libstm32fw.a(stm32f10x_gpio.o)
GetBTABLE                                         build/usb_lib/usb_regs.o
GetCNTR                                           build/usb_lib/usb_regs.o
GetDADDR                                          build/usb_lib/usb_regs.o
GetENDPOINT                                       build/usb_lib/usb_regs.o
GetEPAddress                                      build/usb_lib/usb_regs.o
GetEPDblBuf0Addr                                  build/usb_lib/usb_regs.o
GetEPDblBuf0Count                                 build/usb_lib/usb_regs.o
GetEPDblBuf1Addr                                  build/usb_lib/usb_regs.o
GetEPDblBuf1Count                                 build/usb_lib/usb_regs.o
GetEPDblBufDir                                    build/usb_lib/usb_regs.o
GetEPRxAddr                                       build/usb_lib/usb_regs.o
                                                  build/usb_lib/usb_core.o
GetEPRxCount                                      build/usb_lib/usb_regs.o
GetEPRxStatus                                     build/usb_lib/usb_regs.o
GetEPTxAddr                                       build/usb_lib/usb_regs.o
                                                  build/usb_lib/usb_core.o
GetEPTxCount                                      build/usb_lib/usb_regs.o
GetEPTxStatus                                     build/usb_lib/usb_regs.o
GetEPType                                         build/usb_lib/usb_regs.o
GetFNR                                            build/usb_lib/usb_regs.o
GetISTR                                           build/usb_lib/usb_regs.o
GetRxStallStatus                                  build/usb_lib/usb_regs.o
GetTxStallStatus                                  build/usb_lib/usb_regs.o
HardFault_Handler                                 build/stm32_lib/c_only_startup.o
I2C1_ER_IRQHandler                                build/stm32_lib/c_only_startup.o
I2C1_EV_IRQHandler                                build/stm32_lib/c_only_startup.o
I2C2_ER_IRQHandler                                build/stm32_lib/c_only_startup.o
I2C2_EV_IRQHandler                                build/stm32_lib/c_only_startup.o
In0_Process                                       build/usb_lib/usb_core.o
                                                  build/usb_lib/usb_int.o
MemManage_Handler                                 build/stm32_lib/c_only_startup.o
NMI_Handler                                       build/stm32_lib/c_only_startup.o
NOP_Process                                       build/usb_lib/usb_core.o
Out0_Process                                      build/usb_lib/usb_core.o
                                                  build/usb_lib/usb_int.o
PMAToUserBufferCopy                               build/usb_lib/usb_mem.o
                                                  build/usb_lib/usb_core.o
PVD_IRQHandler                                    build/stm32_lib/c_only_startup.o
PendSV_Handler                                    build/stm32_lib/c_only_startup.o
Post0_Process                                     build/usb_lib/usb_core.o
RCC_ADCCLKConfig                                  ./libstm32fw.a(stm32f10x_rcc.o)
RCC_AHBPeriphClockCmd                             ./libstm32fw.a(stm32f10x_rcc.o)
RCC_APB1PeriphClockCmd                            ./libstm32fw.a(stm32f10x_rcc.o)
RCC_APB1PeriphResetCmd                            ./libstm32fw.a(stm32f10x_rcc.o)
                                                  ./libstm32fw.a(stm32f10x_usart.o)
RCC_APB2PeriphClockCmd                            ./libstm32fw.a(stm32f10x_rcc.o)
                                                  build/hardware.o
RCC_APB2PeriphResetCmd                            ./libstm32fw.a(stm32f10x_rcc.o)
                                                  ./libstm32fw.a(stm32f10x_usart.o)
                                                  ./libstm32fw.a(stm32f10x_gpio.o)
RCC_AdjustHSICalibrationValue                     ./libstm32fw.a(stm32f10x_rcc.o)
RCC_BackupResetCmd                                ./libstm32fw.a(stm32f10x_rcc.o)
RCC_ClearFlag                                     ./libstm32fw.a(stm32f10x_rcc.o)
RCC_ClearITPendingBit                             ./libstm32fw.a(stm32f10x_rcc.o)
RCC_ClockSecuritySystemCmd                        ./libstm32fw.a(stm32f10x_rcc.o)
RCC_DeInit                                        ./libstm32fw.a(stm32f10x_rcc.o)
RCC_GetClocksFreq                                 ./libstm32fw.a(stm32f10x_rcc.o)
                                                  ./libstm32fw.a(stm32f10x_usart.o)
RCC_GetFlagStatus                                 ./libstm32fw.a(stm32f10x_rcc.o)
RCC_GetITStatus                                   ./libstm32fw.a(stm32f10x_rcc.o)
RCC_GetSYSCLKSource                               ./libstm32fw.a(stm32f10x_rcc.o)
RCC_HCLKConfig                                    ./libstm32fw.a(stm32f10x_rcc.o)
RCC_HSEConfig                                     ./libstm32fw.a(stm32f10x_rcc.o)
RCC_HSICmd                                        ./libstm32fw.a(stm32f10x_rcc.o)
RCC_IRQHandler                                    build/stm32_lib/c_only_startup.o
RCC_ITConfig                                      ./libstm32fw.a(stm32f10x_rcc.o)
RCC_LSEConfig                                     ./libstm32fw.a(stm32f10x_rcc.o)
RCC_LSICmd                                        ./libstm32fw.a(stm32f10x_rcc.o)
RCC_MCOConfig                                     ./libstm32fw.a(stm32f10x_rcc.o)
RCC_PCLK1Config                                   ./libstm32fw.a(stm32f10x_rcc.o)
RCC_PCLK2Config                                   ./libstm32fw.a(stm32f10x_rcc.o)
RCC_PLLCmd                                        ./libstm32fw.a(stm32f10x_rcc.o)
RCC_PLLConfig                                     ./libstm32fw.a(stm32f10x_rcc.o)
RCC_RTCCLKCmd                                     ./libstm32fw.a(stm32f10x_rcc.o)
RCC_RTCCLKConfig                                  ./libstm32fw.a(stm32f10x_rcc.o)
RCC_SYSCLKConfig                                  ./libstm32fw.a(stm32f10x_rcc.o)
RCC_USBCLKConfig                                  ./libstm32fw.a(stm32f10x_rcc.o)
RCC_WaitForHSEStartUp                             ./libstm32fw.a(stm32f10x_rcc.o)
RTCAlarm_IRQHandler                               build/stm32_lib/c_only_startup.o
RTC_IRQHandler                                    build/stm32_lib/c_only_startup.o
Reset_Handler                                     build/stm32_lib/c_only_startup.o
ResumeS                                           build/usb.o
SPI1_IRQHandler                                   build/stm32_lib/c_only_startup.o
SPI2_IRQHandler                                   build/stm32_lib/c_only_startup.o