Archive member included because of file (symbol)

c:/program files (x86)/gnu tools arm embedded/4.8 2014q3/bin/../lib/gcc/arm-none-eabi/4.8.4/../../../../arm-none-eabi/lib/armv7-m\libc_s.a(lib_a-memcpy-stub.o)
                              build/25519/ed25519.o (memcpy)
c:/program files (x86)/gnu tools arm embedded/4.8 2014q3/bin/../lib/gcc/arm-none-eabi/4.8.4/../../../../arm-none-eabi/lib/armv7-m\libc_s.a(lib_a-memset.o)
                              build/main.o (memset)
c:/program files (x86)/gnu tools arm embedded/4.8 2014q3/bin/../lib/gcc/arm-none-eabi/4.8.4/../../../../arm-none-eabi/lib/armv7-m\libc_s.a(lib_a-sprintf.o)
                              build/main.o (sprintf)
c:/program files (x86)/gnu tools arm embedded/4.8 2014q3/bin/../lib/gcc/arm-none-eabi/4.8.4/../../../../arm-none-eabi/lib/armv7-m\libc_s.a(lib_a-strlen.o)
                              build/main.o (strlen)
c:/program files (x86)/gnu tools arm embedded/4.8 2014q3/bin/../lib/gcc/arm-none-eabi/4.8.4/../../../../arm-none-eabi/lib/armv7-m\libc_s.a(lib_a-svfprintf.o)
                              c:/program files (x86)/gnu tools arm embedded/4.8 2014q3/bin/../lib/gcc/arm-none-eabi/4.8.4/../../../../arm-none-eabi/lib/armv7-m\libc_s.a(lib_a-sprintf.o) (_svfprintf_r)
c:/program files (x86)/gnu tools arm embedded/4.8 2014q3/bin/../lib/gcc/arm-none-eabi/4.8.4/../../../../arm-none-eabi/lib/armv7-m\libc_s.a(lib_a-vfprintf_i.o)
                              c:/program files (x86)/gnu tools arm embedded/4.8 2014q3/bin/../lib/gcc/arm-none-eabi/4.8.4/../../../../arm-none-eabi/lib/armv7-m\libc_s.a(lib_a-svfprintf.o) (_printf_i)
c:/program files (x86)/gnu tools arm embedded/4.8 2014q3/bin/../lib/gcc/arm-none-eabi/4.8.4/../../../../arm-none-eabi/lib/armv7-m\libc_s.a(lib_a-vsprintf.o)
                              build/hardware.o (vsprintf)
c:/program files (x86)/gnu tools arm embedded/4.8 2014q3/bin/../lib/gcc/arm-none-eabi/4.8.4/../../../../arm-none-eabi/lib/armv7-m\libc_s.a(lib_a-impure.o)
                              c:/program files (x86)/gnu tools arm embedded/4.8 2014q3/bin/../lib/gcc/arm-none-eabi/4.8.4/../../../../arm-none-eabi/lib/armv7-m\libc_s.a(lib_a-sprintf.o) (_impure_ptr)
c:/program files (x86)/gnu tools arm embedded/4.8 2014q3/bin/../lib/gcc/arm-none-eabi/4.8.4/../../../../arm-none-eabi/lib/armv7-m\libc_s.a(lib_a-memchr-stub.o)
                              c:/program files (x86)/gnu tools arm embedded/4.8 2014q3/bin/../lib/gcc/arm-none-eabi/4.8.4/../../../../arm-none-eabi/lib/armv7-m\libc_s.a(lib_a-svfprintf.o) (memchr)
c:/program files (x86)/gnu tools arm embedded/4.8 2014q3/bin/../lib/gcc/arm-none-eabi/4.8.4/../../../../arm-none-eabi/lib/armv7-m\libc_s.a(lib_a-memmove.o)
                              c:/program files (x86)/gnu tools arm embedded/4.8 2014q3/bin/../lib/gcc/arm-none-eabi/4.8.4/../../../../arm-none-eabi/lib/armv7-m\libc_s.a(lib_a-svfprintf.o) (memmove)
c:/program files (x86)/gnu tools arm embedded/4.8 2014q3/bin/../lib/gcc/arm-none-eabi/4.8.4/../../../../arm-none-eabi/lib/armv7-m\libc_s.a(lib_a-nano-freer.o)
                              c:/program files (x86)/gnu tools arm embedded/4.8 2014q3/bin/../lib/gcc/arm-none-eabi/4.8.4/../../../../arm-none-eabi/lib/armv7-m\libc_s.a(lib_a-svfprintf.o) (_free_r)
c:/program files (x86)/gnu tools arm embedded/4.8 2014q3/bin/../lib/gcc/arm-none-eabi/4.8.4/../../../../arm-none-eabi/lib/armv7-m\libc_s.a(lib_a-nano-mallocr.o)
                              c:/program files (x86)/gnu tools arm embedded/4.8 2014q3/bin/../lib/gcc/arm-none-eabi/4.8.4/../../../../arm-none-eabi/lib/armv7-m\libc_s.a(lib_a-svfprintf.o) (_malloc_r)
c:/program files (x86)/gnu tools arm embedded/4.8 2014q3/bin/../lib/gcc/arm-none-eabi/4.8.4/../../../../arm-none-eabi/lib/armv7-m\libc_s.a(lib_a-nano-reallocr.o)
                              c:/program files (x86)/gnu tools arm embedded/4.8 2014q3/bin/../lib/gcc/arm-none-eabi/4.8.4/../../../../arm-none-eabi/lib/armv7-m\libc_s.a(lib_a-svfprintf.o) (_realloc_r)
c:/program files (x86)/gnu tools arm embedded/4.8 2014q3/bin/../lib/gcc/arm-none-eabi/4.8.4/../../../../arm-none-eabi/lib/armv7-m\libc_s.a(lib_a-sbrkr.o)
                              c:/program files (x86)/gnu tools arm embedded/4.8 2014q3/bin/../lib/gcc/arm-none-eabi/4.8.4/../../../../arm-none-eabi/lib/armv7-m\libc_s.a(lib_a-nano-mallocr.o) (_sbrk_r)
c:/program files (x86)/gnu tools arm embedded/4.8 2014q3/bin/../lib/gcc/arm-none-eabi/4.8.4/../../../../arm-none-eabi/lib/armv7-m\libc_s.a(lib_a-nano-msizer.o)
                              c:/program files (x86)/gnu tools arm embedded/4.8 2014q3/bin/../lib/gcc/arm-none-eabi/4.8.4/../../../../arm-none-eabi/lib/armv7-m\libc_s.a(lib_a-nano-reallocr.o) (_malloc_usable_size_r)
c:/program files (x86)/gnu tools arm embedded/4.8 2014q3/bin/../lib/gcc/arm-none-eabi/4.8.4/../../../../arm-none-eabi/lib/armv7-m\libc_s.a(lib_a-reent.o)
[...]
Memory Configuration

Name             Origin             Length             Attributes
RAM              0x20000000         0x00005000         xrw
FLASH            0x08000000         0x00020000         xr
*default*        0x00000000         0xffffffff

Linker script and memory map

LOAD build/stm32_lib/c_only_startup.o
LOAD build/stm32_lib/cortexm3_macro.o
LOAD build/usb.o
LOAD build/usb_callbacks.o
LOAD build/usb_descriptor.o
LOAD build/main.o
LOAD build/hardware.o
LOAD build/dfu.o
LOAD build/25519/c25519.o
LOAD build/25519/ed25519.o
LOAD build/25519/edsign.o
LOAD build/25519/f25519.o
LOAD build/25519/fprime.o
LOAD build/25519/morph25519.o
LOAD build/25519/sha256.o
LOAD build/25519/sha512.o
LOAD build/base64/cdecode.o
LOAD build/base64/cencode.o
LOAD build/image.o
LOAD build/usb_lib/usb_regs.o
LOAD build/usb_lib/usb_int.o
LOAD build/usb_lib/usb_init.o
LOAD build/usb_lib/usb_core.o
LOAD build/usb_lib/usb_mem.o
LOAD c:/program files (x86)/gnu tools arm embedded/4.8 2014q3/bin/../lib/gcc/arm-none-eabi/4.8.4/../../../../arm-none-eabi/lib/armv7-m\libc_s.a
LOAD c:/program files (x86)/gnu tools arm embedded/4.8 2014q3/bin/../lib/gcc/arm-none-eabi/4.8.4/armv7-m\libgcc.a
LOAD .\libstm32fw.a
START GROUP
LOAD c:/program files (x86)/gnu tools arm embedded/4.8 2014q3/bin/../lib/gcc/arm-none-eabi/4.8.4/armv7-m\libgcc.a
LOAD c:/program files (x86)/gnu tools arm embedded/4.8 2014q3/bin/../lib/gcc/arm-none-eabi/4.8.4/../../../../arm-none-eabi/lib/armv7-m\libg_s.a
LOAD c:/program files (x86)/gnu tools arm embedded/4.8 2014q3/bin/../lib/gcc/arm-none-eabi/4.8.4/../../../../arm-none-eabi/lib/armv7-m\libc_s.a
END GROUP
START GROUP
LOAD c:/program files (x86)/gnu tools arm embedded/4.8 2014q3/bin/../lib/gcc/arm-none-eabi/4.8.4/armv7-m\libgcc.a
LOAD c:/program files (x86)/gnu tools arm embedded/4.8 2014q3/bin/../lib/gcc/arm-none-eabi/4.8.4/../../../../arm-none-eabi/lib/armv7-m\libc_s.a
LOAD c:/program files (x86)/gnu tools arm embedded/4.8 2014q3/bin/../lib/gcc/arm-none-eabi/4.8.4/../../../../arm-none-eabi/lib/armv7-m\libnosys.a
END GROUP
START GROUP
LOAD c:/program files (x86)/gnu tools arm embedded/4.8 2014q3/bin/../lib/gcc/arm-none-eabi/4.8.4/armv7-m\libgcc.a
LOAD c:/program files (x86)/gnu tools arm embedded/4.8 2014q3/bin/../lib/gcc/arm-none-eabi/4.8.4/../../../../arm-none-eabi/lib/armv7-m\libc_s.a
LOAD c:/program files (x86)/gnu tools arm embedded/4.8 2014q3/bin/../lib/gcc/arm-none-eabi/4.8.4/../../../../arm-none-eabi/lib/armv7-m\libnosys.a
END GROUP
                0x00000800                __Stack_Size = 0x800
                0x00000800                PROVIDE (_Stack_Size, __Stack_Size)
                0x20004800                __Stack_Init = (_estack - __Stack_Size)
                0x20004800                PROVIDE (_Stack_Init, __Stack_Init)
                0x00000100                _Minimum_Stack_Size = 0x100
                0x20005000                _estack = 0x20005000

.isr_vector     0x08000000       0xf0
                0x08000000                . = ALIGN (0x4)
 *(.isr_vector)
 .isr_vector    0x08000000       0xf0 build/stm32_lib/c_only_startup.o
                0x08000000                g_pfnVectors
                0x080000f0                . = ALIGN (0x4)

.flashtext      0x080000f0        0x0
                0x080000f0                . = ALIGN (0x4)
 *(.flashtext)
                0x080000f0                . = ALIGN (0x4)

.text           0x080000f0     0x7be0
                0x080000f0                . = ALIGN (0x4)
 *(.text)
 .text          0x080000f0      0x2e8 .\libstm32fw.a(stm32f10x_gpio.o)
                0x080000f0                GPIO_DeInit
                0x080001cc                GPIO_AFIODeInit
                0x080001e4                GPIO_Init
                0x080002a8                GPIO_StructInit
                0x080002b8                GPIO_ReadInputDataBit
                0x080002c4                GPIO_ReadInputData
                0x080002cc                GPIO_ReadOutputDataBit
                0x080002d8                GPIO_ReadOutputData
                0x080002e0                GPIO_SetBits
                0x080002e4                GPIO_ResetBits
                0x080002e8                GPIO_WriteBit
                0x080002f4                GPIO_Write
                0x080002f8                GPIO_PinLockConfig
                0x08000308                GPIO_EventOutputConfig
                0x08000328                GPIO_EventOutputCmd
                0x08000334                GPIO_PinRemapConfig
                0x080003a0                GPIO_EXTILineConfig
                0x080003cc                GPIO_ETH_MediaInterfaceConfig
 .text          0x080003d8      0x360 .\libstm32fw.a(stm32f10x_rcc.o)
                0x080003d8                RCC_DeInit
                0x08000418                RCC_HSEConfig
                0x08000450                RCC_WaitForHSEStartUp
                0x08000488                RCC_AdjustHSICalibrationValue
                0x0800049c                RCC_HSICmd
                0x080004a8                RCC_PLLConfig
                0x080004bc                RCC_PLLCmd
                0x080004c8                RCC_SYSCLKConfig
                0x080004dc                RCC_GetSYSCLKSource
                0x080004ec                RCC_HCLKConfig
                0x08000500                RCC_PCLK1Config
                0x08000514                RCC_PCLK2Config
                0x08000528                RCC_ITConfig
                0x08000540                RCC_USBCLKConfig
                0x0800054c                RCC_ADCCLKConfig
                0x08000560                RCC_LSEConfig
                0x08000580                RCC_LSICmd
                0x0800058c                RCC_RTCCLKConfig
                0x0800059c                RCC_RTCCLKCmd
                0x080005a8                RCC_GetClocksFreq
                0x08000638                RCC_AHBPeriphClockCmd
                0x08000650                RCC_APB2PeriphClockCmd
                0x08000668                RCC_APB1PeriphClockCmd
                0x08000680                RCC_APB2PeriphResetCmd
                0x08000698                RCC_APB1PeriphResetCmd
                0x080006b0                RCC_BackupResetCmd
                0x080006bc                RCC_ClockSecuritySystemCmd
                0x080006c8                RCC_MCOConfig
                0x080006d4                RCC_GetFlagStatus
                0x08000708                RCC_ClearFlag
                0x08000718                RCC_GetITStatus
                0x0800072c                RCC_ClearITPendingBit
 .text          0x08000738      0x414 .\libstm32fw.a(stm32f10x_usart.o)
                0x08000738                USART_DeInit
                0x080007e8                USART_Init
                0x080008a4                USART_StructInit
                0x080008bc                USART_ClockInit
                0x080008e0                USART_ClockStructInit
                0x080008ec                USART_Cmd
                0x08000908                USART_ITConfig
                0x08000944                USART_DMACmd
                0x08000958                USART_SetAddress
                0x08000970                USART_WakeUpConfig
                0x08000988                USART_ReceiverWakeUpCmd
                0x080009a4                USART_LINBreakDetectLengthConfig
                0x080009bc                USART_LINCmd
                0x080009d8                USART_SendData
                0x080009e0                USART_ReceiveData
                0x080009e8                USART_SendBreak
                0x080009f4                USART_SetGuardTime
                0x08000a08                USART_SetPrescaler
                0x08000a1c                USART_SmartCardCmd
                0x08000a38                USART_SmartCardNACKCmd
                0x08000a54                USART_HalfDuplexCmd
                0x08000a70                USART_OverSampling8Cmd
                0x08000a8c                USART_OneBitMethodCmd
                0x08000aa8                USART_IrDAConfig
                0x08000ac0                USART_IrDACmd
                0x08000adc                USART_GetFlagStatus
                0x08000ae8                USART_ClearFlag
                0x08000af0                USART_GetITStatus
                0x08000b3c                USART_ClearITPendingBit
 *(.text.*)
 .text.Reset_Handler
                0x08000b4c       0x48 build/stm32_lib/c_only_startup.o
                0x08000b4c                Reset_Handler
 .text.Default_Handler
                0x08000b94        0x4 build/stm32_lib/c_only_startup.o
                0x08000b94                EXTI2_IRQHandler
                0x08000b94                DebugMon_Handler
                0x08000b94                TIM1_CC_IRQHandler
                0x08000b94                HardFault_Handler
                0x08000b94                SysTick_Handler
                0x08000b94                PVD_IRQHandler
                0x08000b94                PendSV_Handler
                0x08000b94                NMI_Handler
                0x08000b94                EXTI3_IRQHandler
                0x08000b94                EXTI0_IRQHandler
                0x08000b94                I2C2_EV_IRQHandler
                0x08000b94                UsageFault_Handler
                0x08000b94                ADC1_2_IRQHandler
                0x08000b94                SPI1_IRQHandler
                0x08000b94                TAMPER_IRQHandler
                0x08000b94                DMA1_Channel4_IRQHandler
                0x08000b94                USART3_IRQHandler
                0x08000b94                RTC_IRQHandler
                0x08000b94                DMA1_Channel7_IRQHandler
                0x08000b94                CAN1_RX1_IRQHandler
                0x08000b94                TIM4_IRQHandler
                0x08000b94                I2C1_EV_IRQHandler
                0x08000b94                DMA1_Channel6_IRQHandler
                0x08000b94                TIM3_IRQHandler
                0x08000b94                RCC_IRQHandler
                0x08000b94                TIM1_TRG_COM_IRQHandler
                0x08000b94                DMA1_Channel1_IRQHandler
                0x08000b94                Default_Handler
                0x08000b94                EXTI15_10_IRQHandler
                0x08000b94                EXTI9_5_IRQHandler
                0x08000b94                SPI2_IRQHandler
                0x08000b94                MemManage_Handler
                0x08000b94                SVC_Handler
                0x08000b94                DMA1_Channel5_IRQHandler
                0x08000b94                EXTI4_IRQHandler
                0x08000b94                USB_HP_CAN1_TX_IRQHandler
                0x08000b94                DMA1_Channel3_IRQHandler
                0x08000b94                TIM1_UP_IRQHandler
                0x08000b94                WWDG_IRQHandler
                0x08000b94                TIM2_IRQHandler
                0x08000b94                TIM1_BRK_IRQHandler
                0x08000b94                EXTI1_IRQHandler
                0x08000b94                RTCAlarm_IRQHandler
                0x08000b94                USART2_IRQHandler
                0x08000b94                I2C2_ER_IRQHandler
                0x08000b94                DMA1_Channel2_IRQHandler
                0x08000b94                CAN1_SCE_IRQHandler
                0x08000b94                FLASH_IRQHandler
                0x08000b94                BusFault_Handler
                0x08000b94                USART1_IRQHandler
                0x08000b94                I2C1_ER_IRQHandler
                0x08000b94                USBWakeUp_IRQHandler
 .text.nothingProc
                0x08000b98        0x2 build/usb.o
                0x08000b98                nothingProc
 .text.usbStatusIn
                0x08000b9a        0x2 build/usb.o
                0x08000b9a                usbStatusIn
 .text.usbStatusOut
                0x08000b9c        0x2 build/usb.o
                0x08000b9c                usbStatusOut
 .text.usbGetInterfaceSetting
                0x08000b9e        0xa build/usb.o
                0x08000b9e                usbGetInterfaceSetting
 .text.usbGetConfiguration
                0x08000ba8        0x2 build/usb.o
                0x08000ba8                usbGetConfiguration
 *fill*         0x08000baa        0x2 
 .text.usbSetConfiguration
                0x08000bac       0x18 build/usb.o
                0x08000bac                usbSetConfiguration
 .text.usbGetInterface
                0x08000bc4        0x2 build/usb.o
                0x08000bc4                usbGetInterface
 .text.usbSetInterface
                0x08000bc6        0x2 build/usb.o
                0x08000bc6                usbSetInterface
 .text.usbGetStatus
                0x08000bc8        0x2 build/usb.o
                0x08000bc8                usbGetStatus
 .text.usbClearFeature
                0x08000bca        0x2 build/usb.o
                0x08000bca                usbClearFeature
 .text.usbSetEndpointFeature
                0x08000bcc        0x2 build/usb.o
                0x08000bcc                usbSetEndpointFeature
 .text.usbSetDeviceFeature
                0x08000bce        0x2 build/usb.o
                0x08000bce                usbSetDeviceFeature
 .text.usbSetDeviceAddress
                0x08000bd0        0xc build/usb.o
                0x08000bd0                usbSetDeviceAddress
 .text.usbReset
                0x08000bdc       0xa8 build/usb.o
                0x08000bdc                usbReset
 .text.usbDataSetup
                0x08000c84       0x60 build/usb.o
                0x08000c84                usbDataSetup
 .text.usbGetDeviceDescriptor
                0x08000ce4        0xc build/usb.o
                0x08000ce4                usbGetDeviceDescriptor
 .text.usbGetConfigDescriptor
                0x08000cf0        0xc build/usb.o
                0x08000cf0                usbGetConfigDescriptor
 .text.usbGetStringDescriptor
                0x08000cfc       0x20 build/usb.o
                0x08000cfc                usbGetStringDescriptor
 .text.usbGetFunctionalDescriptor
                0x08000d1c        0xc build/usb.o
                0x08000d1c                usbGetFunctionalDescriptor
 .text.usbNoDataSetup
                0x08000d28       0x28 build/usb.o
                0x08000d28                usbNoDataSetup
 .text.setupUSB
                0x08000d50       0x68 build/usb.o
                0x08000d50                setupUSB
 .text.usbSuspend
                0x08000db8       0x1c build/usb.o
                0x08000db8                usbSuspend
 .text.usbResumeInit
                0x08000dd4       0x18 build/usb.o
                0x08000dd4                usbResumeInit
 .text.usbResume
                0x08000dec       0x84 build/usb.o
                0x08000dec                usbResume
 .text.usbPowerOn
                0x08000e70       0x48 build/usb.o
                0x08000e70                usbPowerOn
 .text.usbPowerOff
                0x08000eb8       0x3c build/usb.o
                0x08000eb8                usbPowerOff
 .text.usbDsbBus
                0x08000ef4        0x4 build/usb.o
                0x08000ef4                usbDsbBus
 .text.usbEnbISR
                0x08000ef8       0x24 build/usb.o
                0x08000ef8                usbEnbISR
 .text.usbInit  0x08000f1c       0x40 build/usb.o
                0x08000f1c                usbInit
 .text.usbDsbISR
                0x08000f5c       0x22 build/usb.o
                0x08000f5c                usbDsbISR
 *fill*         0x08000f7e        0x2 
 .text.USB_LP_CAN1_RX0_IRQHandler
                0x08000f80       0xb4 build/usb.o
                0x08000f80                USB_LP_CAN1_RX0_IRQHandler
 .text.encode_b64
                0x08001034       0x2e build/main.o
                0x08001034                encode_b64
 *fill*         0x08001062        0x2 
 .text.transmit_publickey_data
                0x08001064       0xb8 build/main.o
                0x08001064                transmit_publickey_data
 .text.startup.main
                0x0800111c       0xfc build/main.o
                0x0800111c                main
 .text.gpio_write_bit
                0x08001218       0x16 build/hardware.o
                0x08001218                gpio_write_bit
 .text.readPin  0x0800122e       0x12 build/hardware.o
                0x0800122e                readPin
 .text.strobePin
                0x08001240       0x50 build/hardware.o
                0x08001240                strobePin
 .text.UU_PutChar
                0x08001290        0xa build/hardware.o
                0x08001290                UU_PutChar
 .text.UU_PutString
                0x0800129a       0x16 build/hardware.o
                0x0800129a                UU_PutString
 .text.vprint   0x080012b0       0x28 build/hardware.o
                0x080012b0                vprint
 .text.uart_printf
                0x080012d8       0x1a build/hardware.o
                0x080012d8                uart_printf
 *fill*         0x080012f2        0x2 
 .text.hexdump  0x080012f4       0x9c build/hardware.o
                0x080012f4                hexdump
 .text.print_hash
                0x08001390       0x28 build/hardware.o
                0x08001390                print_hash
 .text.uartInit
                0x080013b8       0x88 build/hardware.o
                0x080013b8                uartInit
 .text.systemReset
                0x08001440       0x48 build/hardware.o
                0x08001440                systemReset
 .text.setupCLK
                0x08001488       0x60 build/hardware.o
                0x08001488                setupCLK
 .text.setupLEDAndButton
                0x080014e8       0x14 build/hardware.o
                0x080014e8                setupLEDAndButton
 .text.setupFLASH
                0x080014fc       0x1c build/hardware.o
                0x080014fc                setupFLASH
 .text.uid_read
                0x08001518       0x2c build/hardware.o
                0x08001518                uid_read
 .text.setMspAndJump
                0x08001544       0x18 build/hardware.o
                0x08001544                setMspAndJump
 .text.nvicInit
                0x0800155c       0x6c build/hardware.o
                0x0800155c                nvicInit
 .text.nvicDisableInterrupts
                0x080015c8       0x24 build/hardware.o
                0x080015c8                nvicDisableInterrupts
 .text.jumpToUser
                0x080015ec       0x1e build/hardware.o
                0x080015ec                jumpToUser
 *fill*         0x0800160a        0x2 
 .text.systemHardReset
                0x0800160c       0x14 build/hardware.o
                0x0800160c                systemHardReset
 .text.flashErasePage
                0x08001620       0x34 build/hardware.o
                0x08001620                flashErasePage
 .text.flashWriteWord
                0x08001654       0x4c build/hardware.o
                0x08001654                flashWriteWord
 .text.flashLock
                0x080016a0        0xc build/hardware.o
                0x080016a0                flashLock
 .text.flashUnlock
                0x080016ac       0x18 build/hardware.o
                0x080016ac                flashUnlock
 .text.crMask   0x080016c4       0x12 build/hardware.o
                0x080016c4                crMask
 *fill*         0x080016d6        0x2 
 .text.getFlashEnd
                0x080016d8       0x10 build/hardware.o
                0x080016d8                getFlashEnd
 .text.getFlashPageSize
                0x080016e8       0x18 build/hardware.o
                0x080016e8                getFlashPageSize
 .text.dfuInit  0x08001700       0x88 build/dfu.o
                0x08001700                dfuInit
 .text.dfuUpdateByReset
                0x08001788       0x44 build/dfu.o
                0x08001788                dfuUpdateByReset
 .text.dfuCopyState
                0x080017cc       0x18 build/dfu.o
                0x080017cc                dfuCopyState
 .text.dfuCopyStatus
                0x080017e4       0x18 build/dfu.o
                0x080017e4                dfuCopyStatus
 .text.dfuCopyDNLOAD
                0x080017fc       0x28 build/dfu.o
                0x080017fc                dfuCopyDNLOAD
 .text.dfuCopyUPLOAD
                0x08001824       0x34 build/dfu.o
                0x08001824                dfuCopyUPLOAD
 .text.dfuCopyBufferToExec
                0x08001858       0x58 build/dfu.o
                0x08001858                dfuCopyBufferToExec
 .text.dfuUpdateByRequest
                0x080018b0      0x260 build/dfu.o
                0x080018b0                dfuUpdateByRequest
 .text.dfuUploadStarted
                0x08001b10        0xc build/dfu.o
                0x08001b10                dfuUploadStarted
 .text.dfuFinishUpload
                0x08001b1c        0x2 build/dfu.o
                0x08001b1c                dfuFinishUpload
 *fill*         0x08001b1e        0x2 
 .text.ed25519_project
                0x08001b20       0x70 build/25519/ed25519.o
                0x08001b20                ed25519_project
 .text.ed25519_unproject
                0x08001b90       0x3c build/25519/ed25519.o
                0x08001b90                ed25519_unproject
 .text.ed25519_pack
                0x08001bcc       0x60 build/25519/ed25519.o
                0x08001bcc                ed25519_pack
 .text.ed25519_try_unpack
                0x08001c2c       0xc8 build/25519/ed25519.o
                0x08001c2c                ed25519_try_unpack
 .text.ed25519_add
                0x08001cf4       0xe0 build/25519/ed25519.o
                0x08001cf4                ed25519_add
 .text.ed25519_double
                0x08001dd4       0xb4 build/25519/ed25519.o
                0x08001dd4                ed25519_double
 .text.ed25519_smult
                0x08001e88       0x84 build/25519/ed25519.o
                0x08001e88                ed25519_smult
 .text.expand_key
                0x08001f0c       0x54 build/25519/edsign.o
 .text.hash_with_prefix
                0x08001f60       0x9c build/25519/edsign.o
 .text.sm_pack  0x08001ffc       0x2c build/25519/edsign.o
 .text.edsign_sec_to_pub
                0x08002028       0x18 build/25519/edsign.o
                0x08002028                edsign_sec_to_pub
 .text.edsign_sign
                0x08002040       0xc0 build/25519/edsign.o
                0x08002040                edsign_sign
 .text.edsign_verify
                0x08002100       0xc0 build/25519/edsign.o
                0x08002100                edsign_verify
 .text.f25519_load
                0x080021c0       0x20 build/25519/f25519.o
                0x080021c0                f25519_load
 .text.f25519_normalize
                0x080021e0       0x70 build/25519/f25519.o
                0x080021e0                f25519_normalize
 .text.f25519_eq
                0x08002250       0x9c build/25519/f25519.o
                0x08002250                f25519_eq
 .text.f25519_select
                0x080022ec       0xc4 build/25519/f25519.o
                0x080022ec                f25519_select
 .text.f25519_add
                0x080023b0       0x48 build/25519/f25519.o
                0x080023b0                f25519_add
 .text.f25519_sub
                0x080023f8       0x4c build/25519/f25519.o
                0x080023f8                f25519_sub
 .text.f25519_neg
                0x08002444       0x48 build/25519/f25519.o
                0x08002444                f25519_neg
 .text.f25519_mul__distinct
                0x0800248c       0x88 build/25519/f25519.o
                0x0800248c                f25519_mul__distinct
 .text.f25519_inv__distinct
                0x08002514      0x5ec build/25519/f25519.o
                0x08002514                f25519_inv__distinct
 .text.f25519_sqrt
                0x08002b00      0x634 build/25519/f25519.o
                0x08002b00                f25519_sqrt
 .text.fprime_from_bytes
                0x08003134      0x1a0 build/25519/fprime.o
                0x08003134                fprime_from_bytes
 .text.fprime_add
                0x080032d4       0x58 build/25519/fprime.o
                0x080032d4                fprime_add
 .text.fprime_mul
                0x0800332c      0x140 build/25519/fprime.o
                0x0800332c                fprime_mul
 .text.sha256_starts
                0x0800346c       0x58 build/25519/sha256.o
                0x0800346c                sha256_starts
 .text.sha256_process
                0x080034c4     0x1f64 build/25519/sha256.o
                0x080034c4                sha256_process
 .text.sha256_update
                0x08005428       0x90 build/25519/sha256.o
                0x08005428                sha256_update
 .text.sha256_finish
                0x080054b8      0x218 build/25519/sha256.o
                0x080054b8                sha256_finish
 .text.sha512_block
                0x080056d0      0x494 build/25519/sha512.o
                0x080056d0                sha512_block
 .text.sha512_final
                0x08005b64       0x88 build/25519/sha512.o
                0x08005b64                sha512_final
 .text.sha512_get
                0x08005bec      0x298 build/25519/sha512.o
                0x08005bec                sha512_get
 .text.base64_init_encodestate
                0x08005e84        0xa build/base64/cencode.o
                0x08005e84                base64_init_encodestate
 *fill*         0x08005e8e        0x2 
 .text.base64_encode_value
                0x08005e90       0x10 build/base64/cencode.o
                0x08005e90                base64_encode_value
 .text.base64_encode_block
                0x08005ea0       0xd6 build/base64/cencode.o
                0x08005ea0                base64_encode_block
 .text.base64_encode_blockend
                0x08005f76       0x40 build/base64/cencode.o
                0x08005f76                base64_encode_blockend
 *fill*         0x08005fb6        0x2 
 .text.failErase
                0x08005fb8       0x44 build/image.o
                0x08005fb8                failErase
 .text.imageCheckFromAddress
                0x08005ffc      0x1dc build/image.o
                0x08005ffc                imageCheckFromAddress
 .text.SetEPTxStatus
                0x080061d8       0x2a build/usb_lib/usb_regs.o
                0x080061d8                SetEPTxStatus
 .text.SetEPRxValid
                0x08006202       0x1e build/usb_lib/usb_regs.o
                0x08006202                SetEPRxValid
 .text.Clear_Status_Out
                0x08006220       0x1c build/usb_lib/usb_regs.o
                0x08006220                Clear_Status_Out
 .text.ClearDTOG_RX
                0x0800623c       0x20 build/usb_lib/usb_regs.o
                0x0800623c                ClearDTOG_RX
 .text.ClearDTOG_TX
                0x0800625c       0x20 build/usb_lib/usb_regs.o
                0x0800625c                ClearDTOG_TX
 .text.GetEPTxAddr
                0x0800627c       0x1c build/usb_lib/usb_regs.o
                0x0800627c                GetEPTxAddr
 .text.GetEPRxAddr
                0x08006298       0x1c build/usb_lib/usb_regs.o
                0x08006298                GetEPRxAddr
 .text.SetEPTxCount
                0x080062b4       0x1c build/usb_lib/usb_regs.o
                0x080062b4                SetEPTxCount
 .text.SetEPRxCount
                0x080062d0       0x40 build/usb_lib/usb_regs.o
                0x080062d0                SetEPRxCount
 .text.CTR_LP   0x08006310      0x154 build/usb_lib/usb_int.o
                0x08006310                CTR_LP
 .text.USB_Init
                0x08006464       0x38 build/usb_lib/usb_init.o
                0x08006464                USB_Init
 .text.Standard_GetConfiguration
                0x0800649c       0x24 build/usb_lib/usb_core.o
                0x0800649c                Standard_GetConfiguration
 .text.Standard_GetInterface
                0x080064c0       0x24 build/usb_lib/usb_core.o
                0x080064c0                Standard_GetInterface
 .text.Standard_GetStatus
                0x080064e4       0x90 build/usb_lib/usb_core.o
                0x080064e4                Standard_GetStatus
 .text.DataStageIn
                0x08006574       0xa8 build/usb_lib/usb_core.o
 .text.Standard_SetConfiguration
                0x0800661c       0x38 build/usb_lib/usb_core.o
                0x0800661c                Standard_SetConfiguration
 .text.Standard_SetInterface
                0x08006654       0x48 build/usb_lib/usb_core.o
                0x08006654                Standard_SetInterface
 .text.Standard_ClearFeature
                0x0800669c       0xd0 build/usb_lib/usb_core.o
                0x0800669c                Standard_ClearFeature
 .text.Standard_SetEndPointFeature
                0x0800676c       0x84 build/usb_lib/usb_core.o
                0x0800676c                Standard_SetEndPointFeature
 .text.Standard_SetDeviceFeature
                0x080067f0       0x24 build/usb_lib/usb_core.o
                0x080067f0                Standard_SetDeviceFeature
 .text.Standard_GetDescriptorData
                0x08006814       0x1c build/usb_lib/usb_core.o
                0x08006814                Standard_GetDescriptorData
 .text.Post0_Process
                0x08006830       0x40 build/usb_lib/usb_core.o
                0x08006830                Post0_Process
 .text.Setup0_Process
                0x08006870      0x2dc build/usb_lib/usb_core.o
                0x08006870                Setup0_Process
 .text.Out0_Process
                0x08006b4c       0xc8 build/usb_lib/usb_core.o
                0x08006b4c                Out0_Process
 .text.SetDeviceAddress
                0x08006c14       0x38 build/usb_lib/usb_core.o
                0x08006c14                SetDeviceAddress
 .text.In0_Process
                0x08006c4c       0x5c build/usb_lib/usb_core.o
                0x08006c4c                In0_Process
 .text.UserToPMABufferCopy
                0x08006ca8       0x30 build/usb_lib/usb_mem.o
                0x08006ca8                UserToPMABufferCopy
 .text.PMAToUserBufferCopy
                0x08006cd8       0x24 build/usb_lib/usb_mem.o
                0x08006cd8                PMAToUserBufferCopy
 .text.memcpy   0x08006cfc       0x12 c:/program files (x86)/gnu tools arm embedded/4.8 2014q3/bin/../lib/gcc/arm-none-eabi/4.8.4/../../../../arm-none-eabi/lib/armv7-m\libc_s.a(lib_a-memcpy-stub.o)
                0x08006cfc                memcpy
 .text.memset   0x08006d0e       0x10 c:/program files (x86)/gnu tools arm embedded/4.8 2014q3/bin/../lib/gcc/arm-none-eabi/4.8.4/../../../../arm-none-eabi/lib/armv7-m\libc_s.a(lib_a-memset.o)
                0x08006d0e                memset
 *fill*         0x08006d1e        0x2 
 .text.sprintf  0x08006d20       0x48 c:/program files (x86)/gnu tools arm embedded/4.8 2014q3/bin/../lib/gcc/arm-none-eabi/4.8.4/../../../../arm-none-eabi/lib/armv7-m\libc_s.a(lib_a-sprintf.o)
                0x08006d20                siprintf
                0x08006d20                sprintf
 .text.strlen   0x08006d68       0x10 c:/program files (x86)/gnu tools arm embedded/4.8 2014q3/bin/../lib/gcc/arm-none-eabi/4.8.4/../../../../arm-none-eabi/lib/armv7-m\libc_s.a(lib_a-strlen.o)
                0x08006d68                strlen
 .text.__ssputs_r
                0x08006d78       0xb8 c:/program files (x86)/gnu tools arm embedded/4.8 2014q3/bin/../lib/gcc/arm-none-eabi/4.8.4/../../../../arm-none-eabi/lib/armv7-m\libc_s.a(lib_a-svfprintf.o)
                0x08006d78                __ssputs_r
 .text._svfprintf_r
                0x08006e30      0x1d8 c:/program files (x86)/gnu tools arm embedded/4.8 2014q3/bin/../lib/gcc/arm-none-eabi/4.8.4/../../../../arm-none-eabi/lib/armv7-m\libc_s.a(lib_a-svfprintf.o)
                0x08006e30                _svfiprintf_r
                0x08006e30                _svfprintf_r
 .text._printf_common
                0x08007008       0xe4 c:/program files (x86)/gnu tools arm embedded/4.8 2014q3/bin/../lib/gcc/arm-none-eabi/4.8.4/../../../../arm-none-eabi/lib/armv7-m\libc_s.a(lib_a-vfprintf_i.o)
                0x08007008                _printf_common
 .text._printf_i
                0x080070ec      0x228 c:/program files (x86)/gnu tools arm embedded/4.8 2014q3/bin/../lib/gcc/arm-none-eabi/4.8.4/../../../../arm-none-eabi/lib/armv7-m\libc_s.a(lib_a-vfprintf_i.o)
                0x080070ec                _printf_i
 .text._vsprintf_r
                0x08007314       0x30 c:/program files (x86)/gnu tools arm embedded/4.8 2014q3/bin/../lib/gcc/arm-none-eabi/4.8.4/../../../../arm-none-eabi/lib/armv7-m\libc_s.a(lib_a-vsprintf.o)
                0x08007314                _vsprintf_r
                0x08007314                _vsiprintf_r
 .text.vsprintf
                0x08007344       0x1c c:/program files (x86)/gnu tools arm embedded/4.8 2014q3/bin/../lib/gcc/arm-none-eabi/4.8.4/../../../../arm-none-eabi/lib/armv7-m\libc_s.a(lib_a-vsprintf.o)
                0x08007344                vsiprintf
                0x08007344                vsprintf
 .text.memchr   0x08007360       0x1c c:/program files (x86)/gnu tools arm embedded/4.8 2014q3/bin/../lib/gcc/arm-none-eabi/4.8.4/../../../../arm-none-eabi/lib/armv7-m\libc_s.a(lib_a-memchr-stub.o)
                0x08007360                memchr
 .text.memmove  0x0800737c       0x36 c:/program files (x86)/gnu tools arm embedded/4.8 2014q3/bin/../lib/gcc/arm-none-eabi/4.8.4/../../../../arm-none-eabi/lib/armv7-m\libc_s.a(lib_a-memmove.o)
                0x0800737c                memmove
 *fill*         0x080073b2        0x2 
 .text._free_r  0x080073b4       0x88 c:/program files (x86)/gnu tools arm embedded/4.8 2014q3/bin/../lib/gcc/arm-none-eabi/4.8.4/../../../../arm-none-eabi/lib/armv7-m\libc_s.a(lib_a-nano-freer.o)
                0x080073b4                _free_r
 .text._malloc_r
                0x0800743c       0xa8 c:/program files (x86)/gnu tools arm embedded/4.8 2014q3/bin/../lib/gcc/arm-none-eabi/4.8.4/../../../../arm-none-eabi/lib/armv7-m\libc_s.a(lib_a-nano-mallocr.o)
                0x0800743c                _malloc_r
 .text._realloc_r
                0x080074e4       0x4c c:/program files (x86)/gnu tools arm embedded/4.8 2014q3/bin/../lib/gcc/arm-none-eabi/4.8.4/../../../../arm-none-eabi/lib/armv7-m\libc_s.a(lib_a-nano-reallocr.o)
                0x080074e4                _realloc_r
 .text._sbrk_r  0x08007530       0x20 c:/program files (x86)/gnu tools arm embedded/4.8 2014q3/bin/../lib/gcc/arm-none-eabi/4.8.4/../../../../arm-none-eabi/lib/armv7-m\libc_s.a(lib_a-sbrkr.o)
                0x08007530                _sbrk_r
 .text._malloc_usable_size_r
                0x08007550       0x12 c:/program files (x86)/gnu tools arm embedded/4.8 2014q3/bin/../lib/gcc/arm-none-eabi/4.8.4/../../../../arm-none-eabi/lib/armv7-m\libc_s.a(lib_a-nano-msizer.o)
                0x08007550                _malloc_usable_size_r
 *fill*         0x08007562        0x2 
 .text._sbrk    0x08007564       0x34 c:/program files (x86)/gnu tools arm embedded/4.8 2014q3/bin/../lib/gcc/arm-none-eabi/4.8.4/../../../../arm-none-eabi/lib/armv7-m\libnosys.a(sbrk.o)
                0x08007564                _sbrk
 *(.rodata)
 *(.rodata*)
 .rodata.str1.1
                0x08007598      0x172 build/main.o
 .rodata.str1.1
                0x0800770a       0x16 build/hardware.o
                                 0x1a (size before relaxing)
 .rodata.str1.1
                0x08007720       0x33 build/dfu.o
                                 0x48 (size before relaxing)
 *fill*         0x08007753        0x1 
 .rodata.ed25519_k
                0x08007754       0x20 build/25519/ed25519.o
 .rodata.ed25519_neutral
                0x08007774       0x80 build/25519/ed25519.o
                0x08007774                ed25519_neutral
 .rodata.ed25519_base
                0x080077f4       0x80 build/25519/ed25519.o
                0x080077f4                ed25519_base
 .rodata.ed25519_d
                0x08007874       0x20 build/25519/ed25519.o
 .rodata.ed25519_order
                0x08007894       0x20 build/25519/edsign.o
 .rodata.f25519_one
                0x080078b4       0x20 build/25519/f25519.o
                0x080078b4                f25519_one
 *fill*         0x080078d4        0x4 
 .rodata.sha512_initial_state
                0x080078d8       0x40 build/25519/sha512.o
                0x080078d8                sha512_initial_state
 .rodata.round_k
                0x08007918      0x280 build/25519/sha512.o
 .rodata.str1.1
                0x08007b98       0x41 build/base64/cencode.o
 .rodata.str1.1
                0x08007bd9       0xc2 build/image.o
                                 0xcb (size before relaxing)
 .rodata.str1.1
                0x08007c9b       0x11 c:/program files (x86)/gnu tools arm embedded/4.8 2014q3/bin/../lib/gcc/arm-none-eabi/4.8.4/../../../../arm-none-eabi/lib/armv7-m\libc_s.a(lib_a-svfprintf.o)
 .rodata.str1.1
                0x08007cac       0x22 c:/program files (x86)/gnu tools arm embedded/4.8 2014q3/bin/../lib/gcc/arm-none-eabi/4.8.4/../../../../arm-none-eabi/lib/armv7-m\libc_s.a(lib_a-vfprintf_i.o)
 .rodata.str1.1
                0x08007cce        0x2 c:/program files (x86)/gnu tools arm embedded/4.8 2014q3/bin/../lib/gcc/arm-none-eabi/4.8.4/../../../../arm-none-eabi/lib/armv7-m\libc_s.a(lib_a-impure.o)
 *(.glue_7)
 .glue_7        0x00000000        0x0 linker stubs
 *(.glue_7t)
 .glue_7t       0x00000000        0x0 linker stubs
                0x08007cd0                . = ALIGN (0x4)
                0x08007cd0                _etext = .
                0x08007cd0                _sidata = _etext

.vfp11_veneer   0x08007cd0        0x0
 .vfp11_veneer  0x00000000        0x0 linker stubs

.v4_bx          0x08007cd0        0x0
 .v4_bx         0x00000000        0x0 linker stubs

.iplt           0x08007cd0        0x0
 .iplt          0x00000000        0x0 build/stm32_lib/c_only_startup.o

.rel.dyn        0x08007cd0        0x0
 .rel.iplt      0x00000000        0x0 build/stm32_lib/c_only_startup.o

.data           0x20000000      0x488 load address 0x08007cd0
                0x20000000                . = ALIGN (0x4)
                0x20000000                _sdata = .
 *(.data)
 .data          0x20000000        0x0 build/stm32_lib/c_only_startup.o
 .data          0x20000000        0x0 build/stm32_lib/cortexm3_macro.o
 .data          0x20000000        0x0 build/usb.o
 .data          0x20000000        0x0 build/usb_callbacks.o
 .data          0x20000000        0x0 build/usb_descriptor.o
 .data          0x20000000        0x0 build/main.o
 .data          0x20000000        0x0 build/hardware.o
 .data          0x20000000        0x0 build/dfu.o
 .data          0x20000000        0x0 build/25519/c25519.o
 .data          0x20000000        0x0 build/25519/ed25519.o
 .data          0x20000000        0x0 build/25519/edsign.o
 .data          0x20000000        0x0 build/25519/f25519.o
 .data          0x20000000        0x0 build/25519/fprime.o
 .data          0x20000000        0x0 build/25519/morph25519.o
 .data          0x20000000        0x0 build/25519/sha256.o
 .data          0x20000000        0x0 build/25519/sha512.o
 .data          0x20000000        0x0 build/base64/cdecode.o
 .data          0x20000000        0x0 build/base64/cencode.o
 .data          0x20000000        0x0 build/image.o
 .data          0x20000000        0x0 build/usb_lib/usb_regs.o
 .data          0x20000000        0x0 build/usb_lib/usb_int.o
 .data          0x20000000        0x0 build/usb_lib/usb_init.o
 .data          0x20000000        0x0 build/usb_lib/usb_core.o
 .data          0x20000000        0x0 build/usb_lib/usb_mem.o
 .data          0x20000000        0x0 c:/program files (x86)/gnu tools arm embedded/4.8 2014q3/bin/../lib/gcc/arm-none-eabi/4.8.4/../../../../arm-none-eabi/lib/armv7-m\libc_s.a(lib_a-memcpy-stub.o)
 .data          0x20000000        0x0 c:/program files (x86)/gnu tools arm embedded/4.8 2014q3/bin/../lib/gcc/arm-none-eabi/4.8.4/../../../../arm-none-eabi/lib/armv7-m\libc_s.a(lib_a-memset.o)
 .data          0x20000000        0x0 c:/program files (x86)/gnu tools arm embedded/4.8 2014q3/bin/../lib/gcc/arm-none-eabi/4.8.4/../../../../arm-none-eabi/lib/armv7-m\libc_s.a(lib_a-sprintf.o)
 .data          0x20000000        0x0 c:/program files (x86)/gnu tools arm embedded/4.8 2014q3/bin/../lib/gcc/arm-none-eabi/4.8.4/../../../../arm-none-eabi/lib/armv7-m\libc_s.a(lib_a-strlen.o)
 .data          0x20000000        0x0 c:/program files (x86)/gnu tools arm embedded/4.8 2014q3/bin/../lib/gcc/arm-none-eabi/4.8.4/../../../../arm-none-eabi/lib/armv7-m\libc_s.a(lib_a-svfprintf.o)
 .data          0x20000000        0x0 c:/program files (x86)/gnu tools arm embedded/4.8 2014q3/bin/../lib/gcc/arm-none-eabi/4.8.4/../../../../arm-none-eabi/lib/armv7-m\libc_s.a(lib_a-vfprintf_i.o)
 .data          0x20000000        0x0 c:/program files (x86)/gnu tools arm embedded/4.8 2014q3/bin/../lib/gcc/arm-none-eabi/4.8.4/../../../../arm-none-eabi/lib/armv7-m\libc_s.a(lib_a-vsprintf.o)
 .data          0x20000000        0x0 c:/program files (x86)/gnu tools arm embedded/4.8 2014q3/bin/../lib/gcc/arm-none-eabi/4.8.4/../../../../arm-none-eabi/lib/armv7-m\libc_s.a(lib_a-impure.o)
 .data          0x20000000        0x0 c:/program files (x86)/gnu tools arm embedded/4.8 2014q3/bin/../lib/gcc/arm-none-eabi/4.8.4/../../../../arm-none-eabi/lib/armv7-m\libc_s.a(lib_a-memchr-stub.o)
 .data          0x20000000        0x0 c:/program files (x86)/gnu tools arm embedded/4.8 2014q3/bin/../lib/gcc/arm-none-eabi/4.8.4/../../../../arm-none-eabi/lib/armv7-m\libc_s.a(lib_a-memmove.o)
 .data          0x20000000        0x0 c:/program files (x86)/gnu tools arm embedded/4.8 2014q3/bin/../lib/gcc/arm-none-eabi/4.8.4/../../../../arm-none-eabi/lib/armv7-m\libc_s.a(lib_a-nano-freer.o)
 .data          0x20000000        0x0 c:/program files (x86)/gnu tools arm embedded/4.8 2014q3/bin/../lib/gcc/arm-none-eabi/4.8.4/../../../../arm-none-eabi/lib/armv7-m\libc_s.a(lib_a-nano-mallocr.o)
 .data          0x20000000        0x0 c:/program files (x86)/gnu tools arm embedded/4.8 2014q3/bin/../lib/gcc/arm-none-eabi/4.8.4/../../../../arm-none-eabi/lib/armv7-m\libc_s.a(lib_a-nano-reallocr.o)
 .data          0x20000000        0x0 c:/program files (x86)/gnu tools arm embedded/4.8 2014q3/bin/../lib/gcc/arm-none-eabi/4.8.4/../../../../arm-none-eabi/lib/armv7-m\libc_s.a(lib_a-sbrkr.o)
 .data          0x20000000        0x0 c:/program files (x86)/gnu tools arm embedded/4.8 2014q3/bin/../lib/gcc/arm-none-eabi/4.8.4/../../../../arm-none-eabi/lib/armv7-m\libc_s.a(lib_a-nano-msizer.o)
 .data          0x20000000        0x0 c:/program files (x86)/gnu tools arm embedded/4.8 2014q3/bin/../lib/gcc/arm-none-eabi/4.8.4/../../../../arm-none-eabi/lib/armv7-m\libc_s.a(lib_a-reent.o)
 .data          0x20000000        0x0 .\libstm32fw.a(stm32f10x_gpio.o)
 .data          0x20000000       0x14 .\libstm32fw.a(stm32f10x_rcc.o)
 .data          0x20000014        0x0 .\libstm32fw.a(stm32f10x_usart.o)
 .data          0x20000014        0x0 c:/program files (x86)/gnu tools arm embedded/4.8 2014q3/bin/../lib/gcc/arm-none-eabi/4.8.4/../../../../arm-none-eabi/lib/armv7-m\libnosys.a(sbrk.o)
 *(.data.*)
 .data.Device_Property
                0x20000014       0x34 build/usb.o
                0x20000014                Device_Property
 .data.pEpInt_IN
                0x20000048       0x1c build/usb.o
                0x20000048                pEpInt_IN
 .data.pEpInt_OUT
                0x20000064       0x1c build/usb.o
                0x20000064                pEpInt_OUT
 .data.User_Standard_Requests
                0x20000080       0x24 build/usb.o
                0x20000080                User_Standard_Requests
 .data.Device_Table
                0x200000a4        0x2 build/usb.o
                0x200000a4                Device_Table
 *fill*         0x200000a6        0x2 
 .data.usbStringDescriptor
                0x200000a8       0x38 build/usb_descriptor.o
                0x200000a8                usbStringDescriptor
 .data.u8_usbDeviceDescriptorDFU
                0x200000e0       0x12 build/usb_descriptor.o
                0x200000e0                u8_usbDeviceDescriptorDFU
 *fill*         0x200000f2        0x2 
 .data.usbFunctionalDescriptor
                0x200000f4        0x8 build/usb_descriptor.o
                0x200000f4                usbFunctionalDescriptor
 .data.u8_usbStringLangId
                0x200000fc        0x4 build/usb_descriptor.o
                0x200000fc                u8_usbStringLangId
 .data.u8_usbConfigDescriptorDFU
                0x20000100       0x2d build/usb_descriptor.o
                0x20000100                u8_usbConfigDescriptorDFU
 .data.u8_usbStringSerial
                0x2000012d       0x10 build/usb_descriptor.o
                0x2000012d                u8_usbStringSerial
 .data.u8_usbFunctionalDescriptor
                0x2000013d        0x9 build/usb_descriptor.o
                0x2000013d                u8_usbFunctionalDescriptor
 .data.u8_usbStringVendor
                0x20000146       0x12 build/usb_descriptor.o
                0x20000146                u8_usbStringVendor
 .data.usbDeviceDescriptorDFU
                0x20000158        0x8 build/usb_descriptor.o
                0x20000158                usbDeviceDescriptorDFU
 .data.u8_usbStringProduct
                0x20000160       0x14 build/usb_descriptor.o
                0x20000160                u8_usbStringProduct
 .data.u8_usbStringAlt0
                0x20000174       0x78 build/usb_descriptor.o
                0x20000174                u8_usbStringAlt0
 .data.u8_usbStringAlt1
                0x200001ec       0x64 build/usb_descriptor.o
                0x200001ec                u8_usbStringAlt1
 .data.u8_usbStringAlt2
                0x20000250       0x64 build/usb_descriptor.o
                0x20000250                u8_usbStringAlt2
 .data.usbConfigDescriptorDFU
                0x200002b4        0x8 build/usb_descriptor.o
                0x200002b4                usbConfigDescriptorDFU
 .data.userAppEnd
                0x200002bc        0x4 build/dfu.o
 .data.userAppAddr
                0x200002c0        0x4 build/dfu.o
 .data.sha256_padding
                0x200002c4       0x40 build/25519/sha256.o
 .data.k        0x20000304      0x100 build/25519/sha256.o
                0x20000304                k
 .data.rootCA   0x20000404       0x20 build/image.o
                0x20000404                rootCA
 .data.impure_data
                0x20000424       0x60 c:/program files (x86)/gnu tools arm embedded/4.8 2014q3/bin/../lib/gcc/arm-none-eabi/4.8.4/../../../../arm-none-eabi/lib/armv7-m\libc_s.a(lib_a-impure.o)
 .data._impure_ptr
                0x20000484        0x4 c:/program files (x86)/gnu tools arm embedded/4.8 2014q3/bin/../lib/gcc/arm-none-eabi/4.8.4/../../../../arm-none-eabi/lib/armv7-m\libc_s.a(lib_a-impure.o)
                0x20000484                _impure_ptr
                0x20000488                . = ALIGN (0x4)
                0x20000488                _edata = .

.igot.plt       0x20000488        0x0 load address 0x08008158
 .igot.plt      0x00000000        0x0 build/stm32_lib/c_only_startup.o

.bss            0x20000488      0x12c load address 0x08008158
                0x20000488                . = ALIGN (0x4)
                0x20000488                _sbss = .
 *(.bss)
 *(COMMON)
 COMMON         0x20000488        0x8 build/usb.o
                0x20000488                wTransferSize
                0x2000048c                wIstr
                0x2000048e                ResumeS
 COMMON         0x20000490       0xe5 build/dfu.o
                0x20000490                input
                0x200004ec                sha256sum
                0x2000050c                ctx
                0x20000574                code_copy_lock
 *fill*         0x20000575        0x1 
 COMMON         0x20000576        0x4 build/usb_lib/usb_int.o
                0x20000576                SaveRState
                0x20000578                SaveTState
 *fill*         0x2000057a        0x2 
 COMMON         0x2000057c       0x32 build/usb_lib/usb_init.o
                0x2000057c                SaveState
                0x20000580                pProperty
                0x20000584                EPindex
                0x20000588                Device_Info
                0x200005a4                pUser_Standard_Requests
                0x200005a8                pInformation
                0x200005ac                wInterrupt_Mask
 COMMON         0x200005ae        0x2 build/usb_lib/usb_core.o
                0x200005ae                StatusInfo
 COMMON         0x200005b0        0x4 c:/program files (x86)/gnu tools arm embedded/4.8 2014q3/bin/../lib/gcc/arm-none-eabi/4.8.4/../../../../arm-none-eabi/lib/armv7-m\libc_s.a(lib_a-reent.o)
                0x200005b0                errno
                0x200005b4                . = ALIGN (0x4)
                0x200005b4                _ebss = .
                0x200005b4                PROVIDE (end, _ebss)
                0x200005b4                PROVIDE (_end, _ebss)

.bss.bIntPackSOF
                0x200005b4        0x1 load address 0x08008284
 .bss.bIntPackSOF
                0x200005b4        0x1 build/usb.o
                0x200005b4                bIntPackSOF

.bss.bDeviceState
                0x200005b8        0x4 load address 0x08008288
 .bss.bDeviceState
                0x200005b8        0x4 build/usb.o
                0x200005b8                bDeviceState

.bss.recvBuffer
                0x200005bc      0x800 load address 0x0800828c
 .bss.recvBuffer
                0x200005bc      0x800 build/dfu.o

.bss.uploadBlockLen
                0x20000dbc        0x2 load address 0x08008a8c
 .bss.uploadBlockLen
                0x20000dbc        0x2 build/dfu.o

.bss.thisBlockLen
                0x20000dbe        0x2 load address 0x08008a8e
 .bss.thisBlockLen
                0x20000dbe        0x2 build/dfu.o

.bss.userFirmwareLen
                0x20000dc0        0x4 load address 0x08008a90
 .bss.userFirmwareLen
                0x20000dc0        0x4 build/dfu.o

.bss.userUploadType
                0x20000dc4        0x1 load address 0x08008a94
 .bss.userUploadType
                0x20000dc4        0x1 build/dfu.o
                0x20000dc4                userUploadType

.bss.dfuAppStatus
                0x20000dc5        0x6 load address 0x08008a95
 .bss.dfuAppStatus
                0x20000dc5        0x6 build/dfu.o

.bss.dfuBusy    0x20000dcb        0x1 load address 0x08008a9b
 .bss.dfuBusy   0x20000dcb        0x1 build/dfu.o
                0x20000dcb                dfuBusy

.bss.Data_Mul_MaxPacketSize
                0x20000dcc        0x1 load address 0x08008a9c
 .bss.Data_Mul_MaxPacketSize
                0x20000dcc        0x1 build/usb_lib/usb_core.o
                0x20000dcc                Data_Mul_MaxPacketSize

.bss.__malloc_sbrk_start
                0x20000dd0        0x4 load address 0x08008aa0
 .bss.__malloc_sbrk_start
                0x20000dd0        0x4 c:/program files (x86)/gnu tools arm embedded/4.8 2014q3/bin/../lib/gcc/arm-none-eabi/4.8.4/../../../../arm-none-eabi/lib/armv7-m\libc_s.a(lib_a-nano-mallocr.o)
                0x20000dd0                __malloc_sbrk_start

.bss.__malloc_free_list
                0x20000dd4        0x4 load address 0x08008aa4
 .bss.__malloc_free_list
                0x20000dd4        0x4 c:/program files (x86)/gnu tools arm embedded/4.8 2014q3/bin/../lib/gcc/arm-none-eabi/4.8.4/../../../../arm-none-eabi/lib/armv7-m\libc_s.a(lib_a-nano-mallocr.o)
                0x20000dd4                __malloc_free_list

.bss.heap_end.4246
                0x20000dd8        0x4 load address 0x08008aa8
 .bss.heap_end.4246
                0x20000dd8        0x4 c:/program files (x86)/gnu tools arm embedded/4.8 2014q3/bin/../lib/gcc/arm-none-eabi/4.8.4/../../../../arm-none-eabi/lib/armv7-m\libnosys.a(sbrk.o)

._usrstack      0x20000ddc      0x100 load address 0x08008aac
                0x20000ddc                . = ALIGN (0x4)
                0x20000ddc                _susrstack = .
                0x20000edc                . = (. + _Minimum_Stack_Size)
 *fill*         0x20000ddc      0x100 
                0x20000edc                . = ALIGN (0x4)
                0x20000edc                _eusrstack = .

DISCARD
 libc.a(*)
 libm.a(*)
 libgcc.a(*)
 *(.ARM.exidx*)
 *(.gnu.linkonce.armexidx.*)

.stab
 *(.stab)

.stabstr
 *(.stabstr)

.stab.excl
 *(.stab.excl)

.stab.exclstr
 *(.stab.exclstr)

.stab.index
 *(.stab.index)

.stab.indexstr
 *(.stab.indexstr)

.comment        0x00000000       0x70
 *(.comment)
 .comment       0x00000000       0x70 build/usb.o
                                 0x71 (size before relaxing)
 .comment       0x00000000       0x71 build/usb_callbacks.o
 .comment       0x00000000       0x71 build/usb_descriptor.o
 .comment       0x00000000       0x71 build/main.o
 .comment       0x00000000       0x71 build/hardware.o
 .comment       0x00000000       0x71 build/dfu.o
 .comment       0x00000000       0x71 build/25519/c25519.o
 .comment       0x00000000       0x71 build/25519/ed25519.o
 .comment       0x00000000       0x71 build/25519/edsign.o
 .comment       0x00000000       0x71 build/25519/f25519.o
 .comment       0x00000000       0x71 build/25519/fprime.o
 .comment       0x00000000       0x71 build/25519/morph25519.o
 .comment       0x00000000       0x71 build/25519/sha256.o
 .comment       0x00000000       0x71 build/25519/sha512.o
 .comment       0x00000000       0x71 build/base64/cdecode.o
 .comment       0x00000000       0x71 build/base64/cencode.o
 .comment       0x00000000       0x71 build/image.o
 .comment       0x00000000       0x71 build/usb_lib/usb_regs.o
 .comment       0x00000000       0x71 build/usb_lib/usb_int.o
 .comment       0x00000000       0x71 build/usb_lib/usb_init.o
 .comment       0x00000000       0x71 build/usb_lib/usb_core.o
 .comment       0x00000000       0x71 build/usb_lib/usb_mem.o
 .comment       0x00000000       0x71 .\libstm32fw.a(stm32f10x_gpio.o)
 .comment       0x00000000       0x71 .\libstm32fw.a(stm32f10x_rcc.o)
 .comment       0x00000000       0x71 .\libstm32fw.a(stm32f10x_usart.o)

.ARM.attributes
                0x00000000       0x2f
 .ARM.attributes
                0x00000000       0x21 build/stm32_lib/c_only_startup.o
 .ARM.attributes
                0x00000021       0x21 build/stm32_lib/cortexm3_macro.o
 .ARM.attributes
                0x00000042       0x33 build/usb.o
 .ARM.attributes
                0x00000075       0x33 build/usb_callbacks.o
 .ARM.attributes
                0x000000a8       0x33 build/usb_descriptor.o
 .ARM.attributes
                0x000000db       0x33 build/main.o
 .ARM.attributes
                0x0000010e       0x33 build/hardware.o
 .ARM.attributes
                0x00000141       0x33 build/dfu.o
 .ARM.attributes
                0x00000174       0x33 build/25519/c25519.o
 .ARM.attributes
                0x000001a7       0x33 build/25519/ed25519.o
 .ARM.attributes
                0x000001da       0x33 build/25519/edsign.o
 .ARM.attributes
                0x0000020d       0x33 build/25519/f25519.o
 .ARM.attributes
                0x00000240       0x33 build/25519/fprime.o
 .ARM.attributes
                0x00000273       0x33 build/25519/morph25519.o
 .ARM.attributes
                0x000002a6       0x33 build/25519/sha256.o
 .ARM.attributes
                0x000002d9       0x33 build/25519/sha512.o
 .ARM.attributes
                0x0000030c       0x33 build/base64/cdecode.o
 .ARM.attributes
                0x0000033f       0x33 build/base64/cencode.o
 .ARM.attributes
                0x00000372       0x33 build/image.o
 .ARM.attributes
                0x000003a5       0x33 build/usb_lib/usb_regs.o
 .ARM.attributes
                0x000003d8       0x33 build/usb_lib/usb_int.o
 .ARM.attributes
                0x0000040b       0x33 build/usb_lib/usb_init.o
 .ARM.attributes
                0x0000043e       0x33 build/usb_lib/usb_core.o
 .ARM.attributes
                0x00000471       0x33 build/usb_lib/usb_mem.o
 .ARM.attributes
                0x000004a4       0x2d c:/program files (x86)/gnu tools arm embedded/4.8 2014q3/bin/../lib/gcc/arm-none-eabi/4.8.4/../../../../arm-none-eabi/lib/armv7-m\libc_s.a(lib_a-memcpy-stub.o)
 .ARM.attributes
                0x000004d1       0x2d c:/program files (x86)/gnu tools arm embedded/4.8 2014q3/bin/../lib/gcc/arm-none-eabi/4.8.4/../../../../arm-none-eabi/lib/armv7-m\libc_s.a(lib_a-memset.o)
 .ARM.attributes
                0x000004fe       0x2d c:/program files (x86)/gnu tools arm embedded/4.8 2014q3/bin/../lib/gcc/arm-none-eabi/4.8.4/../../../../arm-none-eabi/lib/armv7-m\libc_s.a(lib_a-sprintf.o)
 .ARM.attributes
                0x0000052b       0x2d c:/program files (x86)/gnu tools arm embedded/4.8 2014q3/bin/../lib/gcc/arm-none-eabi/4.8.4/../../../../arm-none-eabi/lib/armv7-m\libc_s.a(lib_a-strlen.o)
 .ARM.attributes
                0x00000558       0x2d c:/program files (x86)/gnu tools arm embedded/4.8 2014q3/bin/../lib/gcc/arm-none-eabi/4.8.4/../../../../arm-none-eabi/lib/armv7-m\libc_s.a(lib_a-svfprintf.o)
 .ARM.attributes
                0x00000585       0x2d c:/program files (x86)/gnu tools arm embedded/4.8 2014q3/bin/../lib/gcc/arm-none-eabi/4.8.4/../../../../arm-none-eabi/lib/armv7-m\libc_s.a(lib_a-vfprintf_i.o)
 .ARM.attributes
                0x000005b2       0x2d c:/program files (x86)/gnu tools arm embedded/4.8 2014q3/bin/../lib/gcc/arm-none-eabi/4.8.4/../../../../arm-none-eabi/lib/armv7-m\libc_s.a(lib_a-vsprintf.o)
 .ARM.attributes
                0x000005df       0x2d c:/program files (x86)/gnu tools arm embedded/4.8 2014q3/bin/../lib/gcc/arm-none-eabi/4.8.4/../../../../arm-none-eabi/lib/armv7-m\libc_s.a(lib_a-impure.o)
 .ARM.attributes
                0x0000060c       0x2d c:/program files (x86)/gnu tools arm embedded/4.8 2014q3/bin/../lib/gcc/arm-none-eabi/4.8.4/../../../../arm-none-eabi/lib/armv7-m\libc_s.a(lib_a-memchr-stub.o)
 .ARM.attributes
                0x00000639       0x2d c:/program files (x86)/gnu tools arm embedded/4.8 2014q3/bin/../lib/gcc/arm-none-eabi/4.8.4/../../../../arm-none-eabi/lib/armv7-m\libc_s.a(lib_a-memmove.o)
 .ARM.attributes
                0x00000666       0x2d c:/program files (x86)/gnu tools arm embedded/4.8 2014q3/bin/../lib/gcc/arm-none-eabi/4.8.4/../../../../arm-none-eabi/lib/armv7-m\libc_s.a(lib_a-nano-freer.o)
 .ARM.attributes
                0x00000693       0x2d c:/program files (x86)/gnu tools arm embedded/4.8 2014q3/bin/../lib/gcc/arm-none-eabi/4.8.4/../../../../arm-none-eabi/lib/armv7-m\libc_s.a(lib_a-nano-mallocr.o)
 .ARM.attributes
                0x000006c0       0x2d c:/program files (x86)/gnu tools arm embedded/4.8 2014q3/bin/../lib/gcc/arm-none-eabi/4.8.4/../../../../arm-none-eabi/lib/armv7-m\libc_s.a(lib_a-nano-reallocr.o)
 .ARM.attributes
                0x000006ed       0x2d c:/program files (x86)/gnu tools arm embedded/4.8 2014q3/bin/../lib/gcc/arm-none-eabi/4.8.4/../../../../arm-none-eabi/lib/armv7-m\libc_s.a(lib_a-sbrkr.o)
 .ARM.attributes
                0x0000071a       0x2d c:/program files (x86)/gnu tools arm embedded/4.8 2014q3/bin/../lib/gcc/arm-none-eabi/4.8.4/../../../../arm-none-eabi/lib/armv7-m\libc_s.a(lib_a-nano-msizer.o)
 .ARM.attributes
                0x00000747       0x2d c:/program files (x86)/gnu tools arm embedded/4.8 2014q3/bin/../lib/gcc/arm-none-eabi/4.8.4/../../../../arm-none-eabi/lib/armv7-m\libc_s.a(lib_a-reent.o)
 .ARM.attributes
                0x00000774       0x33 .\libstm32fw.a(stm32f10x_gpio.o)
 .ARM.attributes
                0x000007a7       0x33 .\libstm32fw.a(stm32f10x_rcc.o)
 .ARM.attributes
                0x000007da       0x33 .\libstm32fw.a(stm32f10x_usart.o)
 .ARM.attributes
                0x0000080d       0x2d c:/program files (x86)/gnu tools arm embedded/4.8 2014q3/bin/../lib/gcc/arm-none-eabi/4.8.4/../../../../arm-none-eabi/lib/armv7-m\libnosys.a(sbrk.o)

.debug
 *(.debug)

.line
 *(.line)

.debug_srcinfo
 *(.debug_srcinfo)

.debug_sfnames
 *(.debug_sfnames)

.debug_aranges  0x00000000      0x8f8
 *(.debug_aranges)
 .debug_aranges
                0x00000000       0x28 build/stm32_lib/c_only_startup.o
 .debug_aranges
                0x00000028       0x20 build/stm32_lib/cortexm3_macro.o
 .debug_aranges
                0x00000048      0x120 build/usb.o
 .debug_aranges
                0x00000168       0x18 build/usb_descriptor.o
 .debug_aranges
                0x00000180       0x38 build/main.o
 .debug_aranges
                0x000001b8      0x108 build/hardware.o
 .debug_aranges
                0x000002c0       0x88 build/dfu.o
 .debug_aranges
                0x00000348       0x20 build/25519/c25519.o
 .debug_aranges
                0x00000368       0x50 build/25519/ed25519.o
 .debug_aranges
                0x000003b8       0x48 build/25519/edsign.o
 .debug_aranges
                0x00000400       0x80 build/25519/f25519.o
 .debug_aranges
                0x00000480       0x60 build/25519/fprime.o
 .debug_aranges
                0x000004e0       0x28 build/25519/morph25519.o
 .debug_aranges
                0x00000508       0x38 build/25519/sha256.o
 .debug_aranges
                0x00000540       0x30 build/25519/sha512.o
 .debug_aranges
                0x00000570       0x30 build/base64/cdecode.o
 .debug_aranges
                0x000005a0       0x38 build/base64/cencode.o
 .debug_aranges
                0x000005d8       0x28 build/image.o
 .debug_aranges
                0x00000600      0x1f0 build/usb_lib/usb_regs.o
 .debug_aranges
                0x000007f0       0x28 build/usb_lib/usb_int.o
 .debug_aranges
                0x00000818       0x20 build/usb_lib/usb_init.o
 .debug_aranges
                0x00000838       0x98 build/usb_lib/usb_core.o
 .debug_aranges
                0x000008d0       0x28 build/usb_lib/usb_mem.o

.debug_pubnames
 *(.debug_pubnames)

.debug_info     0x00000000     0xc058
 *(.debug_info .gnu.linkonce.wi.*)
 .debug_info    0x00000000       0x7c build/stm32_lib/c_only_startup.o
 .debug_info    0x0000007c       0x82 build/stm32_lib/cortexm3_macro.o
 .debug_info    0x000000fe      0xe0c build/usb.o
 .debug_info    0x00000f0a      0x25d build/usb_descriptor.o
 .debug_info    0x00001167      0xbaa build/main.o
 .debug_info    0x00001d11     0x129c build/hardware.o
 .debug_info    0x00002fad      0x9b5 build/dfu.o
 .debug_info    0x00003962      0xa37 build/25519/c25519.o
 .debug_info    0x00004399      0xeb6 build/25519/ed25519.o
 .debug_info    0x0000524f      0xd4a build/25519/edsign.o
 .debug_info    0x00005f99      0xfa7 build/25519/f25519.o
 .debug_info    0x00006f40      0xd74 build/25519/fprime.o
 .debug_info    0x00007cb4      0x62a build/25519/morph25519.o
 .debug_info    0x000082de      0x5b0 build/25519/sha256.o
 .debug_info    0x0000888e      0x783 build/25519/sha512.o
 .debug_info    0x00009011      0x1d0 build/base64/cdecode.o
 .debug_info    0x000091e1      0x26b build/base64/cencode.o
 .debug_info    0x0000944c      0xa4f build/image.o
 .debug_info    0x00009e9b      0xc8c build/usb_lib/usb_regs.o
 .debug_info    0x0000ab27      0x1dc build/usb_lib/usb_int.o
 .debug_info    0x0000ad03      0x3fd build/usb_lib/usb_init.o
 .debug_info    0x0000b100      0xde4 build/usb_lib/usb_core.o
 .debug_info    0x0000bee4      0x174 build/usb_lib/usb_mem.o

.debug_abbrev   0x00000000     0x2c86
 *(.debug_abbrev)
 .debug_abbrev  0x00000000       0x12 build/stm32_lib/c_only_startup.o
 .debug_abbrev  0x00000012       0x14 build/stm32_lib/cortexm3_macro.o
 .debug_abbrev  0x00000026      0x3e5 build/usb.o
 .debug_abbrev  0x0000040b       0x8a build/usb_descriptor.o
 .debug_abbrev  0x00000495      0x279 build/main.o
 .debug_abbrev  0x0000070e      0x3eb build/hardware.o
 .debug_abbrev  0x00000af9      0x37c build/dfu.o
 .debug_abbrev  0x00000e75      0x1ac build/25519/c25519.o
 .debug_abbrev  0x00001021      0x272 build/25519/ed25519.o
 .debug_abbrev  0x00001293      0x270 build/25519/edsign.o
 .debug_abbrev  0x00001503      0x2bd build/25519/f25519.o
 .debug_abbrev  0x000017c0      0x266 build/25519/fprime.o
 .debug_abbrev  0x00001a26      0x1bc build/25519/morph25519.o
 .debug_abbrev  0x00001be2      0x1e0 build/25519/sha256.o
 .debug_abbrev  0x00001dc2      0x1e5 build/25519/sha512.o
 .debug_abbrev  0x00001fa7      0x124 build/base64/cdecode.o
 .debug_abbrev  0x000020cb      0x138 build/base64/cencode.o
 .debug_abbrev  0x00002203      0x285 build/image.o
 .debug_abbrev  0x00002488      0x1f5 build/usb_lib/usb_regs.o
 .debug_abbrev  0x0000267d       0xda build/usb_lib/usb_int.o
 .debug_abbrev  0x00002757      0x103 build/usb_lib/usb_init.o
 .debug_abbrev  0x0000285a      0x3a1 build/usb_lib/usb_core.o
 .debug_abbrev  0x00002bfb       0x8b build/usb_lib/usb_mem.o

.debug_line     0x00000000     0x3fea
 *(.debug_line)
 .debug_line    0x00000000       0x75 build/stm32_lib/c_only_startup.o
 .debug_line    0x00000075       0xa6 build/stm32_lib/cortexm3_macro.o
 .debug_line    0x0000011b      0x3ab build/usb.o
 .debug_line    0x000004c6        0x0 build/usb_callbacks.o
 .debug_line    0x000004c6       0x72 build/usb_descriptor.o
 .debug_line    0x00000538      0x2ad build/main.o
 .debug_line    0x000007e5      0x541 build/hardware.o
 .debug_line    0x00000d26      0x3b6 build/dfu.o
 .debug_line    0x000010dc      0x253 build/25519/c25519.o
 .debug_line    0x0000132f      0x2a2 build/25519/ed25519.o
 .debug_line    0x000015d1      0x2a2 build/25519/edsign.o
 .debug_line    0x00001873      0x706 build/25519/f25519.o
 .debug_line    0x00001f79      0x3fe build/25519/fprime.o
 .debug_line    0x00002377      0x156 build/25519/morph25519.o
 .debug_line    0x000024cd      0x809 build/25519/sha256.o
 .debug_line    0x00002cd6      0x534 build/25519/sha512.o
 .debug_line    0x0000320a       0xc4 build/base64/cdecode.o
 .debug_line    0x000032ce       0xdf build/base64/cencode.o
 .debug_line    0x000033ad      0x26c build/image.o
 .debug_line    0x00003619      0x4cb build/usb_lib/usb_regs.o
 .debug_line    0x00003ae4       0xb8 build/usb_lib/usb_int.o
 .debug_line    0x00003b9c       0x67 build/usb_lib/usb_init.o
 .debug_line    0x00003c03      0x354 build/usb_lib/usb_core.o
 .debug_line    0x00003f57       0x93 build/usb_lib/usb_mem.o

.debug_frame    0x00000000     0x19f4
 *(.debug_frame)
 .debug_frame   0x00000000      0x2c0 build/usb.o
 .debug_frame   0x000002c0       0xa0 build/main.o
 .debug_frame   0x00000360      0x2e4 build/hardware.o
 .debug_frame   0x00000644      0x134 build/dfu.o
 .debug_frame   0x00000778       0x3c build/25519/c25519.o
 .debug_frame   0x000007b4      0x128 build/25519/ed25519.o
 .debug_frame   0x000008dc       0xfc build/25519/edsign.o
 .debug_frame   0x000009d8      0x1c0 build/25519/f25519.o
 .debug_frame   0x00000b98      0x158 build/25519/fprime.o
 .debug_frame   0x00000cf0       0x5c build/25519/morph25519.o
 .debug_frame   0x00000d4c       0xc0 build/25519/sha256.o
 .debug_frame   0x00000e0c       0xa4 build/25519/sha512.o
 .debug_frame   0x00000eb0       0x64 build/base64/cdecode.o
 .debug_frame   0x00000f14       0x84 build/base64/cencode.o
 .debug_frame   0x00000f98       0x58 build/image.o
 .debug_frame   0x00000ff0      0x3d8 build/usb_lib/usb_regs.o
 .debug_frame   0x000013c8       0x4c build/usb_lib/usb_int.o
 .debug_frame   0x00001414       0x2c build/usb_lib/usb_init.o
 .debug_frame   0x00001440      0x1ec build/usb_lib/usb_core.o
 .debug_frame   0x0000162c       0x48 build/usb_lib/usb_mem.o
 .debug_frame   0x00001674       0x28 c:/program files (x86)/gnu tools arm embedded/4.8 2014q3/bin/../lib/gcc/arm-none-eabi/4.8.4/../../../../arm-none-eabi/lib/armv7-m\libc_s.a(lib_a-memcpy-stub.o)
 .debug_frame   0x0000169c       0x20 c:/program files (x86)/gnu tools arm embedded/4.8 2014q3/bin/../lib/gcc/arm-none-eabi/4.8.4/../../../../arm-none-eabi/lib/armv7-m\libc_s.a(lib_a-memset.o)
 .debug_frame   0x000016bc       0x58 c:/program files (x86)/gnu tools arm embedded/4.8 2014q3/bin/../lib/gcc/arm-none-eabi/4.8.4/../../../../arm-none-eabi/lib/armv7-m\libc_s.a(lib_a-sprintf.o)
 .debug_frame   0x00001714       0x20 c:/program files (x86)/gnu tools arm embedded/4.8 2014q3/bin/../lib/gcc/arm-none-eabi/4.8.4/../../../../arm-none-eabi/lib/armv7-m\libc_s.a(lib_a-strlen.o)
 .debug_frame   0x00001734       0x88 c:/program files (x86)/gnu tools arm embedded/4.8 2014q3/bin/../lib/gcc/arm-none-eabi/4.8.4/../../../../arm-none-eabi/lib/armv7-m\libc_s.a(lib_a-svfprintf.o)
 .debug_frame   0x000017bc       0x60 c:/program files (x86)/gnu tools arm embedded/4.8 2014q3/bin/../lib/gcc/arm-none-eabi/4.8.4/../../../../arm-none-eabi/lib/armv7-m\libc_s.a(lib_a-vfprintf_i.o)
 .debug_frame   0x0000181c       0x48 c:/program files (x86)/gnu tools arm embedded/4.8 2014q3/bin/../lib/gcc/arm-none-eabi/4.8.4/../../../../arm-none-eabi/lib/armv7-m\libc_s.a(lib_a-vsprintf.o)
 .debug_frame   0x00001864       0x28 c:/program files (x86)/gnu tools arm embedded/4.8 2014q3/bin/../lib/gcc/arm-none-eabi/4.8.4/../../../../arm-none-eabi/lib/armv7-m\libc_s.a(lib_a-memchr-stub.o)
 .debug_frame   0x0000188c       0x2c c:/program files (x86)/gnu tools arm embedded/4.8 2014q3/bin/../lib/gcc/arm-none-eabi/4.8.4/../../../../arm-none-eabi/lib/armv7-m\libc_s.a(lib_a-memmove.o)
 .debug_frame   0x000018b8       0x2c c:/program files (x86)/gnu tools arm embedded/4.8 2014q3/bin/../lib/gcc/arm-none-eabi/4.8.4/../../../../arm-none-eabi/lib/armv7-m\libc_s.a(lib_a-nano-freer.o)
 .debug_frame   0x000018e4       0x2c c:/program files (x86)/gnu tools arm embedded/4.8 2014q3/bin/../lib/gcc/arm-none-eabi/4.8.4/../../../../arm-none-eabi/lib/armv7-m\libc_s.a(lib_a-nano-mallocr.o)
 .debug_frame   0x00001910       0x30 c:/program files (x86)/gnu tools arm embedded/4.8 2014q3/bin/../lib/gcc/arm-none-eabi/4.8.4/../../../../arm-none-eabi/lib/armv7-m\libc_s.a(lib_a-nano-reallocr.o)
 .debug_frame   0x00001940       0x2c c:/program files (x86)/gnu tools arm embedded/4.8 2014q3/bin/../lib/gcc/arm-none-eabi/4.8.4/../../../../arm-none-eabi/lib/armv7-m\libc_s.a(lib_a-sbrkr.o)
 .debug_frame   0x0000196c       0x20 c:/program files (x86)/gnu tools arm embedded/4.8 2014q3/bin/../lib/gcc/arm-none-eabi/4.8.4/../../../../arm-none-eabi/lib/armv7-m\libc_s.a(lib_a-nano-msizer.o)
 .debug_frame   0x0000198c       0x48 c:/program files (x86)/gnu tools arm embedded/4.8 2014q3/bin/../lib/gcc/arm-none-eabi/4.8.4/../../../../arm-none-eabi/lib/armv7-m\libc_s.a(lib_a-reent.o)
 .debug_frame   0x000019d4       0x20 c:/program files (x86)/gnu tools arm embedded/4.8 2014q3/bin/../lib/gcc/arm-none-eabi/4.8.4/../../../../arm-none-eabi/lib/armv7-m\libnosys.a(sbrk.o)

.debug_str      0x00000000     0x25c5
 *(.debug_str)
 .debug_str     0x00000000      0x9ea build/usb.o
                                0xb8f (size before relaxing)
 .debug_str     0x000009ea        0x0 build/usb_callbacks.o
 .debug_str     0x000009ea       0xc1 build/usb_descriptor.o
                                0x303 (size before relaxing)
 .debug_str     0x00000aab      0x391 build/main.o
                                0x58a (size before relaxing)
 .debug_str     0x00000e3c      0x540 build/hardware.o
                                0x8b1 (size before relaxing)
 .debug_str     0x0000137c      0x24d build/dfu.o
                                0x734 (size before relaxing)
 .debug_str     0x000015c9      0x16f build/25519/c25519.o
                                0x26b (size before relaxing)
 .debug_str     0x00001738      0x10a build/25519/ed25519.o
                                0x313 (size before relaxing)
 .debug_str     0x00001842      0x13b build/25519/edsign.o
                                0x385 (size before relaxing)
 .debug_str     0x0000197d       0x4a build/25519/f25519.o
                                0x2b2 (size before relaxing)
 .debug_str     0x000019c7       0xed build/25519/fprime.o
                                0x2e5 (size before relaxing)
 .debug_str     0x00001ab4       0x55 build/25519/morph25519.o
                                0x266 (size before relaxing)
 .debug_str     0x00001b09       0x60 build/25519/sha256.o
                                0x232 (size before relaxing)
 .debug_str     0x00001b69       0x52 build/25519/sha512.o
                                0x257 (size before relaxing)
 .debug_str     0x00001bbb       0x80 build/base64/cdecode.o
                                0x1e5 (size before relaxing)
 .debug_str     0x00001c3b       0x60 build/base64/cencode.o
                                0x20b (size before relaxing)
 .debug_str     0x00001c9b       0xe5 build/image.o
                                0x49b (size before relaxing)
 .debug_str     0x00001d80      0x3ab build/usb_lib/usb_regs.o
                                0x51f (size before relaxing)
 .debug_str     0x0000212b       0x66 build/usb_lib/usb_int.o
                                0x1c7 (size before relaxing)
 .debug_str     0x00002191       0x41 build/usb_lib/usb_init.o
                                0x4f9 (size before relaxing)
 .debug_str     0x000021d2      0x3bd build/usb_lib/usb_core.o
                                0xa91 (size before relaxing)
 .debug_str     0x0000258f       0x36 build/usb_lib/usb_mem.o
                                0x197 (size before relaxing)

.debug_loc      0x00000000     0xa2cb
 *(.debug_loc)
 .debug_loc     0x00000000      0x246 build/usb.o
 .debug_loc     0x00000246      0x17e build/main.o
 .debug_loc     0x000003c4      0x614 build/hardware.o
 .debug_loc     0x000009d8      0x157 build/dfu.o
 .debug_loc     0x00000b2f      0x329 build/25519/c25519.o
 .debug_loc     0x00000e58      0x528 build/25519/ed25519.o
 .debug_loc     0x00001380      0x880 build/25519/edsign.o
 .debug_loc     0x00001c00     0x2008 build/25519/f25519.o
 .debug_loc     0x00003c08     0x12d1 build/25519/fprime.o
 .debug_loc     0x00004ed9      0x1ce build/25519/morph25519.o
 .debug_loc     0x000050a7     0x229b build/25519/sha256.o
 .debug_loc     0x00007342      0xfe6 build/25519/sha512.o
 .debug_loc     0x00008328      0x28d build/base64/cdecode.o
 .debug_loc     0x000085b5      0x42f build/base64/cencode.o
 .debug_loc     0x000089e4      0x14d build/image.o
 .debug_loc     0x00008b31      0xbab build/usb_lib/usb_regs.o
 .debug_loc     0x000096dc      0x1a4 build/usb_lib/usb_int.o
 .debug_loc     0x00009880      0x7b8 build/usb_lib/usb_core.o
 .debug_loc     0x0000a038      0x293 build/usb_lib/usb_mem.o

.debug_macinfo
 *(.debug_macinfo)

.debug_weaknames
 *(.debug_weaknames)

.debug_funcnames
 *(.debug_funcnames)

.debug_typenames
 *(.debug_typenames)

.debug_varnames
 *(.debug_varnames)
OUTPUT(build/enclave_stage1.elf elf32-littlearm)

.debug_ranges   0x00000000      0xf30
 .debug_ranges  0x00000000       0x20 build/stm32_lib/c_only_startup.o
 .debug_ranges  0x00000020      0x110 build/usb.o
 .debug_ranges  0x00000130       0x28 build/main.o
 .debug_ranges  0x00000158       0xf8 build/hardware.o
 .debug_ranges  0x00000250       0x78 build/dfu.o
 .debug_ranges  0x000002c8       0x90 build/25519/c25519.o
 .debug_ranges  0x00000358       0xa8 build/25519/ed25519.o
 .debug_ranges  0x00000400       0x98 build/25519/edsign.o
 .debug_ranges  0x00000498      0x1b0 build/25519/f25519.o
 .debug_ranges  0x00000648      0x1b8 build/25519/fprime.o
 .debug_ranges  0x00000800       0x38 build/25519/morph25519.o
 .debug_ranges  0x00000838       0x98 build/25519/sha256.o
 .debug_ranges  0x000008d0      0x270 build/25519/sha512.o
 .debug_ranges  0x00000b40       0x20 build/base64/cdecode.o
 .debug_ranges  0x00000b60       0x28 build/base64/cencode.o
 .debug_ranges  0x00000b88       0x18 build/image.o
 .debug_ranges  0x00000ba0      0x290 build/usb_lib/usb_regs.o
 .debug_ranges  0x00000e30       0x18 build/usb_lib/usb_int.o
 .debug_ranges  0x00000e48       0x10 build/usb_lib/usb_init.o
 .debug_ranges  0x00000e58       0xc0 build/usb_lib/usb_core.o
 .debug_ranges  0x00000f18       0x18 build/usb_lib/usb_mem.o

Cross Reference Table

Symbol                                            File
ADC1_2_IRQHandler                                 build/stm32_lib/c_only_startup.o
BusFault_Handler                                  build/stm32_lib/c_only_startup.o
ByteSwap                                          build/usb_lib/usb_regs.o
CAN1_RX1_IRQHandler                               build/stm32_lib/c_only_startup.o
CAN1_SCE_IRQHandler                               build/stm32_lib/c_only_startup.o
CHARS_PER_LINE                                    build/base64/cencode.o
CTR_HP                                            build/usb_lib/usb_int.o
CTR_LP                                            build/usb_lib/usb_int.o
                                                  build/usb.o
ClearDTOG_RX                                      build/usb_lib/usb_regs.o
                                                  build/usb_lib/usb_core.o
ClearDTOG_TX                                      build/usb_lib/usb_regs.o
                                                  build/usb_lib/usb_core.o
ClearEPDoubleBuff                                 build/usb_lib/usb_regs.o
ClearEP_CTR_RX                                    build/usb_lib/usb_regs.o
ClearEP_CTR_TX                                    build/usb_lib/usb_regs.o
ClearEP_KIND                                      build/usb_lib/usb_regs.o
Clear_Status_Out                                  build/usb_lib/usb_regs.o
                                                  build/usb.o
DMA1_Channel1_IRQHandler                          build/stm32_lib/c_only_startup.o
DMA1_Channel2_IRQHandler                          build/stm32_lib/c_only_startup.o
DMA1_Channel3_IRQHandler                          build/stm32_lib/c_only_startup.o
DMA1_Channel4_IRQHandler                          build/stm32_lib/c_only_startup.o
DMA1_Channel5_IRQHandler                          build/stm32_lib/c_only_startup.o
DMA1_Channel6_IRQHandler                          build/stm32_lib/c_only_startup.o
DMA1_Channel7_IRQHandler                          build/stm32_lib/c_only_startup.o
Data_Mul_MaxPacketSize                            build/usb_lib/usb_core.o
DebugMon_Handler                                  build/stm32_lib/c_only_startup.o
Default_Handler                                   build/stm32_lib/c_only_startup.o
Device_Info                                       build/usb_lib/usb_init.o
Device_Property                                   build/usb.o
                                                  build/usb_lib/usb_core.o
                                                  build/usb_lib/usb_init.o
Device_Table                                      build/usb.o
                                                  build/usb_lib/usb_core.o
EPindex                                           build/usb_lib/usb_init.o
                                                  build/usb_lib/usb_int.o
EXTI0_IRQHandler                                  build/stm32_lib/c_only_startup.o
EXTI15_10_IRQHandler                              build/stm32_lib/c_only_startup.o
EXTI1_IRQHandler                                  build/stm32_lib/c_only_startup.o
EXTI2_IRQHandler                                  build/stm32_lib/c_only_startup.o
EXTI3_IRQHandler                                  build/stm32_lib/c_only_startup.o
EXTI4_IRQHandler                                  build/stm32_lib/c_only_startup.o
EXTI9_5_IRQHandler                                build/stm32_lib/c_only_startup.o
FLASH_IRQHandler                                  build/stm32_lib/c_only_startup.o
FreeUserBuffer                                    build/usb_lib/usb_regs.o
GPIO_AFIODeInit                                   .\libstm32fw.a(stm32f10x_gpio.o)
GPIO_DeInit                                       .\libstm32fw.a(stm32f10x_gpio.o)
GPIO_ETH_MediaInterfaceConfig                     .\libstm32fw.a(stm32f10x_gpio.o)
GPIO_EXTILineConfig                               .\libstm32fw.a(stm32f10x_gpio.o)
GPIO_EventOutputCmd                               .\libstm32fw.a(stm32f10x_gpio.o)
GPIO_EventOutputConfig                            .\libstm32fw.a(stm32f10x_gpio.o)
GPIO_Init                                         .\libstm32fw.a(stm32f10x_gpio.o)
                                                  build/hardware.o
GPIO_PinLockConfig                                .\libstm32fw.a(stm32f10x_gpio.o)
GPIO_PinRemapConfig                               .\libstm32fw.a(stm32f10x_gpio.o)
GPIO_ReadInputData                                .\libstm32fw.a(stm32f10x_gpio.o)
GPIO_ReadInputDataBit                             .\libstm32fw.a(stm32f10x_gpio.o)
GPIO_ReadOutputData                               .\libstm32fw.a(stm32f10x_gpio.o)
GPIO_ReadOutputDataBit                            .\libstm32fw.a(stm32f10x_gpio.o)
GPIO_ResetBits                                    .\libstm32fw.a(stm32f10x_gpio.o)
GPIO_SetBits                                      .\libstm32fw.a(stm32f10x_gpio.o)
GPIO_StructInit                                   .\libstm32fw.a(stm32f10x_gpio.o)
GPIO_Write                                        .\libstm32fw.a(stm32f10x_gpio.o)
GPIO_WriteBit                                     .\libstm32fw.a(stm32f10x_gpio.o)
GetBTABLE                                         build/usb_lib/usb_regs.o
GetCNTR                                           build/usb_lib/usb_regs.o
GetDADDR                                          build/usb_lib/usb_regs.o
GetENDPOINT                                       build/usb_lib/usb_regs.o
GetEPAddress                                      build/usb_lib/usb_regs.o
GetEPDblBuf0Addr                                  build/usb_lib/usb_regs.o
GetEPDblBuf0Count                                 build/usb_lib/usb_regs.o
GetEPDblBuf1Addr                                  build/usb_lib/usb_regs.o
GetEPDblBuf1Count                                 build/usb_lib/usb_regs.o
GetEPDblBufDir                                    build/usb_lib/usb_regs.o
GetEPRxAddr                                       build/usb_lib/usb_regs.o
                                                  build/usb_lib/usb_core.o
GetEPRxCount                                      build/usb_lib/usb_regs.o
GetEPRxStatus                                     build/usb_lib/usb_regs.o
GetEPTxAddr                                       build/usb_lib/usb_regs.o
                                                  build/usb_lib/usb_core.o
GetEPTxCount                                      build/usb_lib/usb_regs.o
GetEPTxStatus                                     build/usb_lib/usb_regs.o
GetEPType                                         build/usb_lib/usb_regs.o
GetFNR                                            build/usb_lib/usb_regs.o
GetISTR                                           build/usb_lib/usb_regs.o
GetRxStallStatus                                  build/usb_lib/usb_regs.o
GetTxStallStatus                                  build/usb_lib/usb_regs.o
HardFault_Handler                                 build/stm32_lib/c_only_startup.o
I2C1_ER_IRQHandler                                build/stm32_lib/c_only_startup.o
I2C1_EV_IRQHandler                                build/stm32_lib/c_only_startup.o
I2C2_ER_IRQHandler                                build/stm32_lib/c_only_startup.o
I2C2_EV_IRQHandler                                build/stm32_lib/c_only_startup.o
In0_Process                                       build/usb_lib/usb_core.o
                                                  build/usb_lib/usb_int.o
MemManage_Handler                                 build/stm32_lib/c_only_startup.o
NMI_Handler                                       build/stm32_lib/c_only_startup.o
NOP_Process                                       build/usb_lib/usb_core.o
Out0_Process                                      build/usb_lib/usb_core.o
                                                  build/usb_lib/usb_int.o
PMAToUserBufferCopy                               build/usb_lib/usb_mem.o
                                                  build/usb_lib/usb_core.o
PVD_IRQHandler                                    build/stm32_lib/c_only_startup.o
PendSV_Handler                                    build/stm32_lib/c_only_startup.o
Post0_Process                                     build/usb_lib/usb_core.o
RCC_ADCCLKConfig                                  .\libstm32fw.a(stm32f10x_rcc.o)
RCC_AHBPeriphClockCmd                             .\libstm32fw.a(stm32f10x_rcc.o)
RCC_APB1PeriphClockCmd                            .\libstm32fw.a(stm32f10x_rcc.o)
RCC_APB1PeriphResetCmd                            .\libstm32fw.a(stm32f10x_rcc.o)
                                                  .\libstm32fw.a(stm32f10x_usart.o)
RCC_APB2PeriphClockCmd                            .\libstm32fw.a(stm32f10x_rcc.o)
                                                  build/hardware.o
RCC_APB2PeriphResetCmd                            .\libstm32fw.a(stm32f10x_rcc.o)
                                                  .\libstm32fw.a(stm32f10x_usart.o)
                                                  .\libstm32fw.a(stm32f10x_gpio.o)
RCC_AdjustHSICalibrationValue                     .\libstm32fw.a(stm32f10x_rcc.o)
RCC_BackupResetCmd                                .\libstm32fw.a(stm32f10x_rcc.o)
RCC_ClearFlag                                     .\libstm32fw.a(stm32f10x_rcc.o)
RCC_ClearITPendingBit                             .\libstm32fw.a(stm32f10x_rcc.o)
RCC_ClockSecuritySystemCmd                        .\libstm32fw.a(stm32f10x_rcc.o)
RCC_DeInit                                        .\libstm32fw.a(stm32f10x_rcc.o)
RCC_GetClocksFreq                                 .\libstm32fw.a(stm32f10x_rcc.o)
                                                  .\libstm32fw.a(stm32f10x_usart.o)
RCC_GetFlagStatus                                 .\libstm32fw.a(stm32f10x_rcc.o)
RCC_GetITStatus                                   .\libstm32fw.a(stm32f10x_rcc.o)
RCC_GetSYSCLKSource                               .\libstm32fw.a(stm32f10x_rcc.o)
RCC_HCLKConfig                                    .\libstm32fw.a(stm32f10x_rcc.o)
RCC_HSEConfig                                     .\libstm32fw.a(stm32f10x_rcc.o)
RCC_HSICmd                                        .\libstm32fw.a(stm32f10x_rcc.o)
RCC_IRQHandler                                    build/stm32_lib/c_only_startup.o
RCC_ITConfig                                      .\libstm32fw.a(stm32f10x_rcc.o)
RCC_LSEConfig                                     .\libstm32fw.a(stm32f10x_rcc.o)
RCC_LSICmd                                        .\libstm32fw.a(stm32f10x_rcc.o)
RCC_MCOConfig                                     .\libstm32fw.a(stm32f10x_rcc.o)
RCC_PCLK1Config                                   .\libstm32fw.a(stm32f10x_rcc.o)
RCC_PCLK2Config                                   .\libstm32fw.a(stm32f10x_rcc.o)
RCC_PLLCmd                                        .\libstm32fw.a(stm32f10x_rcc.o)
RCC_PLLConfig                                     .\libstm32fw.a(stm32f10x_rcc.o)
RCC_RTCCLKCmd                                     .\libstm32fw.a(stm32f10x_rcc.o)
RCC_RTCCLKConfig                                  .\libstm32fw.a(stm32f10x_rcc.o)
RCC_SYSCLKConfig                                  .\libstm32fw.a(stm32f10x_rcc.o)
RCC_USBCLKConfig                                  .\libstm32fw.a(stm32f10x_rcc.o)
RCC_WaitForHSEStartUp                             .\libstm32fw.a(stm32f10x_rcc.o)
RTCAlarm_IRQHandler                               build/stm32_lib/c_only_startup.o
RTC_IRQHandler                                    build/stm32_lib/c_only_startup.o
Reset_Handler                                     build/stm32_lib/c_only_startup.o
ResumeS                                           build/usb.o
SPI1_IRQHandler                                   build/stm32_lib/c_only_startup.o
SPI2_IRQHandler                                   build/stm32_lib/c_only_startup.o
SVC_Handler                                       build/stm32_lib/c_only_startup.o
SaveRState                                        build/usb_lib/usb_core.o
                                                  build/usb_lib/usb_int.o
SaveState                                         build/usb_lib/usb_init.o
SaveTState                                        build/usb_lib/usb_core.o
                                                  build/usb_lib/usb_int.o
SetBTABLE                                         build/usb_lib/usb_regs.o
SetCNTR                                           build/usb_lib/usb_regs.o
SetDADDR                                          build/usb_lib/usb_regs.o
SetDeviceAddress                                  build/usb_lib/usb_core.o
                                                  build/usb.o
SetDouBleBuffEPStall                              build/usb_lib/usb_regs.o
SetENDPOINT                                       build/usb_lib/usb_regs.o
SetEPAddress                                      build/usb_lib/usb_regs.o
SetEPCountRxReg                                   build/usb_lib/usb_regs.o
SetEPDblBuf0Addr                                  build/usb_lib/usb_regs.o
SetEPDblBuf0Count                                 build/usb_lib/usb_regs.o
SetEPDblBuf1Addr                                  build/usb_lib/usb_regs.o
SetEPDblBuf1Count                                 build/usb_lib/usb_regs.o
SetEPDblBuffAddr                                  build/usb_lib/usb_regs.o
SetEPDblBuffCount                                 build/usb_lib/usb_regs.o
SetEPDoubleBuff                                   build/usb_lib/usb_regs.o
SetEPRxAddr                                       build/usb_lib/usb_regs.o
SetEPRxCount                                      build/usb_lib/usb_regs.o
                                                  build/usb_lib/usb_core.o
                                                  build/usb.o
SetEPRxStatus                                     build/usb_lib/usb_regs.o
SetEPRxValid                                      build/usb_lib/usb_regs.o
                                                  build/usb.o
SetEPTxAddr                                       build/usb_lib/usb_regs.o
SetEPTxCount                                      build/usb_lib/usb_regs.o
                                                  build/usb_lib/usb_core.o
SetEPTxStatus                                     build/usb_lib/usb_regs.o
                                                  build/usb_lib/usb_core.o
SetEPTxValid                                      build/usb_lib/usb_regs.o
SetEPType                                         build/usb_lib/usb_regs.o
SetEP_KIND                                        build/usb_lib/usb_regs.o
SetISTR                                           build/usb_lib/usb_regs.o
Set_Status_Out                                    build/usb_lib/usb_regs.o
Setup0_Process                                    build/usb_lib/usb_core.o
                                                  build/usb_lib/usb_int.o
Standard_ClearFeature                             build/usb_lib/usb_core.o
Standard_GetConfiguration                         build/usb_lib/usb_core.o
Standard_GetDescriptorData                        build/usb_lib/usb_core.o
                                                  build/usb.o
Standard_GetInterface                             build/usb_lib/usb_core.o
Standard_GetStatus                                build/usb_lib/usb_core.o
Standard_SetConfiguration                         build/usb_lib/usb_core.o
Standard_SetDeviceFeature                         build/usb_lib/usb_core.o
Standard_SetEndPointFeature                       build/usb_lib/usb_core.o
Standard_SetInterface                             build/usb_lib/usb_core.o
StatusInfo                                        build/usb_lib/usb_core.o
SysTick_Handler                                   build/stm32_lib/c_only_startup.o
SystemInit_ExtMemCtl_Dummy                        build/stm32_lib/c_only_startup.o
TAMPER_IRQHandler                                 build/stm32_lib/c_only_startup.o
TIM1_BRK_IRQHandler                               build/stm32_lib/c_only_startup.o
TIM1_CC_IRQHandler                                build/stm32_lib/c_only_startup.o
TIM1_TRG_COM_IRQHandler                           build/stm32_lib/c_only_startup.o
TIM1_UP_IRQHandler                                build/stm32_lib/c_only_startup.o
TIM2_IRQHandler                                   build/stm32_lib/c_only_startup.o
TIM3_IRQHandler                                   build/stm32_lib/c_only_startup.o
TIM4_IRQHandler                                   build/stm32_lib/c_only_startup.o
ToWord                                            build/usb_lib/usb_regs.o
ToggleDTOG_RX                                     build/usb_lib/usb_regs.o
ToggleDTOG_TX                                     build/usb_lib/usb_regs.o
USART1_IRQHandler                                 build/stm32_lib/c_only_startup.o
USART2_IRQHandler                                 build/stm32_lib/c_only_startup.o
USART3_IRQHandler                                 build/stm32_lib/c_only_startup.o
USART_ClearFlag                                   .\libstm32fw.a(stm32f10x_usart.o)